{"data":[["RwQ9CW0M+v8LAAUARv9/AZ78","0wEIBxEOBwAOABEAfP8SAAbz","y/vTBRkONwAXABIAAv3IAZz8","FfEEBSoB/P/2/xgA8/uNAjAA","vvlnBf/xLwARABgA7//KAYAC","3v8LBOHvOgAJABQAkgFpAVIC","FwKuBHzwOgD7/wIA1wF5AZIC","LQRuBdXwSADO/xEAfQH4AC0C"],["RwQ9CW0M+v8LAAUAQ/9/AZ78","0wEIBxEOBwAOABEAfP8QABbz","y/vTBRkONwAXABIAAv3DAav8","yvAoBR8B/f8JAAgA8/uNAjAA","s/knBbjxNwAKABQA7//KAYAC","vv/MA33wMQALABUAkAFpAVIC","swGoBG/xMQAJAP//1wF1AaIC","EwTaBATxJgDc/wcAgAH4AC0C"],["dQSbCEMM6/8ZAAwAQ/+FAaj8","AQKoBk8O6f8IAB4AeP8QABbz","Cfz8BWQOHAAXABIAAP3DAav8","yvAoBR8B/f8JAAgA8/uRAjIA","y/moBQ3yNwD6/xIA7//UAX4C","vv/MA33wMQALABUAkAFlAU4C","swGoBG/xMQAJAP//2AF1AaIC","EwTaBATxJgDc/wcAgAH7ACgC"],["dQSbCEMM6/8ZAAwARv+FAaj8","sgEPByoOMAALAAwAeP8cAAXz","3vvBBcQNVAAPABgAAP3DAav8","DvERBVEB7P/9/yQA+PuRAjIA","y/moBQ3yLwD6/xIA7//UAX4C","3v/YA8vvJAAPAAoAlQFlAU4C","/gFgBMrwFwD6//v/2AF1AaIC","JARcBbrwPADO/w0AgAH7ACgC"],["aAShCEAMNQAIAAAARv+FAaj8","sgEPByoOMAALAAwAf/8cAAXz","3vvBBcQNVAAPABgAAP3BAaX8","DvERBVEB7P/9/yQA+PuRAjIA","0vkABbXxNwAcABEA7//QAYAC","q/+mAyrwPgAIABkAlQFhAVEC","0wGfBBHxRgAEAAcA2AFvAZ8C","JARcBbrwPADO/w0AgAH7ACgC"]],"packets":5,"timestamp":19528518,"diffrence":20017,"freq":50}
{"data":[["KgTnCLsM4P8pAAsARv+CAaf8","IwIeBx0O7f8TAB8Af/8cAAXz","DfwrBosOFwASABcA//zBAaX8","1PD9BPQA/f8IAAIA+PuJAjEA","0vkABbXxNwAcABEA7f/QAYAC","q/+mAyrwPgAIABkAkgFhAVEC","0wGfBBHxRgAEAAcA2AFvAZ8C","MATzBArxPQDa/w0AgAH1ACUC"],["KgTnCLsM4P8pAAsASf+CAaf8","IwIeBx0O7f8TAB8Af/8ZAALz","DfwrBosOFwASABcA//zLAaL8","2vAsBW0B9P/6/ycA8/uJAjEA","zfmiBcjxLADt/xUA7f/QAYAC","0f/cAzLwJwASAAwAkgFhAVEC","ywF/BDHxIgAAAP3/2AFwAZ8C","MATzBArxPQDa/w0AhAH1ACUC"],["mQSBCO4LMwDt/wAASf9/Aan8","jQHYBs4OEAABAA0Af/8ZAALz","D/z2BYANSgAgABoABP3LAaL8","2vAsBW0B9P/6/ycA8/uMAjQA","zfmiBcjxLADt/xUA7f/TAXoC","0f/cAzLwJwASAAwAkgFiAUoC","ywF/BDHxIgAAAP3/1wFwAZ8C","BwRDBcLwOADU/wsAhAH3ADYC"],["mQSBCO4LMwDt/wAAQv9/Aan8","FgI6B/kNHAD+/w4Af/8cAAXz","9vv8BVwOPQAiABYABP3EAaf8","BfHlBOYA9f/3/xoA8vuMAjQA","w/liBfDxNQASABUA7f/TAXoC","0/+sA+7vMwAEABgAkAFiAUoC","/QFlBNvwOQD7/wMA1wFwAZ8C","FQTdBAnxOwDQ/w0AggH3ADYC"]],"packets":4,"timestamp":19552091,"diffrence":20028,"freq":50}
{"data":[["PQRwCI0M+P8jAAMAQv9/Aan8","FgI6B/kNHAD+/w4Agv8cAAXz","9vv8BVwOPQAiABYAA/3EAaf8","BfHlBOYA9f/3/xoA8vuMAjQA","5vktBZ3xIQDz/x4A7f/NAYQC","x//MAzTwMAAIABYAkAFjAVQC","2gGWBOnwMAABAP//1wFyAZ8C","FQTdBAnxOwDQ/w0AggH3ADYC"],["MQQECVcMIQABAAAAQv+LAab8","0AEaB3AO8/8XABIAgv8gAAvz","+/sMBukNKwAKABIAA/3EAaf8","4fAGBVYBBwAGABkA8vuIAioA","5vktBZ3xIQDz/x4A5f/NAYQC","x//MAzTwMAAIABYAmQFjAVQC","2gGWBOnwMAABAP//3QFyAZ8C","CgQsBe7wOwDX/wwAggH4ADEC"],["MQQECVcMIQABAAAAO/+LAab8","0AEaB3AO8/8XABIAhf8gAAvz","+/sMBukNKwAKABIAA/3CAZ/8","vfADBTEB8f///ykA+vuIAioA","3fmIBdbxLgAFABcA5f/NAYQC","3f/iAx3wJwAGABUAmQFjAVQC","8wFxBN7wLwD+/wEA3QF1AZ8C","CgQsBe7wOwDX/wwAhgH4ADEC"],["iQRlCDIMCAAJAP7/O/+JAZ78","vgHXBmwOJQD6/woAhf8gAAvz","H/zdBeQNUwAlABcA//zCAZ/8","vfADBTEB8f///ykA+vuRAjMA","3fmIBdbxLgAFABcA5f/PAX8C","1v+5A/rvOQAMABMAmQFdAUwC","8wFxBN7wLwD+/wEA3AF1AZ8C","AATwBPfwOADS/wkAhgH2ACYC"],["iQRlCDIMCAAJAP7/SP+JAZ78","HwIwByAOGgAFABQAhf8iAAvz","zfv7BVoONgAmABkA//zDAZn8","HPEQBRwB9//6/xgA8PuRAjMA","ovlJBdfxLgD5/xkA6v/PAX8C","1v+5A/rvOQAMABMAmAFdAUwC","9AGDBLvwNwD+/wEA3AFrAaIC","CgQfBerwPQDS/w0AhgH2ACYC"]],"packets":5,"timestamp":19578236,"diffrence":20083,"freq":50}
{"data":[["QwS0CHEMIgAVAP//SP+JAZ78","HwIwByAOGgAFABQAfP8iAAvz","zfv7BVoONgAmABkA/PzDAZn8","HPEQBRwB9//6/xgA8PuRAjMA","GfpfBbrxKQABABkA6v/LAX8C","0f/vA1jwKAAHABMAmAFdAU0C","7AF6BO/wLAADAP//zgFrAaIC","CgQfBerwPQDS/w0AhgH2ACYC"],["KgTqCHUMEwAJAAUASP+AAaj8","wwH/BjgOBQAZABEAfP8eAAfz","CPzgBQUONQAKABQA/Py+Aar8","tPD6BCsB/v8EACIA8PuQAi4A","GfpfBbrxKQABABkA5f/LAX8C","0f/vA1jwKAAHABMAlAFdAU0C","7AF6BO/wLAADAP//zgFrAaIC","DgQVBQTxKwDV/wgAhgH4ACQC"],["KgTqCHUMEwAJAAUAQP+AAaj8","wwH/BjgOBQAZABEAf/8eAAfz","CPzgBQUONQAKABQAAv2+Aar8","8vArBUgB/v/u/xoA8PuQAi4A","fvlhBdPxMQAEABYA5f/PAYsC","4P+yA+zvLQAJABQAlAFdAU0C","4gGJBObwMwD//wIAzgFvAZYC","DgQVBQTxKwDV/wgAfQH4ACQC"],["gwRYCDkMBgAJAAUAQP+NAZr8","wAHTBoAOGgACABUAf/8eAAfz","5vvrBe4NOQAnABoAAv2+Aar8","8vArBUgB8P/u/xoA8PuKAjAA","fvlhBdPxMQAEABYA5//PAYsC","0P/eAzHwNgANABAAlAFjAVYC","4gGJBObwMwD//wIA1gFvAZYC","+wMEBePwQADR/w4AfQH4ACsC"],["gwRYCDkMBgAJAAUARf+NAZr8","DAI7B/ENAgAFABYAf/8dAA3z","2PvuBXIONgAbABIAAv3EAaj8","8fDwBP4A+v8GABwA8/uKAjAA","+vllBfPxKwD7/xQA5//PAYsC","0P/eAzHwNgANABAAjwFjAVYC","7QFiBMvwLQABAP7/1gFuAZwC","BwQSBefwMADS/woAggH4ACsC"]],"packets":5,"timestamp":19603049,"diffrence":20026,"freq":50}
{"data":[["OwToCGkMEQAZAAQARf+PAaH8","DAI7B/ENAgAFABYAhP8dAA3z","2PvuBXIONgAbABIA+fzEAaj8","8fDwBP4A+v8GABwA8/uKAjAA","u/lUBaPxMQAKABgA5//LAYUC","2P/SAx7wKgAJABYAjwFmAVkC","4QGLBOLwNwAEAAIA0gFuAZwC","BwQSBefwMADS/woAggH4ACsC"],["UQTICHEM9v8OAAUAOP+PAaH8","0gH4BmAO/P8UABgAhP8eAAnz","Bfz3BQQOLQAJABQA+fzFAZv8","0fAdBUsB/f8BABYA8/uLAi4A","u/lUBaPxMQAKABgA6v/LAYUC","2P/SAx7wKgAJABYAlAFmAVkC","4QGLBOLwNwAEAAIA0gFuAZwC","FAQYBfDwQADT/w4AggHxACQC"],["UQTICHEM9v8OAAUAOP+PAaH8","0gH4BmAO/P8UABgAif8eAAnz","Bfz3BQQOLQAJABQAAP3FAZv8","0fAdBUsB/f8BABYA9/uLAi4A","1vlZBdrxLwAGABQA6v/KAXwC","3P/NAxjwMgALABQAlAFmAVkC","4wGABPPwMAD//wEA0gF1AaEC","FAQYBfDwQADT/w4AhQHxACQC"],["eQSJCDcMFgARAAYAOP+OAab8","zAHqBkQOEQAHABIAif8eAAnz","/fvtBQgOOgAYABQAAP3FAZv8","zPAQBToB9////x0A9/uJAi8A","1vlZBdrxLwAGABQA7//KAXwC","2P/NAxPwOAAKABMAlAFpAVMC","4wGABPPwMAD//wEAzwF1AaEC","BAQHBejwNQDT/wsAhQHxACkC"],["eQSJCDcMFgARAAYAO/+OAab8","+gEYBw4OBgALABUAif8ZAAjz","zvvuBVcONQAdABQAAP3HAaH8","DvECBQ4B+P/z/xgA8fuJAi8A","sflzBdTxMwANABMA7//KAXwC","2P/NAxPwOAAKABMAlQFpAVMC","8wFuBNLwMQD+/wAAzwFzAZgC","CgQMBf7wPADS/w4AggHxACkC"]],"packets":5,"timestamp":19628341,"diffrence":20008,"freq":50}
{"data":[["NAS8CGwMAQAPAAcAO/+NAaP8","+gEYBw4OBgALABUAfv8ZAAjz","zvvuBVcONQAdABQAAP3HAaH8","DvECBQ4B+P/z/xgA8fuJAi8A","+Pk7BdPxMwAGABcA7//SAXMC","yv/gAzTwNAAMABYAlQFkAVIC","5QGJBOHwNQADAAAA1QFzAZgC","CgQMBf7wPADS/w4AggHxACkC"],["TgTXCFcM//8MAAoAQf+NAaP8","zgEHB0kO9v8QABcAfv8aAALz","8vvyBQUOJwAUABAAAP3HAaH8","5vARBSwB+////xAA8fuFAiwA","+Pk7BdPxMwAGABcA7v/SAXMC","yv/gAzTwNAAMABYAkQFkAVIC","5QGJBOHwNQADAAAA1QFzAZgC","DgQgBezwPADX/w0AggH6ACkC"],["TgTXCFcM//8MAAoAQf+NAaP8","zgEHB0kO9v8QABcAg/8aAALz","8vvyBQUOJwAUABAA/PzHAaH8","5vARBSwB+////xAA8fuFAiwA","r/lxBdHxMAANABIA7v/KAX4C","3v/CAwTwMAAJABQAkQFfAVsC","4gGEBOjwLwABAP//1QF0AZQC","DgQgBezwPADX/w0AgAH6ACkC"],["bASMCEEMCwAWAAYAQf+MAaX8","0gHnBkMODQAJABQAg/8aAALz","//v0BQwOOQAVABgA/PzBAZT8","1vAhBTkB8P///xcA8fuIAjEA","r/lxBdHxMAANABIA6v/KAX4C","zv/KAyDwMQALABEAlAFfAVsC","4gGEBOjwLwABAP//0wF0AZQC","BQQEBejwNADV/wkAgAHxACgC"],["bASMCEEMCwAWAAYAPv+MAaX8","/gEPBwoOBAAIABUAg/8nAAzz","6/v/BUsOMAARABUA/PzBAZT8","//AWBRoB+P8FABUA8/uIAjEA","zPlhBdjxNQAAABIA6v/KAX4C","zv/KAyDwMQALABEAlAFfAVsC","7AF2BNbwLQD+/wAA0wFtAZYC","CwQZBd3wOADS/wkAgAHxACgC"]],"packets":5,"timestamp":19653247,"diffrence":20003,"freq":50}
{"data":[["QQSwCGQMBgAXAAUAPv+IAZT8","/gEPBwoOBAAIABUAhf8nAAzz","6/v/BUsOMAARABUA/PzBAZT8","//AWBRoB+P8FABUA8/uIAjEA","3flVBcjxLgAKABYA6v/FAXwC","2//YAxXwLwAGABUAlAFeAVMC","7AF2BNbwLQD+/wAA1gFtAZYC","CwQZBd3wOADS/wkAgAHxACgC"],["SwTdCGEMCAAHAAQAQP+IAZT8","4QEYBy4O//8OABQAhf8mABDz","+/v5BQgOMAATABUA/PzGAaT8","4fAVBTQB/P/9/xgA8/uSAi0A","3flVBcjxLgAKABYA7f/FAXwC","1f/PAxXwNAAIABYAmAFeAVMC","6QGHBNTwOQACAAIA1gFsAZcC","DQQXBfXwPwDU/wwAgAHwABwC"],["SwTdCGEMCAAHAAQAQP+IAZT8","4QEYBy4O//8OABQAev8mABDz","+/v5BQgOMAATABUA+vzGAaT8","4fAVBTQB/P/9/xgA7PuSAi0A","0fllBdzxLgAGABUA7f/PAYAC","1f/PAxXwNAAIABYAmAFYAU8C","5gGABN7wMgAAAAAAzwFsAZcC","DQQXBfXwPwDU/wwAewHwABwC"],["ZwSbCDsMBwAMAAMAQP+JAZr8","ygHmBkkOBwACABIAev8mABDz","8vvpBQEOOgAgABQA+vzKAZv8","6PAaBSwB+P/2/x0A7PuJAisA","0fllBdzxLgAGABUA5v/PAYAC","1v/JAxbwMgAIABUAlAFYAU8C","5gGABN7wMgAAAAAAzwFsAZcC","DwQPBfXwOgDR/wsAewHwACcC"]],"packets":4,"timestamp":19676575,"diffrence":20001,"freq":50}
{"data":[["ZwSbCDsMBwAMAAMAPP+JAZr8","4wH/BhMODQAIABMAev8jABLz","2/vwBS4OOAAXABQA9fzKAZv8","BvEGBRkB+//6/xsA9/uJAisA","s/ldBd/xLgAIABUA5v/RAYEC","1v/JAxbwMgAIABUAlAFYAU8C","5QF6BNvwLgD9/wIAzwFsAY4C","CQQLBfjwOADT/wwAgAHwACcC"],["RASgCGAMDwAOAAMAPP+FAZ/8","4wH/BhMODQAIABMAd/8jABLz","2/vwBS4OOAAXABQA9fzKAaP8","BvEGBRkB+//6/xsA9/uJAisA","4flYBdXxLgD8/xcA7//RAYEC","1f/SAyLwLgAHABUAlAFaAU8C","5QF6BNvwLgD9/wIA1QFsAY4C","CQQLBfjwOADT/wwAgAHwACcC"],["SwTcCGIMCgARAAMAOv+FAZ/8","4AEWByQOBAAOABUAd/8mAA3z","+fv3BSEONwASABIA+/zKAaP8","5/ANBSsB+v8HABoA9/uQAh0A","4flYBdXxLgD8/xcA7//RAYEC","2f/SAwvwMQAHABIAkQFaAU8C","6gGABNXwMwADAP3/1QFsAZYC","CQQjBejwOQDX/w4AgAHyACoC"],["SwTcCGIMCgARAAMAOv97AaH8","4AEWByQOBAAOABUAe/8mAA3z","+fv3BSEONwASABIA+/zKAaP8","5/ANBSsB+v8HABoA8vuQAh0A","w/leBcjxMAADABUA7//KAYMC","2f/SAwvwMQAHABIAkQFdAVMC","5QGHBOXwLgABAP7/1QFsAZYC","CQQjBejwOQDX/w4AfAHyACoC"],["dwSnCEMMFAAQAAMAP/97AaH8","6AH5BkoOEAAJABMAe/8mAA3z","A/z0BQ8OPAAcABUA+/zBAab8","2/AiBT4B9f///xkA8vuNAiMA","w/leBcjxMAADABUA6//KAYMC","1//PAx/wLgAIABMAkAFdAVMC","5QGHBOXwLgABAP7/1QFsAZYC","BQQDBfPwNwDV/w4AfAHwACwC"]],"packets":5,"timestamp":19700873,"diffrence":20007,"freq":50}
{"data":[["UgSlCGQMFAAPAAIAP/97AaH8","6AH5BkoOEAAJABMAe/8iABDz","8/v0BS8OPAAeABIAAv3BAab8","6vATBSQB9//6/xwA8fuNAiMA","xfluBdrxLQD//xcA6//XAYMC","1//PAx/wLgAIABMAkAFdAVMC","6gF8BN/wLgAAAAAA1QFsAZoC","CAQaBfHwOwDT/wsAfwHwACwC"],["UgSlCGQMEgAPAAIAP/+CAaj8","2wH5BjIOEAAIABAAef8iABDz","8/v0BS8OPAAeABIAAv3HAaD8","6vATBSQB9//6/xwA8fuNAiMA","wvlVBc7xMAAEABsA8//XAYMC","1//OAxbwLQAHABQAkAFfAVcC","6gF8BN/wLgAAAAAA2gFsAZoC","CAQaBfHwOwDT/wsAfwHwACwC"],["OgS0CHEMEAAGAAAAPf+CAaj8","4AEGBxsOCAAMABEAef8kAAvz","5vvsBTAONgAZABIA//zHAaD8","+PAGBSAB+f/3/xoA8fuPAigA","wvlVBc7xMAAEABsA8//XAYMC","2f/UAxbwMAALABQAlQFfAVcC","6QGBBN3wNwAAAAMA2gFvAZgC","CgQRBfvwPADT/wwAfwHzACkC"],["OgS0CHEMEAAGAAAAPf+IAZ/8","4AEGBxsOCAAMABEAhP8kAAvz","5vvsBTAONgAZABIA//zJAaT8","+PAGBSAB+f/3/xoA6PuPAigA","3/lXBdjxLQD+/xsA8//YAYAC","2f/UAxbwMAALABQAlQFeAVoC","5gGCBNXwMAAAAAAA0AFvAZgC","CgQRBfvwPADT/wwAgQHzACkC"],["XwS7CEYMDwAJAAMAPv+IAZ/8","1AH9BkoOCgAHABIAhP8kAAvz","7/vlBQUOOgAbABQAA/3JAaT8","6fAJBSwB+f/8/x0A6PuOAiwA","3/lXBdjxLQD+/xsA5//YAYAC","2v/BAxLwMAAJABIAjQFeAVoC","5gGCBNXwMAAAAAAA0AFvAZgC","CgQXBfHwNADV/wwAgQHxACUC"]],"packets":5,"timestamp":19726154,"diffrence":20036,"freq":50}
{"data":[["WgShCGIMDQAQAAMAPv+IAZ/8","1AH9BkoOCgAHABIAhP8iAA7z","6/vpBSsOOQAYABYAA/3JAaT8","6/AOBSwB9v///xkA9/uOAiwA","tPljBdbxLgADABYA5//QAXkC","2v/BAxLwMAAJABIAjQFgAVgC","6AGABNzwKwAAAP//4AFtAZoC","CgQXBfHwNADV/wwAhAHxACUC"],["WgShCGIMDQAQAAMAPv9/AZz8","3gH7BjYOBgAFABQAg/8iAA7z","6/vpBSsOOQAYABYAA/3HAa38","6/AOBSwB9v///xkA9/uOAiwA","yPlhBc3xLwD6/xYA7P/QAXkC","0P/UAyPwMQAJABMAkwFgAVgC","6AGABNzwKwAAAP//4AFtAZoC","CgQMBe3wNwDT/w0AhAHxACUC"],["SQS/CGkMEAATAAIAQv9/AZz8","8AEMBygOCAAJABQAg/8kAAfz","7fv0BTgOMwARABcAAP3HAa38","5fAXBS4B9f8GABkA9/uOAigA","yPlhBc3xLwD6/xYA7P/QAXkC","2v/LAwrwLQAHABIAkwFgAVgC","5wF7BNjwLQAAAAAA4AFsAZUC","CAQYBeXwOQDS/w0AhAHxABwC"],["SQS/CGkMEAATAAIAQv+BAaP8","8AEMBygOCAAJABQAfv8kAAfz","7fv0BTgOMwARABcAAP3FAZr8","5fAXBS4B9f8GABkA9/uOAigA","z/lkBcfxLwAEABcA7P/LAXsC","2v/LAwrwLQAHABIAkwFdAVYC","6QF8BNTwMQABAAEA1AFsAZUC","CAQYBeXwOQDS/w0AfAHxABwC"],["YQTACFgMEAAMAAEAPv+BAaP8","5gEGBzUOCgAHABIAfv8kAAfz","/fvwBSIOOAAXABQABP3FAZr8","1fAVBTUB9P/+/xkA9/uGAi8A","z/lkBcfxLwAEABcA7v/LAXsC","1P/OAxzwMAAKABMAlAFdAVYC","6QF8BNTwMQABAAEA1AF3AZEC","BwQKBfLwOADU/woAfAHxADAC"]],"packets":5,"timestamp":19751123,"diffrence":20002,"freq":50}
{"data":[["VASlCFsMCgALAAUAPv+DAZz8","5gEGBzUOCgAHABIAfv8aAA3z","6vvrBRwONwAdABQABP3FAZr8","6fASBS8B+v/4/xcA8vuGAi8A","wflYBdPxLgADABkA7v/TAX0C","1f/IAxjwMQAHABMAlAFjAV8C","5QF/BNfwMgD//wIA0QF3AZEC","BwQKBfLwOADU/woAeQHxADAC"],["VASlCFsMCgALAAUAPP+DAZz8","2gH7BkoOBgAIABIAgf8aAA3z","6vvrBRwONwAdABQABP3FAaL8","6fASBS8B+v/4/xcA8vuGAi8A","wflYBdPxLgADABkA7//TAX0C","1f/IAxjwMQAHABMAmwFjAV8C","5QF/BNfwMgD//wIA0QF3AZEC","CwQPBfDwOwDU/wwAeQHxADAC"],["QAS4CGcMDAAMAAMAPP+DAZz8","3AECByUOCAANABIAgf8YAA7z","5fvnBSwONQAWABIA/fzFAaL8","8PABBRUB+f/7/xoA8vuRAiYA","yfldBdfxMQAFABYA7//LAYIC","0//RAxzwMAAJABEAmwFjAV8C","7gF9BN/wNAAAAAIA0QF5AZEC","CwQWBfPwOwDT/w0AeQH2ACUC"],["QAS4CGcMDAAMAAMAPP+CAaP8","3AECByUOCAANABIAg/8YAA7z","5fvnBSwONQAWABIA/fzKAZ78","8PABBRUB+f/7/xoA9PuRAiYA","zvlcBdDxMgAGABUA6v/LAYIC","0//RAxzwMAAJABEAmwFhAVsC","6wGDBNPwMgD//wEA0wF5AZEC","CwQWBfPwOwDT/w0AggH2ACUC"],["VAS5CFYMDQAQAAIAM/+CAaP8","5gEDBzgOBQALABQAg/8YAA7z","4/vvBR0OMwAUABUA+/zKAZ78","6/ASBS8B9P/8/xgA9PuOAjAA","zvlcBdDxMgAGABUA6v/LAYIC","1//QAxLwMQAJABIAkgFhAVsC","6wGDBNPwMgD//wEA0wF0AZIC","DQQRBfTwOgDU/wsAggHwAC4C"]],"packets":5,"timestamp":19776049,"diffrence":20023,"freq":50}
{"data":[["WgSrCFQMBwAWAAUAM/+FAZ78","5gEDBzgOBQALABQAg/8kABPz","+/vuBSMOMwAVABUA+/zJAaP8","3fARBTkB9/8BABYA8PuOAjAA","z/lcBc/xMgAHABYA6v/PAYQC","z//MAyHwLgAJABMAkgFjAVEC","7QF4BN7wLAD///z/1QF0AZIC","DQQRBfTwOgDU/wsAgAHwAC4C"],["WgSrCFQMBwAWAAUAOv+FAZ78","5QEDBzwOAQAMABUAg/8kABPz","+/vuBSMOMwAVABUA//zJAaP8","3fARBTkB9/8BABYA8PuOAjAA","z/lcBc/xMgAHABYA6P/PAYQC","z//MAyHwLgAJABMAmQFjAVEC","7QF4BN7wLAD///z/1QF0AZIC","DgQPBe7wNwDW/wsAgAHwAC4C"],["TAS3CGcMCAATAAgAOv+FAZ78","4AH/Bi8OBgAJABIAg/8nAAzz","8/vtBSYONAAUABQA//zJAaP8","5/AXBSoB+P8AABYA8PuMAiYA","v/lmBcnxNQAGABcA6P/OAXQC","3P/OAxfwLwAJABMAmQFjAVEC","6AGCBNPwMwD/////1QF3AZAC","BQQXBevwOwDV/wsAgAHyACwC"],["TAS3CGcMCAATAAgAOv97AZ38","4AH/Bi8OBgAJABIAfP8nAAzz","8/vtBSYONAAUABQA//zIAan8","5/AXBSoB+P8AABYA8PuMAiYA","0/lcBdbxNAAHABcA6v/OAXQC","3P/OAxfwLwAJABMAmQFeAVcC","6gF8BNzwNAD+////0wF3AZAC","BQQXBevwOwDV/wsAgwHyACwC"]],"packets":4,"timestamp":19799507,"diffrence":20148,"freq":50}
{"data":[["SwS3CFQMBwAMAAgAPf97AZ38","5wEFByMOBgAIABIAfP8eABHz","6PvpBSYOMQAWABYAAP3IAan8","7vAPBSYB+v/+/xUA8PuUAisA","0/lcBdbxNAAHABcA6v/OAXQC","2P/KAxnwMwALABEAlAFeAVcC","6gF8BNzwNAD+////0wFyAYMC","BwQMBfnwNADW/wkAgwH5ACsC"],["WASyCEsMBgAPAAgAPf96AZr8","5wEFByMOBgAIABIAff8eABHz","8fvrBQkOMQAXABIAAP3NAa78","9PATBSsB+v/7/xYA9fuUAisA","y/liBdbxMgALABcA6v/NAXsC","0//OAxnwMwAIABIAlAFeAVQC","5wGABODwMwD9/wAA1wFyAYMC","BwQMBfnwNADW/wkAdAH5ACsC"],["WASyCEsMBgAPAAgAQv96AZr8","3AEEBzEOAgALABMAff8eABHz","8fvrBQkOMQAXABIA+vzNAa78","9PATBSsB+v/7/xYA9fuUAisA","y/liBdbxMgALABcA5v/NAXsC","0//OAxnwMwAIABIAjwFeAVQC","5wGABODwMwD9/wAA1wF0AZYC","DAQaBfPwOADV/wsAdAH5ACsC"],["RwS6CGMMAwATAAYAQv96AZr8","1gECBy0OAgAKABUAff8bABTz","7/vvBSAOMwATABMA+vzIAa38","5vAWBSsB9//+/xQA9fuTAiUA","y/lcBdnxMQAHABYA5v/OAX8C","1f/SAxzwNAAIABMAjwFcAWIC","6QGCBOLwNAD//wEA1wF0AZYC","DAQVBe7wOgDV/wwAdAH3ADAC"],["RwS6CGMMAwATAAYAQv+EAZj8","1gECBy0OAgAKABUAg/8bABTz","7/vvBSAOMwATABMABf3IAa38","5vAWBSsB9//+/xQA8fuTAiUA","x/lfBdbxMgACABcA5v/OAX8C","1f/SAxzwNAAIABMAmAFcAWIC","6AF0BNrwLAAAAP3/1wF0AZYC","DAQVBe7wOgDV/wwAfAH3ADAC"]],"packets":5,"timestamp":19825011,"diffrence":20037,"freq":50}
{"data":[["VATDCFEMCAASAAYAQf+EAZj8","5wEGByAOBgAIABYAg/8dAAfz","8fv0BSEOMQASABcABf3IAa38","7fATBScB+P8BABkA8fuOAiwA","x/lfBdbxMgACABcA5v/OAX8C","2P/FAxDwLwAIABIAmAFcAWIC","6AF0BNrwLAAAAP3/1wFxAYcC","DQQJBfHwMwDW/woAfAH7ACEC"],["VgSzCE8MCQAUAAUAQf+HAY/8","5wEGByAOBgAIABYAgf8dAAfz","+fv6BRIOMgAVABYABf3JAaP8","3/ANBTEB/P/9/xkA+PuOAiwA","1flTBdDxMQACABYA5v/GAXgC","1v/EAxPwLAAJABMAmAFfAVAC","6AFzBOHwKQD///7/0wFxAYcC","DQQJBfHwMwDW/woAhAH7ACEC"],["VgSzCE8MCQAUAAUAN/+HAY/8","2wEEBy8OBQANABMAgf8dAAfz","+fv6BRIOMgAVABYA/PzJAaP8","3/ANBTEB/P/9/xkA+PuOAiwA","1flTBdDxMQACABYA3//GAXgC","1v/EAxPwLAAJABMAnQFfAVAC","6AFzBOHwKQD///7/0wF0AY4C","EwQOBevwNgDS/w0AhAH7ACEC"],["TQS5CGMMEAAQAAEAN/+GAZf8","0wEBBzkODQALAA8Agf8bAA/z","8fvyBSIOOgAaABQA/PzEAaD8","4/ALBSkB9v/7/x0A+PuVAjgA","x/lbBdLxLAABABkA3/++AYsC","1f/UAxDwMQAIABQAnQFcAU0C","6AGBBN3wMgD//wAA2QF0AY4C","DQQaBejwQADQ/w8AhAH2ACUC"],["TQS5CGMMEAAQAAEAQv+GAZf8","0wEBBzkODQALAA8Afv8bAA/z","8fvyBSIOOgAaABQA//zEAaD8","4/ALBSkB9v/7/x0A9fuVAjgA","zflkBdjxLgD+/xcA4v++AYsC","1v/bAxrwMwAHABMAjwFcAU0C","5gGGBODwNQD//wAA2QF0AY4C","DQQaBejwQADQ/w8AewH2ACUC"]],"packets":5,"timestamp":19849799,"diffrence":20015,"freq":50}
{"data":[["WAS2CF8MGQAKAP//Qv+GAZf8","5gECBzoOEwAFABIAfv8WAAfz","6fvwBSkOPwAhABcA//zEAaD8","9fASBSMB9P/8/x8A9fuOAiUA","zflkBdjxLgD+/xcA4v/KAXkC","1v/bAxrwMwAHABMAjwFcAU0C","5gGGBODwNQD//wAA2QF2AZMC","DgQVBffwPADO/w4AewHvACMC"],["XgS3CFoMFQAJAAAAQv+FAZT8","5gECBzoOEwAFABIAgv8WAAfz","8fvoBR8OPAAcABUA//y8Aaj8","7PATBSoB+P/8/yAA9PuOAiUA","0vllBdzxLQAAABgA5//KAXkC","3P/WAxzwMwAEABIAjwFhAVgC","4wGDBODwNAD9//7/2wF2AZMC","DgQVBffwPADO/w4AgwHvACMC"],["XgS3CFoMFQAJAAAAN/+FAZT8","5QH+BkUODQAIABMAgv8WAAfz","8fvoBR8OPAAcABUAAf28Aaj8","7PATBSoB+P/8/yAA9PuOAiUA","0vllBdzxLQAAABgA5//KAXkC","3P/WAxzwMwAEABIAkwFhAVgC","4wGDBODwNAD9//7/2wF1AZEC","DQQYBf3wOgDR/w4AgwHvACMC"],["UwSxCGYMCwANAAUAN/+MAZn8","2AEBBzIOBAAGABIAgv8hAArz","8/vyBSMONQASABIAAf29AZ38","4/ANBSkB+/8AABoA9PuIAjAA","yfleBdPxLQD9/xoA5//IAXsC","0v/NAxPwLgAGABQAkwFcAVEC","6gF/BNrwLgD+////2gF1AZEC","BwQNBe7wNgDV/wsAgwH+ADAC"],["UwSxCGYMCwANAAUARP+MAZn8","2AEBBzIOBAAGABIAhf8hAArz","8/vyBSMONQASABIAAP29AZ38","4/ANBSkB+/8AABoA8/uIAjAA","yflRBcrxLQD7/xkA5//IAXsC","1f/LAxTwLQAJABUAlAFcAVEC","5wF5BN3wJwABAAAA2gF1AZEC","BwQNBe7wNgDV/wsAgQH+ADAC"]],"packets":5,"timestamp":19874849,"diffrence":20024,"freq":50}
{"data":[["VwSsCFEMBwAOAAYARP+MAZn8","4wH+BioOAgAIABIAhf8aAAzz","9PvpBSMOMwAUABIAAP3BAaD8","3PAIBS8B+v/9/xkA8/uGAjcA","yflRBcrxLQD7/xkA5//TAXYC","1f/LAxTwLQAJABUAlAFcAVEC","5wF5BN3wJwABAAAA2gFzAY8C","DwQJBeXwNQDT/wsAgQH1ACsC"],["VgTCCE8MDQAOAAUARP+KAZn8","4wH+BioOAgAIABIAgv8aAAzz","7/vvBSMONgAaABQAAP3BAaD8","2/AOBS4B9v/8/xoA9vuGAjcA","yPlZBcvxMAD//xcA5//TAXYC","1//KAxDwMQAJABQAlAFeAVYC","5QF9BNzwLwACAP//2AFzAY8C","DwQJBeXwNQDT/wsAfQH1ACsC"],["VgTCCE8MDQAOAAUAP/+KAZn8","4gH/BkAOBgAKABUAgv8aAAzz","7/vvBSMONgAaABQAAP3BAaD8","2/AOBS4B9v/8/xoA9vuGAjcA","yPlZBcvxMAD//xcA5//TAXYC","1//KAxDwMQAJABQAlQFeAVYC","5QF9BNzwLwACAP//2AFvAYUC","BgQWBe7wNgDV/w0AfQH1ACsC"],["XASvCGEMFAAOAAYAP/+EAZ38","4gH/BkAOBgAKABUAgv8ZABXz","7/vuBS4OOQAfABgAAP2/AZ78","6PAQBSYB8f/5/xoA9vuPAi0A","0flkBdTxMQAAABYA5//JAXsC","1P/PAxbwNAAKABEAlQFcAVMC","6AF+BNnwMAD+////1QFvAYUC","DAQLBfvwNgDQ/w0AfQH4ADAC"],["XASvCGEMFAAOAAYARf+EAZ38","3wEDBzQOEgAMABQAh/8ZABXz","7/vuBS4OOQAfABgA/Py/AZ78","6PAQBSYB8f/5/xoA+PuPAi0A","yPlhBdPxLQAHABQA5v/JAXsC","0//VAxbwNgAKABEAlgFcAVMC","5wGFBODwMgD7/wAA1QFrAYYC","DAQLBfvwNgDQ/w0AewH4ADAC"]],"packets":5,"timestamp":19899812,"diffrence":20042,"freq":50}
{"data":[["VQSqCGUMGgAOAAUARf+BAZn8","1wH8Bj0ODAANABQAh/8bAA3z","5/vrBRYOOgAcABcA/PzHAZr8","6vAcBSgB8f/6/xsA+PuKAjgA","yPlhBdPxLQAHABQA5v/IAYEC","0//VAxbwNgAKABEAlgFcAVMC","5wGFBODwMgD7/wAA1gFrAYYC","CwQYBf7wOQDS/wwAewH5ADIC"],["TQS2CGkMBwARAAQAQ/+BAZn8","1wH8Bj0ODAANABQAgP8bAA3z","5/vrBSUONAAZABEA/fzHAZr8","5/AOBSYB+f///xoA+PuKAjgA","y/leBdnxLwAFABgA7P/IAYEC","0v/XAxXwMAAIABMAlgFhAWAC","4wGDBN7wMAD//wAA1gFrAYYC","CwQYBf7wOQDS/wwAgAH5ADIC"],["TQS2CGkMBwARAAQAQ/+BAZn8","2gH6Bj0O/v8HABUAgP8bAA3z","5/vrBSUONAAZABEA/fzLAab8","5/AOBSYB+f///xoA+PuKAjgA","y/leBdnxLwAFABgA7P/IAYEC","0v/XAxXwMAAIABMAnAFhAWAC","4wGDBN7wMAD//wAA1gFtAY8C","BgQVBfPwNgDV/w0AgAH5ADIC"],["XQS2CFgMAQANAAUAQ/+HAZL8","2gH6Bj0O/v8HABUAgP8dABDz","8vvwBSwONQATABAABv3LAab8","6PAIBSIB+/8DABkA+PuJAjMA","zPlTBdLxLQADABkA7P/OAXkC","3f/MAxnwKwALABUAnAFeAVsC","5wF7BNTwLAACAP7/1wFtAY8C","CQQNBfPwNgDV/wwAgAHwAC4C"],["UgSkCEwMBAASAAMAP/+HAZL8","6wEHBygOAgAIABEAgP8dABDz","8vvwBSwONQATABAABv3LAab8","6PAIBSIB+/8DABkA9vuJAjMA","0flaBcrxMAADABgA5v/OAXkC","2P/OAxjwLQAJABYAmgFeAVsC","5wF+BNfwLAD+/wIA1wFvAYsC","CQQNBezwOADT/wwAgAHwAC4C"]],"packets":5,"timestamp":19924155,"diffrence":20023,"freq":50}
{"data":[["UgSkCEwMBAASAAMAP/+HAZb8","4wEABysOAAANABQAgP8jABXz","+/vtBSAOMgARABUABv3MAa38","3vAKBTkB+v8AABcA9vuHAjAA","0flaBcrxMAADABgA5v/RAX4C","2P/OAxjwLQAJABYAmgFcAVoC","5wF+BNfwLAD+/wIA4AFvAYsC","BwQNBejwOQDS/wwAgAHyACIC"],["SgS1CFoMCgAPAAMAP/+HAZb8","4wEABysOAAANABQAfP8jABXz","8PvlBSYONQAXABkA/PzMAa38","3vAKBTkB+v8AABcA+fuHAjAA","xvleBdTxMgAHABcA7f/RAX4C","2f/LAxLwMwAIABMAmAFcAVoC","6AGABN3wMQD9////4AFvAYsC","BwQNBejwOQDS/wwAggHyACIC"],["SgS1CFoMCgAPAAMAP/+HAZb8","1AH8BjEOCQAOABYAfP8jABXz","8PvlBSYONQAXABkA/PzAAan8","7vAHBS4B9//6/xcA+fuHAjAA","xvleBdTxMgAHABcA7f/RAX4C","3f/SAxfwNwAIABIAmAFcAVoC","6AGABN3wMQD9////4AFuAYsC","CQQUBfjwPADS/wwAggHyACIC"],["VgS5CFUMCgANAAQAP/+GAZL8","1AH8BjEOCQAOABYAfP8ZAAfz","6/vvBSgONAAdABgAAP3AAan8","9/AXBSQB9v/6/xYA+fuKAioA","zPljBd7xNAAIABMA7f/MAYMC","3f/SAxfwNwAIABIAmAFiAV4C","7gGGBN3wNQAAAP//0wFuAYsC","CQQUBfjwPADS/wwAggHyACsC"],["UgSqCFAMBwASAAgAPf+GAZL8","3wEFBzAOBAALABYAfP8ZAAfz","6/vvBSgONAAdABgAAP3AAan8","9/AXBSQB9v/6/xYA9PuKAioA","0/lfBdXxMgAGABMA7v/MAYMC","1//XAx7wMwAJABEAmwFiAV4C","7gGGBN3wNQAAAP//0wFpAZcC","BQQbBfvwOgDU/wsAfQHyACsC"]],"packets":5,"timestamp":19950179,"diffrence":20035,"freq":50}
{"data":[["UgSqCFAMBwASAAgAPf+KAZn8","3AECBzQOAAAKABYAfP8kAAjz","6vvwBRkOMgAaABUAAP3DAa/8","7fAWBS0B9P/9/xUA9PuJAiMA","0/lfBdXxMgAGABMA7v/OAYYC","1//XAx7wMwAJABEAmwFeAVUC","6AGABN7wMAD///7/2wFpAZcC","CwQKBfDwMwDU/wsAfQHyADAC"],["TgSxCFgMCAATAAUAPv+KAZn8","3AECBzQOAAAKABYAgv8kAAjz","7/vsBSEOMgASABMABf3DAa/8","7fAWBS0B9P/9/xUA8/uJAiMA","vvlkBdXxMQADABcA6//OAYYC","3P/SAxfwLgAKABMAmAFeAVUC","5wGCBMnwLAD//wAA2wFvAZQC","CwQKBfDwMwDU/wsAgAHyADAC"],["TgSxCFgMCAATAAUAPv+KAZn8","1wEGBy0OBwAJABQAgv8kAAjz","7/vsBSEOMgASABMABf3KAaH8","5fAXBTIB+f///xcA8/uJAiMA","vvlkBdXxMQADABcA6//HAYUC","1v/QAxzwLgALABUAmAFeAVUC","5wGCBMnwLAD//wAA2wFvAZQC","CQQTBd7wOADX/wwAgAHyADAC"],["WwSvCFUMBQAOAAUAPv+EAZj8","1wEGBy0OBwAJABQAgv8cAAPz","9vv4BSkOMwAUABUA/fzKAaH8","4fAaBSwB+v///xcA8/uDAh8A","yPlWBc7xMQABABYA8P/HAYUC","1v/QAxzwLgALABUAmAFeAVcC","4QGABOHwLgABAP//2wFvAZQC","CQQTBd7wOADX/wwAgAHzAC4C"]],"packets":4,"timestamp":19974148,"diffrence":20047,"freq":50}
{"data":[["WQS/CE8MBwAPAAUAPv+EAZj8","8QECByEOBAAGABMAif8cAAPz","9vv4BSkOMwAUABUA/fzCAZn8","4fAaBSwB+v///xcA//uDAh8A","zvlnBc7xMQABABgA8P/HAYUC","2P/WAxzwMgAJABIAlQFeAVcC","4QGABOHwLgABAP//2wFxAZcC","CQQDBevwOgDV/wsAgwHzAC4C"],["WQS/CE8MBwAPAAUAPv+EAZf8","1wEBBzQODQAKAA8Aif8XAAXz","9/vvBRwOOwAbABQAA/3CAZn8","8PARBTUB9v/7/x0A//uEAigA","zvlnBdPxLgACABgA8P/IAYYC","2P/WAxzwMgAJABIAlQFiAVAC","5wF+BN3wMQD9//7/1QFxAZcC","DQQqBfLwQgDR/w0AgwH0AC0C"],["VgSyCFMMDwAIAAIAPP+EAZf8","1wEBBzQODQAKAA8Ag/8XAAXz","7/v0BR8OOQAbABIAA/3CAZn8","8PARBTUB9v/7/x0A9/uEAigA","y/lbBdzxLQAHABcA6v/IAYYC","1f/UAw7wNAAFABMAlwFiAVAC","5wGIBNzwNgD7/wAA1QF0AZAC","DQQqBfLwQgDR/w0AewH0AC0C"],["VgSyCFMMDwAIAAIAPP+HAZb8","5AEEBy4OAwAKABIAg/8XAAXz","7/v0BR8OOQAbABIAA/3OAaX8","+PAMBScB9//5/xgA9/uEAigA","y/lbBdzxLQAHABcA6v/TAYwC","0//bAxvwMQAIABQAlwFiAVAC","5wGIBNzwNgD7/wAA2AF0AZAC","CwQUBfzwOwDS/w0AewH0AC0C"],["SwS2CFEMCgANAAQAO/+HAZb8","5AEEBy4OAwAKABIAg/8eABLz","6vvuBQsOOAAZABMA/vzOAaX8","8PAUBS4B+P/9/xkA9/uJAiYA","yvleBdPxLAD//xcA7f/TAYwC","0//bAxvwMQAIABQAlwFaAVgC","4wF9BN7wKwD///7/2AF0AZAC","CwQUBfzwOwDS/w0AewH1ADIC"]],"packets":5,"timestamp":19999168,"diffrence":20043,"freq":50}
{"data":[["UATCCE8MEgANAAMAO/+HAZb8","3QEDBzUOCQAKABQAiv8eABLz","6vvuBQsOOAAZABMA/vzHAZn8","8PAUBS4B+P/9/xkA9fuJAiYA","yvleBdPxLAD//xcA7f/TAYwC","0P/KAxXwLQAJABQAjgFaAVgC","4wF9BN7wKwD///7/2AFyAZAC","CgQRBezwMwDT/wkAewH1ADIC"],["UATCCE8MEgANAAMAO/+FAZ38","4gH/BiwOBwAKABUAiv8aAAzz","7vv3BSsONwAXABMABP3HAZn8","4PARBSwB9////xsA9fuIAjAA","xfleBdHxLwD8/xQA7f/OAXwC","0P/KAxXwLQAJABQAjgFWAU4C","5wF5BNTwKAAAAAAA1QFyAZAC","CgQJBd7wMQDW/wsAewHxADIC"],["XQSjCFcMDgASAAEANf+FAZ38","4gH/BiwOBwAKABUAev8aAAzz","+PsABiMOOgAXABYABP3KAaH8","4PARBSwB9////xsA8/uIAjAA","xPlaBc3xLgD7/xgA6v/OAXwC","0P/OAxbwLAAJABAAnQFWAU4C","6AF1BM7wKQD///3/1QF2AZAC","CgQJBd7wMQDW/wsAfQHxADIC"],["XQSjCFcMDgASAAEANf+JAZT8","6gEKBycOEgAIAA8Aev8aAAzz","+PsABiMOOgAXABYAAP3KAaH8","4/ATBTAB+v///xwA8/uIAjAA","xPlaBc3xLgD7/xgA6v/JAYgC","2v/NAxTwKgAGABMAnQFXAVUC","6AF1BM7wKQD///3/1QF2AZAC","DQQGBenwNwDT/woAfQHxADIC"],["UASuCGgMHAANAP7/Pv+JAZT8","6gEKBycOEgAIAA8Aev8fAAjz","9vvvBRgOQwAdABUAAP3KAaH8","3PANBS4B+v/5/yQA8/uIAisA","1vliBczxKwD//xgA6//JAYgC","2v/NAxTwKgAGABMAlAFXAVUC","7QF+BN3wMwD8//7/1QF2AZAC","DQQGBenwNwDT/woAfQHxAC4C"]],"packets":5,"timestamp":20024239,"diffrence":20001,"freq":50}
{"data":[["TwS9CG0MFwAEAP7/Pv+JAZT8","1wEBBzYODwALAA4AgP8fAAjz","9vvvBRgOQwAdABUAAP3HAa78","3PANBS4B+v/5/yQA+/uIAisA","1vliBczxKwD//xgA6//JAYgC","0f/QAxPwNQAHABUAlAFXAVUC","7QF+BN3wMwD8//7/1QF4AYoC","DQQTBfPwPwDP/w0AdwHxAC4C"],["TwS9CG0MFwAEAP7/Pv+KAaX8","zwHxBkUOEAAFAA8AgP8pAAPz","4PvjBSkOQQAkABMAAv3HAa78","7fAOBSAB9//y/x8A+/uDAigA","wPliBd3xLQADABkA6//UAYEC","1P/VAxzwMQAEABYAlAFWAVAC","6gGIBN3wOAD6////1QF4AYoC","BQQUBfrwQADR/wwAdwHxAC0C"],["WwS1CF0MEAAEAAIAQv+KAaX8","zwHxBkUOEAAFAA8Afv8pAAPz","4/vgBSgOPQAcABQAAv3MAaj8","7fAOBSAB9//y/x8A9vuDAigA","0PlXBdnxKQD//xsA6//UAYEC","1P/VAxzwMQAEABYAlwFWAVAC","6gF7BNzwMAD8//3/1QF2AZQC","BQQUBfrwQADR/wwAfQHxAC0C"],["WwS1CF0MEAAEAAIAQv+JAZr8","5gH/Bi4OCgAFABEAfv8gAAjz","4/vgBSgOPQAcABQABf3MAaj8","6PACBR8B/P/6/x0A9vuDAigA","0PlXBdnxKQD//xsA6//PAZUC","2v/MAxLwKwAHABYAlwFgAVQC","6gF7BNzwMAD8//3/zgF2AZQC","CgQUBfPwOQDU/w0AfQHxAC0C"],["UgStCF4MDQAPAAQAR/+JAZr8","5gH/Bi4OCgAFABEAf/8gAAjz","9PvhBSEOOAATABIABf3MAaj8","2fAMBTkB/v8DABkA9vuEAigA","xflWBcXxLAD9/xsA8P/PAZUC","2v/MAxLwKwAHABYAjgFgAVQC","4QGDBNrwLAAAAPz/zgFsAZYC","CgQUBfPwOQDU/w0AfQHvACoC"]],"packets":5,"timestamp":20049491,"diffrence":20009,"freq":50}
{"data":[["VASxCGYMBQAPAAUAR/+JAZr8","4wH+Bj0OAwAHABUAf/8gAAjz","9PvhBSEOOAATABIABf3JAaj8","2fAMBTkB/v8DABkA/PuEAigA","xflWBcXxLAD9/xsA8P/FAYEC","0f/IAxTwKgAGABQAjgFgAVQC","4QGDBNrwLAAAAPz/1AFsAZYC","BwQMBeXwNADX/wwAggHvACoC"],["VASxCGYMBQAPAAUAR/+FAar8","5AH8BjwOCQAHABcAf/8gAAnz","9vvqBUAONQAUABUA+/zJAaj8","2fAFBTQB+P8CABcA/PuBAjEA","yPlVBcHxMgD+/xYA7//FAYEC","1//PAxjwMQAIABIAjgFeAVEC","5wF4BNXwKgAAAP3/1AFsAZYC","DQQJBeLwNQDT/wsAggHnACoC"],["WgSyCFoMDgAPAAMAOv+FAar8","5AH8BjwOCQAHABcAe/8gAAnz","8PvrBScONgAbABgA+/zJAaf8","2fAFBTQB+P8CABcA9vuBAjEA","z/ldBc3xMwAFABQA7//FAYEC","1//PAxjwMQAIABIAkwFeAVEC","5wGCBODwNAD+/wAA1AF0AZwC","DQQJBeLwNQDT/wsAfwHnACoC"],["WgSyCFoMDgAPAAMAOv+IAZX8","4gEABzYOBwALABUAe/8fAAXz","8PvrBScONgAbABgAAP3JAaf8","6/AJBSsB9f/3/xYA9vuBAjEA","z/ldBc3xMwAFABQA7//SAZIC","1//TAxjwOQAIABMAkwFgAVMC","5wGCBODwNAD+/wAA0wF0AZwC","CgQbBfXwQgDN/wwAfwHnACoC"],["VgSuCGoMDwAMAAUAPP+IAZX8","4gEABzYOBwALABUAgP8fAAXz","4fvtBRgOMgAdABkAAP3FAab8","7/AWBR4B9f/0/xMA9vuMAicA","3PlfBdnxNgALABMA5v/SAZIC","1//TAxjwOQAIABMAlgFgAVMC","6wGHBOTwPAD8/wAA0wFuAZgC","CgQbBfXwQgDN/wwAfwHpAC0C"]],"packets":5,"timestamp":20073353,"diffrence":20036,"freq":50}
{"data":[["SwS7CGYMCAAMAAgAPP+QAaH8","0QH/BkIOAQAKABUAgP8fAAXz","4fvtBRgOMgAdABkAAv3FAab8","7/AWBR4B9f/0/xMA9vuMAicA","3PlfBdnxNgALABMA5v/OAYkC","3f/ZAxzwNwAJABMAlgFgAVMC","6wGHBOTwPAD8/wAA1AFuAZgC","DgQbBQHxOwDN/wwAeAHpAC0C"],["SwS7CGYMCAAMAAgAPv+QAaH8","0QH/BkIOAQAKABUAgP8nAArz","2vvsBRoOMAAUABcAAv3FAab8","9vAVBR8B9//6/xIA9vuPAiwA","yfljBd3xNwANABMA6v/OAYkC","0//MAxrwMAAIABQAlgFbAVkC","6gGBBOXwLwD9//3/1AFuAZgC","CgQLBfrwNgDU/woAeAHxACoC"],["UgStCFkM+f8UAAoAPv+QAaH8","2QH1BjoO+P8GABUAff8nAArz","7vv1BSgOKQAJABIAAv3HAaH8","9vAVBR8B9//6/xIA9PuPAiwA","yPlfBdXxNgAHABYA6v/OAYkC","0//MAxrwMAAIABQAjQFbAVkC","7gF+BNfwKwAAAP7/1AFwAY4C","CgQLBfrwNgDU/woAewHxACoC"],["UgStCFkM+f8UAAoAPv+IAaT8","4wEMByQO8v8JABcAff8fABDz","7vv1BSgOKQAJABIA/PzHAaH8","4fAUBSwB+/8HAA0A9PuPAiwA","yPlfBdXxNgAHABYA6v/KAY4C","0//QAxLwMAAKABQAjQFZAV0C","7gF+BNfwKwAAAP7/0wFwAY4C","CgQYBeHwNQDW/wwAewHxACoC"]],"packets":4,"timestamp":20096914,"diffrence":20034,"freq":50}
{"data":[["UgS2CE8M9P8ZAAoAQf+IAaT8","4wEMByQO8v8JABcAgP8fABDz","AfwCBigOKgAIABIA/PzGAaL8","1/AaBToB+P8EABEA9PuMAiwA","yvlfBcDxNwAHABUA6P/KAY4C","0//QAxLwMAAKABQAmAFZAV0C","6wF/BNHwKwACAP//0wFxAY4C","CgQYBeHwNQDW/wwAewHuACsC"],["WQS7CEsMAAAWAAcAQf+KAZ/8","8gENBx4O/v8JABYAgP8fABDz","AfwCBigOKgAIABIA/fzGAaL8","1/AaBToB+P8EABEA7vuMAiwA","yvlfBcDxNwAHABUA6P/PAZAC","1//OAw7wMQAJABMAmAFZAV0C","6wF/BNHwKwACAP//ywFxAY4C","CgQLBeHwOADU/wwAewHuACsC"],["WQS7CEsMAAAWAAcAP/+KAZ/8","8gENBx4O/v8JABYAgP8WAAnz","+/v6BSsONAAVABIA/fzDAab8","3/AXBTUB9v/9/xcA7vuKAjUA","zfljBcvxNgAJABQA8//PAZAC","2//PAxzwNwAHABQAmAFdAU8C","5wF7BN/wLwD+//3/ywFxAY4C","CQQUBfjwOADT/w8AewHrACsC"],["VwS4CFAMDwAPAAYAP/+KAZ/8","4QEFByoOCAAPABMAdP8WAAnz","7PvxBRcONwAeABUAA/3DAab8","3/AXBTUB9v/9/xcA8/uKAjUA","xvloBeDxMgAMABgA8//PAZAC","2//PAxzwNwAHABQAngFdAU8C","7QGEBNzwNwD9////ywFpAaIC","CQQUBfjwPgDT/w8AgwHrACsC"],["SwS3CFsMEAALAAIAP/+QAZr8","0AEDBy4ODAAPABEAdP8eAAHz","7PvxBRcONwAeABUAA/3DAab8","/PAUBSYB9f/0/xoA8/uKAjUA","xvloBeDxMgAMABgA8//LAYoC","3f/SAxPwOAAIABYAngFhAVQC","7QGEBNzwNwD9////1AFpAaIC","CQQcBfzwPwDW/w8AgwHrACsC"]],"packets":5,"timestamp":20121684,"diffrence":20021,"freq":50}
{"data":[["SwS3CFsMEAALAAIANP+QAZr8","0AEDBy4ODAAPABEAfP8eAAHz","5fvwBQgOOQAhABUAA/3KAZ38","APEbBSEB+P/2/xkA8/uMAjEA","zPldBePxLQAGABcA7f/LAYoC","0v/UAxbwMQAJABYAngFhAVQC","7AGIBN3wMwAAAP//1AFvAZ4C","CQQcBfzwPwDW/w8AgwHuACkC"],["RgSxCFIMDAAOAAMANP+MAaT8","3gEEBy0OCAAMABMAfP8eAAHz","5fvwBQgOOQAhABUA//zKAZ38","APEbBSEB+P/2/xkA+PuMAjEA","zPldBePxLQAGABcA7f/JAYcC","0v/UAxbwMQAJABYAngFhAVwC","7AGIBN3wMwAAAP//0AFvAZ4C","CwQSBfXwNwDX/woAhQHuACkC"],["RgSxCFIMDAAOAAMAPf+MAaT8","3gEEBy0OCAAMABMAfP8cAAXz","7/vyBRsOOAAbABQA//zJAaP8","7fAWBS0B+v8CABwA+PuJAicA","yflhBdfxLQD//xgA5//JAYcC","zf/QAxXwJwAIABQAlwFhAVwC","3wF8BNTwKAAEAP7/0AFxAZkC","CwQSBfXwNwDX/woAhQHxACwC"],["VgSyCFMMDgATAAQAPf+IAZX8","5AEGBzAOCwAKABIAeP8cAAXz","/fsABisOOAAVABYAAv3JAaP8","7fAWBS0B+v8CABwA/PuJAicA","w/lfBcXxKwD7/xkA5//DAZAC","zf/QAxXwJwAIABQAlwFhAVwC","5QF6BNDwJwACAP3/1QFxAZkC","CwQOBeHwMwDW/wkAhAHxACwC"],["YAS3CF8MEwATAP//PP+IAZX8","7gEJBycOEAALABIAeP8jAA/z","/fsABisOOAAVABYAAv3JAaP8","4PATBTcB+v8JABwA/PuJAicA","w/lfBcXxKwD7/xkA7//DAZAC","1v/KAxLwKgAHABMAlwFiAVUC","5QF6BNDwJwACAP3/1QFxAZkC","BQQNBdjwOADV/wwAhAHxACwC"]],"packets":5,"timestamp":20146883,"diffrence":20033,"freq":50}
{"data":[["YAS3CF8MEwATAP//PP+IAZX8","7gEJBycOEAALABIAg/8jAA/z","AfzzBSIOQAAXABkAAv3FAaT8","3PATBTwB+v///x8A/PuJAiwA","yflgBcjxKQD7/xsA7//DAZAC","0//RAxnwMwAGABMAlAFiAVUC","4wF7BNPwLgABAP7/1QFvAZsC","BQQNBdjwOADV/wwAhAHyACoC"],["VgS4CGMMGwAIAP3/PP+MAZr8","8AH+BioOFAAKABAAg/8jAA/z","AfzzBSIOQAAXABkA9vzFAaT8","3PATBTwB+v///x8A/PuJAiwA","yflgBcjxKQD7/xsA7//NAYcC","0//RAxnwMwAGABMAlAFgAV0C","4wF7BNPwLgABAP7/1AFvAZsC","CgQQBfLwPwDQ/w4AgQHyACoC"],["VgS4CGMMGwAIAP3/Pf+MAZr8","8AH+BioOFAAKABAAg/8QAATz","8vvmBSQOQwAhABgA9vzDAaH8","6vAOBSkB+P/0/yEA/PuGAioA","y/leBdbxKQD9/xoA7f/NAYcC","1v/VAxfwNAAFABQAlwFgAV0C","6gGBBN7wNgD8/wAA1AF2AZcC","CgQQBfLwPwDQ/w4AgQHsAB4C"],["VwS6CGAMGAAAAAAAPf+IAZz8","1wH5Bj4OEwAJABAAgP8QAATz","3/vlBSoOQAAlABcABP3DAaH8","6vAOBSkB+P/0/yEA8vuGAioA","z/lZBdzxLAD8/xsA7f/JAZAC","1v/VAxfwNAAFABQAlwFgAV0C","6AGFBN3wNAD8/wEA0QF2AZcC","CAQeBfzwQgDN/xAAgAHsAB4C"],["TwSyCGQMEQAEAAMAQf+IAZz8","0wH5Bj8ODgAGABIAgP8iAAHz","3/vlBSoOQAAlABcABP3GAar8","9fAEBR8B+v/1/x0A8vuGAioA","z/lZBdzxLAD8/xsA7v/JAZAC","2//QAxfwMwAGABUAlwFkAVkC","6AGFBN3wNAD8/wEA0QF2AZcC","CgQbBfjwOgDQ/wsAgAHsAB4C"]],"packets":5,"timestamp":20171881,"diffrence":20030,"freq":50}
{"data":[["TwSyCGQMEQAEAAMAQf+IAZz8","0wH5Bj8ODgAGABIAh/8iAAHz","5vvgBSUOOAAaABcA/vzGAar8","4fAFBSUB+v/+/xkA8vuMAi8A","zPlbBdDxLAD6/xgA7v/JAZAC","1v/RAxTwLAAGABMAkwFkAVkC","5QF4BNrwKwD/////0QFqAZwC","CgQbBfjwOgDQ/wsAgAHuACoC"],["WgS5CGAMDQAMAAMAQf+EAZH8","4wH9BkAOCgAHABQAh/8iAAHz","5vvgBSUOOAAaABcA/vzGAar8","4fAFBSUB+v/+/xkAAfyMAi8A","zPlbBdDxLAD6/xgA7v/PAY4C","1v/RAxTwLAAGABMAkwFQAVYC","5QF4BNrwKwD/////0AFqAZwC","DAQQBeTwMgDS/wkAdgHuACoC"],["WgS5CGAMDQAMAAMAQf+EAZH8","4wH9BkAOCgAHABQAh/8iAALz","8fvqBTAONQASABkA/vzEAaj8","0vASBTIB9/8CABYAAfyLAicA","yflcBcTxMAD7/xQA8v/PAY4C","3P/QAxPwLAAGABEAlQFQAVYC","6AF5BNLwKQABAP3/0AFuAZ8C","DAQQBeTwMgDS/wkAdgHwACQC"],["XASzCGAMBgARAAUAQf+EAZ/8","5AH8BjgOBAAIABYAgP8iAALz","+vvvBTEOMgASABUAA/3EAaj8","0vASBTIB9/8CABYA9vuLAicA","yvlfBcHxMAD+/xQA8v/NAYcC","3P/QAxPwLAAGABEAlQFQAVYC","4gF5BNnwLwD//wAA0AFuAZ8C","CgQLBeDwLwDV/woAhQHwACQC"]],"packets":4,"timestamp":20195202,"diffrence":20019,"freq":50}
{"data":[["WASwCGUMCwARAAYAQ/+EAZ/8","4QEAB0IOBwAMABIAgP8aAATz","+vvvBTEOMgASABUAA/3JAav8","1PAMBTMB9v///xUA9vuLAicA","yvlfBcHxMAD+/xQA8v/NAYcC","1//LAxnwLwAGABIAlQFeAVoC","4gF5BNnwLwD//wAA0AFwAZoC","CQQMBezwOgDR/wwAhQHwACQC"],["WASwCGUMCwARAAYAQ/+EAZ/8","4QEAB0IOBwAMABIAh/8aAATz","6vvwBSkOMwAcABQABf3JAav8","4fAKBSIB9v/2/xcA9vuOAioA","yvlfBcrxMwAGABYA8v/NAYcC","1v/UAxXwNAAKABQAiAFeAVoC","6wGABNzwMwD7/wEA0AFwAZoC","CQQMBezwOgDR/wwAhQHyACUC"],["UASwCGEMCgAMAAgAQ/+IAZj8","3AH+BkQOBgALABIAh/8aAATz","6vvwBSkOMwAcABQABf3KAaz8","4fAKBSIB9v/2/xcA+/uOAioA","yvlfBcrxMwAGABYA8v/FAYYC","1v/UAxXwNAAKABQAiAFiAU8C","6wGABNzwMwD7/wEA0AFwAZoC","DQQOBfbwPQDR/w4AgQHyACUC"],["UASwCGEMCgAMAAgARP+IAZj8","3AH+BkQOBgALABIAh/8jAAXz","4vvnBR0ONAAhABMAAf3KAaz8","8vALBR4B+f/5/xcA+/uHAiIA","zvlcBdrxMQAIABYA6//FAYYC","2v/QAxrwNQAIABYAjAFiAU8C","6QF+BN3wNgD5////0AFnAZQC","DQQOBfbwPQDR/w4AgQH0AC0C"],["UQS3CFsMBQAOAAcARP+JAZv8","0gH7BjwOAQAMABUAfP8jAAXz","3/vnBRwOMAAWABIAAf3KAaz8","8vALBR4B+f/5/xcA+fuHAiIA","zvlcBdrxMQAIABYA6//NAYoC","2P/UAxjwMwAKABQAjAFjAVYC","8AGCBN/wNgD5////3AFnAZQC","CgQXBf3wPADT/w0AhQH0AC0C"]],"packets":5,"timestamp":20219473,"diffrence":20044,"freq":50}
{"data":[["TgSyCFkM//8XAAgARP+JAZv8","2gH+BjkO/f8MABUAfP8gAAbz","3/vnBRwOMAAWABIAAf3MAaL8","6vALBSUB+P///xQA+fuHAiIA","x/lcBdzxMgANABUA8f/NAYoC","2P/UAxjwMwAKABQAlgFjAVYC","8AGCBN/wMwAAAP//3AFsAZAC","BwQYBfLwNgDX/woAhQHwAC4C"],["TgSyCFkM//8XAAgARP+LAZ38","2gH+BjkO/f8MABUAfv8gAAbz","8vvxBSQOLgAOABIAAf3MAaL8","5PAMBS0B9/8GABEA+fuGAjAA","yvlfBdDxNgAJABYA8f/MAYwC","2f/UAxnwMwALABIAlgFjAVYC","6AF/BNjwLwABAAEA2QFsAZAC","BwQYBfLwNgDX/woAfgHwAC4C"],["VwS5CFgM/f8ZAAkAR/+LAZ38","6AEEBygO/f8LABcAfv8gAAbz","8vvxBSQOLgAOABIAAf3JAZ78","5PAMBS0B9/8GABEA8fuGAjAA","yvlfBdDxNgAJABYA6v/MAYwC","2f/UAxnwMwALABIAlgFaAVgC","6AF/BNjwLwABAAEA2QFsAZAC","DAQRBevwNgDZ/wsAfgHwAC4C"],["VwS5CFgM/f8ZAAkAR/+LAZ38","6AEEBygO/f8LABcAfv8fABbz","+/vzBSMOLQAPABQA//zJAZ78","3vAZBToB9v8BABAA8fuIAjMA","yfleBc/xNwALABYA6v/MAYwC","1//NAxnwMwALABMAlwFaAVgC","5QF0BNfwMAAAAP3/2QFyAY8C","DAQRBevwNgDZ/wsAfgH2ACkC"],["WwS4CFMM/v8ZAAkAR/+NAZj8","6wEFByQO/f8JABcAgv8fABbz","+/vyBRgOLQASABQA//zJAZ78","3vAZBToB9v8BABAA+PuIAjMA","yfleBc/xNwALABYA6v/FAYMC","2f/UAxXwNAALABMAlwFlAVcC","5QF0BNfwMAAAAP3/zwFyAY8C","DAQMBe/wOQDW/wsAfgH2ACkC"]],"packets":5,"timestamp":20244551,"diffrence":20024,"freq":50}
{"data":[["UASyCFIMAAATAAoAPf+NAZj8","3wEFBywO//8LABUAgv8dAP7y","+/vyBRgOLQASABQA//zDAaL8","6fAXBS4B9v/7/xMA+PuIAjMA","yvlcBdPxNwALABYA6//FAYMC","2f/UAxXwNAALABMAlAFlAVcC","5AF1BNzwMwAAAP//zwFwAZUC","CQQUBfHwPADT/w0AfgHwACQC"],["UASyCFIMAAATAAoAPf+JAaL8","3wEFBywO//8LABUAgP8dAP7y","9vv0BREOMAAXABQABv3DAaL8","8/AXBScB9v/7/xYA+PuQAjYA","yPlhBeHxMgAKABUA6//AAY8C","1f/RAxnwNgALABMAlAFlAVcC","5wGABN7wMwABAAEA0gFwAZUC","CQQUBfHwPADT/w0AfgHwACQC"],["TwS6CFcMBgAOAAgAQv+JAaL8","2AECBysOBAALABQAgP8dAP7y","9vv0BREOMAAXABQABv3KAaD8","8/AXBScB+f/5/xYA/fuQAjYA","yPlhBeHxMgAKABUA6v/AAY8C","1f/RAxnwNgALABMAlAFkAU4C","5wGABN7wMwABAAEA0gFwAZUC","DAQUBfTwPADQ/wwAfgHwACQC"],["TwS6CFcMBgAOAAgAQv+JAaL8","2AECBysOBAALABQAgP8bAAfz","6Pv0BQ8OMwAZABMAA/3KAaD8","+vAVBSYB9//8/xcA/fuJAi4A","zvlgBeDxLwAFABcA6v/AAY8C","1v/UAxvwNAAJABQAlgFkAU4C","6AGCBNnwNAACAAEA0gFoAZAC","DAQUBfTwPADQ/wwAfgHvAC8C"],["SwS1CE4MCQASAAYAQv+IAZv8","3AEJByoOBwAKABUAfP8bAAfz","8/vzBRkOOAAVABUAA/3KAaL8","+vAVBSYB9//8/xcA/vuJAi4A","zvlgBeDxLwAFABcA6v/RAYMC","2P/VAxrwMgAIABQAlgFeAVoC","6AGCBNnwNAACAAEA2AFoAZAC","CwQYBfrwPgDT/wsAhAHvAC8C"]],"packets":5,"timestamp":20269285,"diffrence":20037,"freq":50}
{"data":[["UgS0CFMMCwATAAMAPv+IAZv8","3AEJByoOBwAKABUAfP8fABLz","8/vzBRkOOAAVABUAA/3KAaL8","7/AYBTAB9////xkA/vuJAi4A","y/ljBdjxLQACABcA5P/RAYMC","2P/VAxrwMgAIABQAlQFeAVoC","6AF+BNvwMQD//wAA2AFtAZEC","CgQRBfPwOwDU/woAhAHzACYC"],["UgS0CFMMCwATAAMAPv+PAZ78","2wEFBysOBQAGABUAgv8fABLz","9fv2BRsONgASABMAA/3KAaL8","7/AYBTAB9////xkA/vuRAjMA","yvlfBdjxLwD9/xgA5P/PAYYC","2P/QAxrwLwAHABUAlQFeAVoC","4wF+BODwLgAAAAAA1gFtAZEC","CgQRBfPwOwDU/woAhQHzACYC"],["VAS5CFoMCwAPAAMAPv+PAZ78","5AEEByoOBgAGABIAgv8cABnz","9fv2BRsONgASABMAA/3IAaP8","7/AWBTYB+f8AABsA+/uRAjMA","yvlfBdjxLwD9/xgA4f/PAYYC","2P/QAxrwLwAHABUAlQFoAVcC","4wF+BODwLgAAAAAA1gFuAZkC","BwQUBezwNgDW/wsAhQHzACYC"],["VAS5CFoMCwAPAAMAPv+PAZ78","5AEEByoOBgAGABIAg/8cABnz","9Pv3BSMONQAbABIAAP3IAaP8","6/ASBS8B+//8/x0A+/uJAjUA","x/lcBdPxLAD4/xgA4f/PAYYC","1v/NAxvwLQAIABcAnQFoAVcC","5AGABNvwMAABAAAAzQFuAZkC","BwQUBezwNgDW/wsAhQHzAC0C"],["WgSzCEcMEAALAAIAPv+NAaP8","4gEIBygODQAGABIAg/8cABnz","7vvwBSAOPgAdABIAAP3DAZ78","6/ASBS8B+//8/x0A+fuJAjUA","x/lcBdPxLAD4/xgA4f/GAYYC","1//RAxbwLgAKABYAnQFhAVgC","5AGABNvwMAABAAAAzQFuAZkC","DQQSBe/wNgDS/wwAfwHzAC0C"]],"packets":5,"timestamp":20294089,"diffrence":20010,"freq":50}
{"data":[["TQS3CFMMGAAKAAMARf+NAaP8","4gEIBygODQAGABIAg/8dABHz","7vvwBSAOPgAdABIABP3DAZ78","7/ARBSkB+f/7/yAA+fuJAjUA","yvldBdfxKQD7/xgA5v/GAYYC","1//RAxbwLgAKABYAlQFhAVgC","6wF9BNvwMAD+//7/zQF6AY8C","CwQWBfLwOgDS/wsAfwHuADYC"],["TQS3CFMMGAAKAAMARf+KAaj8","3gEBBysODwAIABIAiv8dABHz","7PvuBSEOPQAdABQABP3EAaD8","7/ARBSkB+f/7/yAA+fuPAjQA","0PldBdTxLAD8/xgA5v/PAYIC","2P/VAxnwLQAIABUAlQFlAVgC","6wF9BN/wMAD7/wEAzQF6AY8C","CwQWBfLwOgDS/wsAhQHuADYC"],["TwS0CFsMGgAKAAAARf+KAaj8","1wH+BjUOEAALABIAiv8qABXz","7PvuBSEOPQAdABQAAP3EAaD8","5fARBSAB+f/8/x4A//uPAjQA","0PldBdTxLAD8/xgA7P/PAYIC","2f/UAxHwMAAHABQAkgFlAVgC","6wF9BN/wMAD7/wEAzQF0AZAC","CAQWBfbwNwDT/wwAhQHuADYC"],["VgS0CGAMGgALAAAARf+DAab8","1wH+BjUOEAALABIAgf8qABXz","5/vrBSIOPAAeABYAAP3EAaD8","7fAVBSoB9v/9/yAA//uPAjkA","z/lcBdXxKwD7/xcA7P/PAYIC","2f/UAxHwMAAHABQAkgFlAVgC","7gF7BN/wLgD+////0wF0AZAC","CAQWBfbwNwDT/wwAhQHwACsC"]],"packets":4,"timestamp":20317632,"diffrence":20003,"freq":50}
{"data":[["VgS0CGAMGwALAAAASP+DAab8","1gH9Bj0ODwAIABIAgf8qABXz","6/vqBScOOgAbABYAAP3JAaj8","7fAVBSoB9v/9/yAA+PuPAjkA","z/lcBdXxKwD7/xcA7P/SAYkC","2f/OAxbwLQAHABQAkgFXAVMC","7gF7BN/wLgD+////0wF0AZAC","BQQSBfHwOgDS/woAfwHwACsC"],["WwS4CGIMEwAOAAEASP+DAab8","1gH9Bj0ODwAIABIAgf8qAA3z","6/vqBScOOgAbABYA//zJAaj8","4PARBSoB9////x4A+PuPAjkA","y/lcBdLxKwD8/xcA6v/SAYkC","2f/OAxbwLQAHABQAlQFXAVMC","5AF+BNrwLgD+/wAA0wF5AZgC","BQQSBfHwOgDS/woAfwHvAC4C"],["WwS4CGIMEwAOAAEASP+IAab8","4QEBBzsOCwAJABIAhf8qAA3z","8fvrBSoOOgAWABUA//zFAab8","4PARBSoB9////x4A+PuIAi0A","xvlZBc7xKgD8/xgA6v/SAY0C","0f/QAxbwLQAKABQAlQFZAVEC","5QF6BNHwLAD+/wAA1QF5AZgC","CQQYBevwNADV/w0AgAHvAC4C"],["VwS2CGUMEQAOAAEASf+IAab8","5gH/BjgOCQAKABAAhf8hAAXz","8fvrBSoOOgAWABUACv3FAab8","2/AKBTIB+/8CABsAAPyIAi0A","xvlZBc7xKgD8/xgA5v/SAY0C","0v/OAxHwLQAIABQAlgFZAVEC","5QF6BNHwLAD+/wAA1QF0AZ8C","BgQNBerwNgDT/wwAgAHvAC4C"],["VgSzCF8MDgAMAAMASf9+Aaf8","5gH/BjgOCQAKABAAg/8hAAXz","8fvmBSoOOgAYABYACv3HAab8","3fAKBS4B+P/9/xwAAPySAjIA","zflbBczxKgD//xkA5v/SAY8C","0v/OAxHwLQAIABQAlgFZAVEC","4wF7BNXwLgD8/wAA0gF0AZ8C","BgQNBerwNgDT/wwAgAHxADEC"]],"packets":5,"timestamp":20342768,"diffrence":20029,"freq":50}
{"data":[["VgSzCF8MDgAMAAMAR/9+Aaf8","5gH7BjMOCAAKAA8Ag/8hAAXz","7fvtBSoOOQAZABQAAP3HAab8","3fAKBS4B+P/9/xwABPySAjIA","zflbBczxKgD//xkA5f/SAY8C","1//PAxXwMAAKABQAlgFcAV0C","4wF7BNXwLgD8/wAA0gF0AZ8C","CQQQBenwPADR/w0AfQHxADEC"],["VgSwCGEMDAANAAQAR/9+Aaf8","5gH7BjMOCAAKAA8Ag/8iAA/z","7fvtBSoOOQAZABQAAP3HAab8","5PAHBSkB+f/5/xkABPySAjIA","yvlbBc7xLAAFABYA5f/SAY8C","1//PAxXwMAAKABQAlQFcAV0C","6gGBBN3wMQD//wAA0gFyAZoC","CQQQBenwPADR/w0AfQHoACIC"],["VgSwCGEMDAANAAQAR/+DAaL8","3gH8BkEOCAAJABAAhv8iAA/z","5fvrBSkONQAaABUAAP3KAZ78","5PAHBSkB+f/5/xkABPyKAikA","zfleBdfxMgAHABUA5f/WAYoC","1f/TAxzwMwAIABMAlQFjAVYC","6gF/BNzwNAD+/wAA0gFyAZoC","DAQSBfnwPgDU/wwAgAHoACIC"],["TwS0CGMMCAAQAAQAP/+DAaL8","3AH7BjoOAgAKABQAhv8jAA3z","5fvrBSkONQAaABUA+PzKAZ78","6PALBSYB9//7/xYAAvyKAikA","zfleBdfxMgAHABUA6v/WAYoC","1P/SAxLwMQAHABEAjgFjAVYC","6gF/BNzwNAD+/wAA0gF0AZ0C","DAQTBfLwOgDU/wwAgAHoACIC"],["UgS1CF4MCAARAAkAP/+JAZj8","3AH7BjoOAgAKABQAh/8jAA3z","7/vtBSIOMwAWABYA+PzDAaL8","8PAOBScB9P/+/xIAAvyJAiwA","x/lgBdbxMwAIABUA6v/UAZIC","1P/SAxLwMQAHABEAjgFjAVYC","7AF+BNzwMAD+//7/0QF0AZ0C","DAQTBfLwOgDU/wwAgAHuACgC"]],"packets":5,"timestamp":20367558,"diffrence":20026,"freq":50}
{"data":[["UgS1CF4MCAARAAkARP+JAZj8","4AH+BjEOAQANABkAh/8jAA3z","7/vvBSYOMAARABYAAP3DAaL8","8PAOBScB9P/+/xIAAvyJAiwA","x/lgBdbxMwAIABUA7f/UAZIC","1//QAxnwMQAJABIAjgFdAVIC","7AF+BNzwMAD+//7/0QFwAZ4C","CgQPBfDwNQDT/wsAfgHuACgC"],["VAS6CFkMAQASAAgARP+EAZz8","4AH+BjEOAQANABkAh/8gAArz","7/vvBSYOMAARABYAAP3DAaL8","5vATBS0B9////xEAAvyJAiwA","yPlhBc3xNQAIABMA7f/UAZIC","1//QAxnwMQAJABIAlQFdAVIC","5wGBBNrwLQD8//7/0wFwAZ4C","CgQPBfDwNQDT/wsAfgHtADsC"],["VAS6CFkMAQASAAgAPv+EAZz8","3wEGBy4O/P8MABgAhv8gAArz","9vvzBScOLwAPABYAAP3HAaL8","5vATBS0B9////xEAAvyTAiwA","x/liBdTxOQAIABUA7f/XAYkC","0v/UAxXwMAAKABMAlQFeAVYC","6QGABNjwLwD///7/0wFwAZ4C","CQQSBejwNwDX/wkAgwHtADsC"],["VQS0CFwMAQATAAYAPv+EAZz8","4wEDBysO/f8IABUAhv8gAP3y","9vvzBScOLwAPABYA+PzHAaL8","5vAUBS4B9v/8/xIA+vuTAiwA","x/liBdTxOQAIABUA8P/XAYkC","1f/UAxTwMwAIABIAkAFeAVYC","6QGABNjwLwD///7/0wF0AaAC","CwQRBe/wOwDU/wsAgwHtADsC"],["WQS3CFcMBQAQAAYAPv+JAbP8","4wEDBysO/f8IABUAif8gAP3y","9vv3BSEOLwATABUA+PzBAaD8","6vAZBTIB9f/6/xYA+vuUAjsA","yfljBdTxNQAGABYA8P/OAX0C","1f/UAxTwMwAIABIAkAFeAVYC","4QF/BNXwMgD8/wAAywF0AaAC","CwQRBe/wOwDU/wsAgwHxADgC"]],"packets":5,"timestamp":20392486,"diffrence":20016,"freq":50}
{"data":[["WQS3CFcMBQAQAAYAPP+JAbP8","4wEGByoOAgALABQAif8gAP3y","7vvvBR4OMgAVABMA+vzBAaD8","6vAZBTIB9f/6/xYA8PuUAjsA","yfljBdTxNQAGABYA6P/OAX0C","2v/PAxnwNAAIABIAkAFbAWAC","4QF/BNXwMgD8/wAAywFxAaAC","CgQYBfbwOgDT/w0AggHxADgC"],["TwSvCFAMBAAOAAUAPP+DAaD8","4wEGByoOAgALABQAif8lAP7y","7vvvBR4OMgAVABMA+vzIAav8","9fAPBS4B+f/6/xgA8PuUAjsA","xfljBdnxMAAHABYA6P/OAX0C","1P/TAxbwMgAKABUAkwFbAWAC","5QGBBNvwMwD9/wAA0gFxAaAC","CgQYBfbwOgDT/w0AggHyADIC"],["TwSvCFAMBAAOAAUASv+DAaD8","1wEDByoOAAAMABUAgv8lAP7y","6fv3BRkONQAXABMABv3IAav8","9fAPBS4B+f/6/xgA8PuJAikA","zflgBd/xMwAHABYA6P/UAYkC","1P/TAxbwMgAKABUAkwFYAWIC","6gGBBNvwMQD9//7/0gFxAaAC","DAQWBfvwOADW/wsAggHyADIC"],["TgS0CFAMBgAQAAUASv+DAaD8","2wECBykOAQAKABMAgv8fAATz","6fv3BRkONQAXABMABv3IAav8","9fAPBSkB+f/7/xgA8vuJAikA","zflgBd/xMwAHABYA6P/UAYkC","1v/SAxnwMAAJABQAjwFYAWIC","6gGBBNvwMQD9//7/0gF2AZ0C","CQQWBfjwNgDW/wsAggHyADIC"]],"packets":4,"timestamp":20415925,"diffrence":20037,"freq":50}
{"data":[["UAS2CE0MCQASAAYASv99AaH8","2wECBykOAQAKABMAhv8fAATz","6/vxBRYONAAVABYABv3HAaj8","7vAXBSsB9////xkA8vuXAiYA","xPlhBdfxMQACABYA6P/PAY4C","1v/SAxnwMAAJABQAjwFYAV0C","6gF/BNbwKwD///7/1QF2AZ0C","CQQWBfjwNgDW/wsAggHqADEC"],["UAS2CE0MCQASAAYAPP99AaH8","5gEIByYOAwALABQAhv8fAATz","+vv6BSMONwAUABcA/vzHAaj8","7vAXBSsB9////xkA//uXAiYA","xPlhBdfxMQACABYA7P/PAY4C","2f/OAxrwLgAIABIAkQFYAV0C","6gF/BNbwKwD///7/1QFtAZYC","CgQOBe3wNgDW/wsAegHqADEC"],["WASyCFMMDgASAAUAPP+MAar8","5gEIByYOAwALABQAhv8nAAPz","+vv6BSMONwAUABcA/vzEAaD8","5vAaBTEB9v8AABoA//uXAiYA","zPljBdbxLQACABUA7P/NAYwC","1v/XAxvwLwAJABQAkQFYAV0C","6QGCBNnwLAD///7/1wFtAZYC","CgQOBe3wNgDW/wsAegHvACkC"],["WASyCFMMDgASAAUAPv+MAar8","5QEIBy0OCgALABIAg/8nAAPz","+fv0BSMOOQAYABYA//zEAaD8","5vAaBTEB9v8AABoA//uQAi4A","zPljBdbxLQACABUA6//NAYwC","1v/XAxvwLwAJABQAkQFmAV0C","5gF5BNnwLQABAP//1wF0AZcC","DQQMBejwOQDY/wwAgQHvACkC"],["TAS0CFwMFAANAAQAPv+MAar8","2wEBBzUODAAJABIAg/8mAPry","+fv0BSMOOQAYABYA//zJAZr8","5fAZBTEB+P/9/x0A+/uQAi4A","yfllBdjxLAABABkA6//NAYwC","1//TAxnwMQAGABQAjQFmAV0C","5gF5BNnwLQABAP//xwF0AZcC","DQQRBe7wOgDT/w4AgQHvACkC"]],"packets":5,"timestamp":20442149,"diffrence":20027,"freq":50}
{"data":[["TAS2CFcMFgAIAAEAPv98AZb8","2wEBBzUODAAJABIAf/8mAPry","6/vzBRYOOgAcABMA/PzJAZr8","8fAQBSUB+v/4/x4A+/uEAioA","yvlhBdfxKwAAABkA6//WAYoC","1//TAxnwMQAGABQAjQFfAVYC","7AF/BODwMAD+/wAAxwF0AZcC","DQQRBe7wOgDT/w4AgQHyACgC"],["TAS2CFcMFgAIAAEAPv98AZb8","2wH/Bi0ODAAGABEAf/8mAPry","5/vsBRgOPAAcABMA/PzJAZr8","8fAQBSUB+v/4/x4A+/uEAioA","yvlhBdfxKwAAABkA5v/WAYoC","2//TAxbwNAAHABQAkwFfAVYC","7AF/BODwMAD+/wAAxwFzAY8C","BwQZBfXwOQDQ/wwAhAHyACgC"],["VASyCFgMEgAJAP7/Pv+HAZv8","2wH/Bi0ODAAGABEAf/8mAAbz","5/vsBRgOPAAcABMA/PzIAaT8","8/ANBSYB+v/4/x8A+/uEAioA","zflbBdvxKwD//xgA5v/XAYUC","2//TAxbwMQAHABQAkwFfAVYC","6wGCBNzwMAD9/wEA1QFzAY8C","BwQZBfXwOQDQ/wwAhAHyACsC"],["VASyCFgMEgAJAP7/RP+HAZv8","3AEABzUODQAIABEAg/8mAAbz","6PvrBSEOOgAcABMA//zIAaT8","8/ANBSYB+v/4/x8A+/uKAiIA","zflbBdvxKwD//xgA5v/XAYUC","2//TAxbwMQAHABQAkwFdAVYC","5gF6BN7wLAAAAP//1QF3AaAC","CwQQBfXwOADT/wwAgwHyACsC"],["UQSzCFsMEQAMAAAARP+IAaH8","3AEABzUODQAIABEAg/8lAArz","6PvrBSEOOgAcABMA//zLAaD8","5/AOBSoB+f///x0A9fuKAiIA","yPleBdbxLAD9/xcA5v/XAYUC","3P/MAxXwLQAGABEAkQFdAVYC","5gF6BN7wLAAAAP//0wF3AaAC","CAQPBe/wNQDU/wwAgwHyACsC"]],"packets":5,"timestamp":20466809,"diffrence":20172,"freq":50}
{"data":[["XQS6CF8MFgAMAAIARP+IAaH8","4QEABzYODQAIABYAif8lAArz","9PvtBScOOgAXABMA/PzLAaD8","3/ARBS4B9/8CABwA9fuOAhcA","y/lhBdHxLQD7/xcA5v/WAYIC","3P/MAxXwLQAGABEAkQFlAV0C","5wF/BNjwLgABAP7/0wF3AaAC","CAQPBe/wNQDU/wwAgwHwADIC"],["XQS6CF8MFgAMAAIARP+IAaH8","5QECBzYOCwAJABQAif8lAArz","8vvtBSoOOwAZABYA/PzLAaD8","3/ARBS4B9/8CABwA/PuOAhcA","y/lhBdHxLQD7/xcA5P/WAYIC","1v/NAxXwMQAGABIAmQFlAV0C","5wF/BNjwLgABAP7/0wF0AaAC","CAQLBe7wNgDV/w0AdQHwADIC"],["WQSxCGQMFQAOAAQARP+OAaj8","5QECBzYOCwAJABQAif8eABHz","8vvtBSoOOwAZABYA/PzNAab8","3vAQBTEB9v/+/xsA/PuOAhcA","yPlhBczxKwD9/xcA5P/WAX4C","2//QAxvwNAAHABQAmQFlAV0C","5wF6BNrwMAD+/wEA0gF0AaAC","CAQLBe7wNgDV/w0AdQHyADQC"],["WQSxCGQMFQAOAAQAOf+OAaj8","5AEBBzEOCgAIABQAhP8eABHz","7PvpBSgOOgAbABQAA/3NAab8","3vAQBTEB9v/+/xsA/PuNAigA","yPlhBczxKwD9/xcA6//WAX4C","2//QAxvwNAAHABQAmQFdAWAC","6gGBBN3wNAD//wIA0gF1AZMC","CAQPBfLwNwDU/w0AgAHyADQC"],["UgSyCGIMEAAKAAMAOf+KAaT8","5AEBBzEOCgAIABQAhP8bABLz","7PvpBSgOOgAbABQAA/3NAab8","5/APBSsB+P/5/xsA+fuNAigA","yflaBdXxKwAAABcA6//WAX4C","2v/TAxfwMwAHABQAlQFdAWAC","6gGBBN3wNAD//wIAzwF1AZMC","DgQPBfHwOQDU/w0AgAHyADQC"]],"packets":5,"timestamp":20491718,"diffrence":20008,"freq":50}
{"data":[["UQStCGMMCwALAAUAQf+KAaT8","1wH9BjwOBgAKABMAg/8bABLz","5/voBSIOOAAaABQABv3NAab8","5/AKBR0B9//6/xcA+fuXAigA","y/leBdbxMAADABcA6//VAYkC","1//QAxfwMgAHABMAlQFjAVcC","6gF8BN7wMgD+/wAAzwF1AZMC","DgQPBfHwOQDU/w0AgAHuACYC"],["UQStCGMMCwALAAUAQf+KAaT8","3QEBBz0OBQAKABMAg/8bABLz","5/vlBSAOOAAZABQABv3KAaD8","5/AKBR0B9//6/xcA9/uXAigA","y/leBdbxMAADABcA6P/VAYkC","1//QAxfwMgAHABMAmQFjAVcC","6gF8BN7wMgD+/wAAzwFpAZUC","CAQTBffwOADT/w0AgwHuACYC"],["VASxCFoMBQAOAAUAQf+PAZ78","3QEBBz0OBQAKABMAg/8iAA3z","5/vlBSAOOAAZABQAAf3KAaD8","6PAPBSYB+P///xcA9/uXAigA","0flgBdPxMQAEABUA6P/RAYsC","1f/OAxrwMwAJABIAmQFgAWQC","6AF+BNfwMAABAP3/ygFpAZUC","CAQTBffwOADT/w0AgwHyAC4C"],["VASxCFoMBQAOAAUAQf+PAZ78","4gECBzgOBQAJABUAhf8iAA3z","8PvuBSQONAASABUAAf3KAaD8","6PAPBSYB+P///xcA9/uPAi8A","0flgBdPxMQAEABUA6//RAYsC","1f/OAxrwMwAJABIAkwFgAWQC","6AF+BNfwMAABAP3/ygF3AaUC","BgQOBfLwNwDU/wsAfAHyAC4C"],["WgS0CFsMBQAUAAYAQf+TAZz8","4gECBzgOBQAJABUAhf8eAAnz","8PvuBSQONAASABUAAf3PAab8","4fAOBSsB8v8AABUA+PuPAi8A","yvlgBdDxMwACABUA6//VAYkC","3P/RAxPwMQAIABMAkwFgAWQC","5wF9BNbwKwACAP//zQF3AaUC","BgQOBfLwNwDU/wsAfAHyAC4C"]],"packets":5,"timestamp":20516768,"diffrence":20036,"freq":50}
{"data":[["XAS0CFsMBgAVAAcAPP+TAZz8","3gEFBzYOAwAMABYAgv8eAAnz","9vv3BScOMwATABYABP3PAab8","6PAUBS8B9f/+/xcA+PuUAiQA","xPlgBczxMgAFABYA6//VAYkC","1f/OAxTwMAAHABIAkwFhAVgC","4wF+BNvwLQD///z/zQFvAaMC","CAQPBe3wOQDU/wwAfAHuACkC"],["XAS0CFsMBgAVAAcAPP+KAaT8","4QEABzEOAwALABQAgv8lAA/z","9fv0BSgOMwAXABMABP3IAaL8","6PAUBS8B9f/+/xcAAPyUAiQA","xPlgBczxMgAFABYA6//VAYkC","1f/OAxTwMAAHABIAnQFhAVgC","4wF+BNvwLQD///z/zQFvAaMC","CwQSBfDwOgDT/wsAfwHuACkC"],["VwS2CFgMCQARAAcAQf+KAaT8","4QEABzEOAwALABQAf/8lAA/z","9fv0BSgOMQAXABMABv3IAaL8","7/AWBSwB+P/9/xcAAPyUAiQA","xflhBdHxNgAIABcA6//UAY4C","1P/QAxXwMAAKABIAnQFeAVsC","6QF7BN/wMgD/////zQFvAaMC","CwQSBfDwOgDT/wsAfwH5AC0C"],["TwS5CFoMCQAOAAYAQf+KAaT8","3wECBy4OAgAMABUAf/8lAA/z","7vv0BSMOMAAcABYABv3NAan8","7/AWBSwB+P/9/xcA//uMAioA","xflhBdHxNgAIABcA8v/UAY4C","1P/QAxXwMAAKABIAlgFeAVsC","6QF7BN/wMgD/////zQFxAZ8C","CwQXBfTwPgDS/w0AfQH5AC0C"],["TwS5CFoMCQAOAAYAQf+JAZ78","3wECBy4OAgAMABUAf/8iAADz","7vv0BSMOMAAcABYA/fzNAan8","7/APBSkB+P/5/xcA//uMAioA","z/lhBdfxMwAJABYA8v/UAYsC","2P/SAxnwMQAKABIAlgFeAVsC","5AGABNnwMwD+/wAA1AFxAZ8C","CwQXBfTwPgDS/w0AfQH5AC0C"]],"packets":5,"timestamp":20540798,"diffrence":20041,"freq":50}
{"data":[["SwSwCFYMBwARAAcAN/+JAZ78","4gH+BjIOAQANABMAhf8iAADz","8PvtBRkOMgAZABcA/fzNAan8","8vAPBSYB9//8/xYA//uQAiwA","y/lhBdbxMgAHABUA8//UAYsC","2f/RAxfwMQAJABMAlgFkAVsC","6QF/BNzwLwD+//7/1AFtAZwC","BwQXBfrwOADU/woAfQHtADEC"],["SwSwCFYMBwARAAcAN/+HAZv8","3wH/Bi8OBgAMABQAhf8hAA7z","8/vuBRYOMgAVABYA/fzVAaP8","8vAPBSYB9//8/xYA9/uQAiwA","y/lhBdbxMgAHABUA8//UAYsC","2f/RAxfwMQAJABMAlwFkAVsC","6QF/BNzwLwD+//7/2AFtAZwC","BwQZBezwNwDS/w0AeQHtADEC"],["VASuCFIMCAATAAYAOv+HAZv8","3wH/Bi8OBgAMABQAfP8hAA7z","8/vuBRYOMwAVABYA+fzVAaP8","6/ASBS4B9/8AABYA9/uNAi0A","x/lZBdnxMgAEABUA8//KAYUC","1//TAxrwMAAJABIAlwFdAVEC","6AF4BNfwLwD8//7/2AFtAZwC","BwQZBezwNwDS/w0AeQHmACUC"],["VQSvCFcMCQARAAUAOv+HAZv8","4QEHByoOBQAJABUAfP8hAA7z","7Pv4BR4ONAAXABQA+fzTAa78","6/ASBS4B9/8AABYA9PuNAi0A","x/lZBdnxMgAEABUA8f/KAYUC","1//TAxrwMAAJABIAlgFdAVEC","6AF4BNfwLwD8//7/2AF9AZQC","CgQQBezwNwDT/w4AfQHmACUC"]],"packets":4,"timestamp":20565465,"diffrence":20015,"freq":50}
{"data":[["VQSvCFcMCQARAAUAOv+OAZX8","4QEHByoOBQAJABUAfP8iAAvz","7Pv4BR4ONAAXABQAAv3TAa78","5vAUBTAB9////xkA9PuNAi0A","yflcBdbxMQACABcA8f/NAX8C","1v/VAxTwLQAHABUAlgFdAVEC","7AF4BNnwLgD+////1AF9AZQC","CgQQBezwNwDT/w4AfQHmACUC"],["VASyCFUMDAANAAUANf+OAZX8","5wEFBzIOBgAIABMAeP8iAAvz","+Pv2BR4ONQAVABYAAv3TAa78","7vAaBS4B9//9/xoA9PuGAioA","xvlfBdfxLwABABcA6v/NAX8C","0//PAxXwLgAJABMAlgFdAVYC","6QF4BN3wMAABAP//1AF0AZUC","BgQQBe7wNwDV/wsAfQHuACIC"],["VASyCFUMDAANAAUANf+KAZf8","3AEDBzIOCAAIABMAeP8pAA7z","9Pv5BR8ONQAVABYAAv3QAa38","7vAaBS4B+P/9/xoA/fuGAioA","xvlfBdfxLwABABcA6v/NAX8C","0//PAxXwLgAJABMAmQFdAVYC","6QF4BN3wMAABAP//1AF0AZUC","CQQQBfXwOgDT/wwAewHuACIC"],["UQSzCFcMDwALAAQAQf+KAZf8","3AEDBzIOCAAIABMAgv8pAA7z","9Pv5BR8OOgAaABYA//zQAa38","6/AVBSoB+v/7/xoA/fuCAiIA","yflfBdfxLwABABgA6v/SAYYC","0v/SAxbwLgAHABQAmQFtAVQC","6AGABNjwMAD/////1AF0AZUC","CQQQBfXwOgDT/wwAewHsACUC"],["UQS2CFUMEAALAAMAQf+KAZf8","3wEEBy4OCwAIABIAgv8pAA7z","8fvyBSEOOwAcABYA//zKAav8","6/AVBSoB+v/7/xoA9vuCAiIA","yflfBdfxLwABABgA6f/SAYYC","1//VAxfwMwAHABQAnQFtAVQC","6AGABNjwMAD/////1AF3AZ0C","BgQUBffwOgDV/w0AdwHsACUC"]],"packets":5,"timestamp":20590115,"diffrence":20173,"freq":50}
{"data":[["UQS2CFUMEAALAAMAQf+DAab8","3wEEBy4OCwAIABIAgv8iAADz","8fvyBSEOOwAcABYA/vzKAav8","8fATBS4B+P/6/xwA9vuCAiIA","y/lgBdXxLgD//xYA6f/QAXsC","1//VAxfwMwAHABQAnQFtAVQC","5QGBBNnwMQD//wAA1wF3AZ0C","BgQUBffwOgDV/w0AdwHsACUC"],["UgS4CFYMDwALAAQAO/+DAab8","3gEABzAODQAIABAAgf8iAADz","7fvtBSMOOQAZABQA/vzFAav8","8fATBS4B+P/6/xwA9vuLAiwA","yPliBdPxLwD//xoA7v/QAXsC","0//RAxTwMQAHABIAnQFnAVEC","6wF5BNzwLwAAAP//1wF5AZoC","CgQWBfjwNwDU/wwAdwHuAB8C"],["UgS4CFYMDwALAAQAO/+GAaP8","4gECBzIODAAIABAAgf8iAPjy","7/vtBSMOOQAZABQA+vzFAav8","5vARBS4B+v/9/xwA8vuLAiwA","yPliBdPxLwD//xoA7v/JAYUC","0//RAxTwMQAHABIAlwFnAVEC","6wF5BNzwLwAAAP//2QF5AZoC","DwQVBfDwNwDS/w4AgQHuAB8C"],["UwS2CFwMDwALAAMAOP+GAaP8","4gECBzIODAAIABAAiP8iAPjy","7/vuBSUONgAZABYA+vzFAav8","6PAQBSgB+v/9/xsA8vuGAiQA","yvlgBdLxLAD//xkA8f/JAYUC","1//PAxbwLgAGABMAlwFcAU8C","6AF8BNrwLAAAAAAA2QF5AaMC","DwQVBfDwNwDS/w4AgQHsACYC"],["VQSzCF8MEQAPAAIAOP+EAZr8","4QECBzEOCwAHABEAiP8iAPjy","7vvxBSkONwAZABYA+vzMAan8","6PAQBSgB+v/9/xsA9vuGAiQA","yvlgBdLxLAD//xkA8f/JAYUC","1f/RAxfwLgAIABIAkQFcAU8C","6AF8BNrwLAAAAAAA1wF5AaMC","CAQRBefwNQDQ/wsAfAHsACYC"]],"packets":5,"timestamp":20615052,"diffrence":20028,"freq":50}
{"data":[["VQSzCF8MEQAPAAIAN/+EAZr8","4QECBzEOCwAHABEAiP8iAATz","7vvxBSkONwAZABYA//zMAan8","3vAUBSkB+P/8/xsA9vuGAiQA","zPldBdLxKgD+/xkA8f/PAYkC","1f/RAxfwLgAIABIAkQFZAVUC","6gGABNzwLAD+/wEA1wF5AaMC","CAQRBefwNQDQ/wsAfAHsACYC"],["VQS7CGMMEgAPAAQAN/+EAZr8","4AH/BjIOCgALABMAf/8iAATz","8PvuBSoOOQAcABUA//zHAaf8","3vAUBSkB+P/8/xsA9vuLAiUA","yfliBdDxLQD+/xgA+//PAYkC","1f/PAxTwLQAJABMAjgFZAVUC","7QF5BNzwLgD+//7/1wF9AZsC","CAQOBfTwOQDR/wwAfAHsACgC"],["VQS7CGMMEgAPAAQAN/+CAaH8","5AECBzcOCQAJAA4Af/8ZAAjz","8PvuBSoOOQAcABUAAf3HAaf8","4/ATBS4B+P/5/xsA9PuLAiUA","yfliBdDxLQD+/xgA+//LAYAC","1f/PAxTwLQAJABMAjgFZAVUC","7QF5BNzwLgD+//7/0AF9AZsC","CQQSBfXwPADP/w8AfAHsACgC"],["UQS6CGEMEAAMAAQANP+CAaH8","5AECBzcOCQAJAA4Agf8ZAAjz","6/vxBSgOOgAfABQAAf3GAaP8","6/ASBSkB9//7/xkA9PuLAiUA","y/lgBdHxMAACABcA8//LAYAC","2P/TAxjwLgAHABMAjgFqAUwC","6AF8BNnwMQD9//7/0AFzAZMC","CQQSBfXwPADP/w8AfAHtADQC"],["UASxCGMMDAAPAAQANP9+AZj8","3QH/BjgOCAAIABAAgf8ZAAjz","8/vuBSMOOQAbABcAAv3GAaP8","6/ASBSkB9//7/xkA9fuLAiUA","y/lgBdHxMAACABcA8//LAYAC","1v/RAxrwLwAIABEAjAFqAUwC","6AF8BNnwMQD9//7/zgFzAZMC","DwQSBfbwOwDS/w0AeAHtADQC"]],"packets":5,"timestamp":20641617,"diffrence":20166,"freq":50}
{"data":[["UASxCGMMDAAPAAQAOP9+AZj8","3QH/BjgOCAAIABAAgf8ZAATz","8/vuBSMOOQAbABcAAv3GAaP8","5PASBSYB+f/6/xkA9fuLAiUA","yflcBc/xLwAEABkA8//NAXcC","1v/RAxrwLwAIABEAjAFaAUsC","6QGFBNrwMAD9////zgFzAZMC","DwQSBfbwOwDS/w0AeAHtADQC"],["UAS0CFkMCgAQAAQAOP9+AZj8","3gEEBzYOBQAKABIAg/8ZAATz","8fvrBSIONQAZABUAAv3IAZ/8","5PASBSYB+f/6/xkA9fuHAiIA","yvldBc/xLwAEABgA7v/NAXcC","2P/SAxjwMQAIABMAlQFaAUsC","5wGABNnwLAAAAAAAzgFzAZIC","DAQSBfnwPADV/w8AeAHwACoC"],["UAS0CFkMCgAQAAQAOP98AZv8","3gEEBzYOBQAKABIAg/8iAP/y","8fvrBSIONQAZABUA/PzIAZ/8","5vAOBSsB+P/8/xYA8/uHAiIA","yvldBc3xLgAEABgA7v/VAXYC","2P/SAxjwMQAIABMAlQFaAUsC","5wGABNnwLAAAAAAA1QFzAZIC","AgQOBe/wNwDT/w4AfgHwACoC"],["UwSxCFwMBgARAAYAMv98AZv8","3AEBBy8OAQAJABIAfv8iAP/y","7/vsBSQOMwAWABQA/PzIAZH8","5PANBSoB+P/9/xcA8/uLAjIA","zfleBdbxMgAFABgA/P/VAXYC","2f/OAxvwMAAIABMAlQFdAVEC","5gF+BNzwLgD+////1QF6AZcC","AgQOBe/wNwDT/w4AfgHzACMC"],["WASyCFQMCAAUAAYAMv9/AZz8","4AECBzAOAQAIABUAfv8iAP/y","8fvtBSMOMwAWABUABv3IAZH8","5PANBSoB+P/9/xcA+PuLAjIA","zfleBdbxMgAFABgA/P/VAXYC","0//NAxvwLwAIABIAjgFdAVEC","5gF+BNzwLgD+////1gF6AZcC","BgQUBfXwOADU/wwAfAHzACMC"]],"packets":5,"timestamp":20665795,"diffrence":20005,"freq":50}
{"data":[["WASyCFQMCAAUAAYAOP9/AZz8","4AECBzAOAQAIABUAfv8mAPvy","8fvtBSMOMwAWABUABv3IAZH8","6PATBS8B9v/9/xYA+PuLAjIA","y/ljBdPxMgAGABYA/P/JAXwC","0//NAxvwLwAIABIAjgFgAUgC","5gF7BNnwMQD8//7/1gFwAZ0C","BgQUBfXwOADU/wwAfAHzACMC"],["UgS3CFsMBgASAAYAOP9/AZz8","4AEDBzIOAAAMABYAhf8mAPvy","8Pv1BSQOMwAVABUABv3KAZb8","6PATBS8B9v/9/xYA+PuKAi8A","y/ljBdPxMgAGABYA8//JAXwC","1//RAxjwMwAIABEAjQFgAUgC","6QGCBNvwMQD+/wEA1AFwAZ0C","CQQUBe/wNwDW/wwAfAHvACMC"],["UgS3CFsMBgASAAYAOP+DAZz8","4AEDBzIOAAAMABYAhf8lAAnz","8Pv1BSQOMwAVABUAAP3KAZb8","7vARBSsB9f/8/xYA9fuKAi8A","zPlnBdPxMgAHABUA8//NAYEC","0P/OAxXwMAAIABEAjQFgAUgC","6QGCBNvwMQD+/wEA1AFwAZ0C","CwQTBe/wOADS/wsAgAHvACMC"],["UQS1CFwMBwATAAYAO/+DAZz8","4wEGBywOAgAMABcAg/8lAAnz","7vvvBRsONQAYABMAAP3IAZf8","7vAQBSYB9v/5/xUA9fuLAjMA","0/lhBdrxMQAGABcA/f/NAYEC","0P/OAxXwMAAIABEAjQFmAUwC","5wF9BNnwLwADAP7/1AFyAZcC","CwQTBe/wOADS/wsAgAHyACcC"],["UwS1CFUMBwASAAcAO/+JAZb8","4AEFBy0OBQALABUAg/8lAAnz","7fvwBRsONwAXABUAAP3IAZf8","7vAQBSYB9v/5/xUA8vuLAjMA","0/lhBdrxMQAGABcA/f/NAYEC","1f/TAxnwNAAHABMAkgFmAUwC","5wF9BNnwLwADAP7/2gFyAZcC","CgQTBe/wOADU/wsAfQHyACcC"]],"packets":5,"timestamp":20690135,"diffrence":20035,"freq":50}
{"data":[["UwS1CFUMBwASAAcAPv+JAZb8","4AEFBy0OBQALABUAg/8cAPry","7fvwBRsONwAXABUAAP3HAZ38","6PARBSoB9//8/xcA8vuLAjMA","zfliBdXxNAAGABkA/f/RAYoC","1f/TAxnwNAAHABMAkgFfAVAC","6wF7BNvwLwABAP//2gF3AZYC","CgQTBe/wOADU/wsAfQHyACcC"],["UgSxCFkMCQASAAUAPv+FAZX8","2gEGBy4OBAAKABMAf/8cAPry","8PvyBSEONgAXABUA/vzHAZ38","6PARBSoB9//8/xcA8vuHAicA","zfliBdXxNAAGABkA8f/RAYoC","1f/WAxnwMwAKABQAkwFfAVAC","5gF+BNzwMQABAAEA1AF3AZYC","CQQTBfLwNwDU/wsAfQHxACcC"],["UgSxCFkMCQASAAUAPP+FAZX8","2gEGBy4OBAAKABMAf/8eAPzy","8PvyBSEONgAXABUA/vzHAZ38","7PAVBS4B9v/9/xgA9vuHAicA","zflgBdbxMwAEABcA8f/SAYgC","1f/RAxbwMQAKABUAkwFjAVMC","5gF+BNzwMQABAAEA1AF3AZYC","CQQRBfLwNwDT/wsAeQHxACcC"],["TwS2CFIMCwARAAYAPP+FAZX8","3wELByoOBwAKABMAjP8eAPzy","7vv1BSAOOQAYABUA/vzGAZf8","6vATBSwB9v/9/xgA9vuJAi8A","yvlaBdXxMAABABgA7//SAYgC","1f/RAxbwMQAKABUAjgFjAVMC","6AF8BN3wMgAAAAAA1AFzAZAC","CQQRBfLwOADT/wsAeQHzACcC"]],"packets":4,"timestamp":20714058,"diffrence":20060,"freq":50}
{"data":[["VgS4CF0MDQAQAAUAPP+DAZv8","5AEEBzEOCAAJABEAjP8eAPzy","8vvvBR4OOAAXABQA/fzGAZf8","6vATBSwB9v/9/xgA+/uJAi8A","yvlaBdXxMAABABgA7//QAY0C","1//MAxTwMAAIABQAjgFjAVMC","6AF8BN3wMgAAAAAA1gFzAZAC","DAQVBfDwPgDS/w4AewHzACcC"],["VgS4CF0MDQAQAAUANv+DAZv8","5AEEBzEOCAAJABEAjP8cAAbz","8vvvBR4OOAAXABQA/fzHAZn8","7vAVBTEB9v/6/xsA+/uJAi8A","yflfBdXxLgD//xcA7f/QAY0C","1//MAxTwMAAIABQAjgFiAU4C","5wF8BNzwMQAAAP//1gF4AY4C","DAQVBfDwPgDS/w4AewHzACcC"],["UgS4CF0MDgAPAAQANv+AAZD8","4AEDBy4OCwAKABIAhv8cAAbz","9PvsBR4ONgAcABQAAP3HAZn8","7vAVBTEB9v/6/xsA+/uLAiwA","yflfBdXxLgD//xcA7f/QAY0C","2v/PAxrwMQAIABYAmQFiAU4C","6AF9BNzwLwD+////0gF4AY4C","CgQTBfLwPQDR/wsAewHrACEC"],["UQS1CFgMDAANAAQAN/+AAZD8","4AEDBy4OCwAKABIAhv8YAAnz","9PvsBR4ONgAcABQAAP3EAaD8","4/ATBS8B+P/5/xsA+fuLAiwA","yvlaBdHxMAD//xcA7f/GAXcC","0f/PAxLwMAAFABYAmQFjAVQC","6AF9BNzwLwD+////0gF4AY4C","CgQTBfLwPQDR/wsAfQHrACEC"],["UQS1CFgMDAANAAQAN/+AAZD8","3QECBy4OCQAKABMAhf8YAAnz","8fvzBR4OOAAbABYA/PzEAaD8","5/APBSUB+f/6/xwA+fuIAjQA","zfldBdTxLgD//xYA9P/GAXcC","0f/PAxLwMAAFABYAmQFjAVQC","5wF4BNfwLAD9/wAA0gF3AZUC","CgQSBfDwOQDR/wwAfQHwACIC"]],"packets":5,"timestamp":20738943,"diffrence":20013,"freq":50}
{"data":[["VQSzCFsMDgAMAAIAN/+HAZ/8","2wEDBzYOCAAHABIAhf8gAALz","7fvwBR8OOQAYABUA/PzEAaD8","5/APBSUB+f/6/xwA+fuIAjQA","zfldBdTxLgD//xYA9P/LAYoC","1f/QAxrwLwAHABMAmQFjAVQC","5wF4BNfwLAD9/wAA0AF3AZUC","DQQSBfLwOADU/w0AgAHwACIC"],["VQSzCFsMDgAMAAIAOv+HAZ/8","2wEDBzYOCAAHABIAhP8gAALz","7fvwBR8OOQAYABUA/PzFAZz8","5fASBSkB+f/9/xsA+fuIAjQA","xflgBdjxLQD9/xYA+P/LAYoC","1f/QAxrwLwAHABMAmQFdAU4C","4wF/BNnwLgD+/wEA0AF4AZ8C","DQQSBfLwOADU/w0AgAHwACIC"],["VASyCF8MEAALAAIAOv+DAZ78","4wEDBzAOCQAIABEAhP8gAALz","8vvuBSMOOAAYABQA/fzFAZz8","5fASBSkB+f/9/xsA+fuIAiwA","xflgBdjxLQD9/xYA+P/LAYoC","1v/QAxjwLwAHABMAlQFdAU4C","6AF5BNvwMAAAAP7/0QF4AZ8C","BgQVBfLwPADU/w0AgAHrACQC"],["UwSyCGEMEgALAAIAOf+DAZ78","4wEDBzAOCQAIABEAhP8gAP/y","8vvuBSMOOAAYABQA/fzLAZ78","5/ARBSoB9v8AABwA9vuIAiwA","x/leBc/xLQD9/xYA+P/JAYMC","1P/SAxLwLQAJABIAlQFiAVkC","6AF5BNvwMAAAAP7/0QF2AaAC","BgQVBfLwPADU/w0AewHrACQC"],["UwSyCGEMEgALAAIAOf+DAaX8","2gEABzQOCQALABEAiv8gAP/y","8fvuBSMOOQAZABUAAf3LAZ78","4PAOBSkB9v/9/xwA9vt/AisA","zPliBcvxKwD//xYA9//JAYMC","1P/SAxLwLQAJABIAlgFiAVkC","6wF9BNzwMgD9////0wF2AaAC","DAQUBfPwOwDT/w0AewH1ACUC"]],"packets":5,"timestamp":20764062,"diffrence":20024,"freq":50}
{"data":[["UwS0CFoMDgAOAAIAPv+DAaX8","3QH8BjoOCwALABAAiv8mAPzy","6PvtBSgOOgAaABMAAf3LAZ78","4PAOBSkB9v/9/xwA+vt/AisA","zPliBcvxKwD//xYA9//HAXsC","1v/QAxTwMQAHABMAlgFiAVkC","6wF9BNzwMgD9////0wF2AaAC","CwQSBfLwOQDU/wwAfQH1ACUC"],["UwS0CFoMDgAOAAIAPv+DAaX8","3QH8BjoOCwALABAAhf8mAPzy","6PvtBSgOOgAaABMAAf3PAan8","7PARBSEB+v/8/xkA+vt/AisA","x/lcBc3xMAABABcA7v/HAXsC","2//QAw/wNAAIABQAlgFjAVYC","6gF9BN/wMgD9//3/0wFxAZ0C","CwQSBfLwOQDU/wwAfQH1ACUC"],["TASvCF0MDQAOAAcAPv+IAZf8","3AEABzcOCAAJABAAhf8mAPzy","7PvxBSEONwAYABcA+fzPAan8","7PARBSEB+v/8/xkA+vuGAioA","x/lcBc3xMAABABcA7v/HAXsC","2//QAw/wNAAIABQAlAFjAVYC","6QF/BNzwMgD8//7/0AFxAZ0C","CQQVBfbwOgDT/wsAfQH1ADQC"],["VwS6CFoMCwARAAcAN/+IAZf8","3AEABzcOCAAJABAAhf8kAPby","7PvxBSEONwAYABcA+fzKAaL8","4fASBSwB+P/+/xkA+vuGAioA","xvliBdXxMAACABYA7v/LAYUC","1v/PAxfwMgAKABMAlAFtAVkC","6QF/BNzwMAD8//7/0AF0AaAC","CQQVBfbwOgDT/wsAfQH1ADQC"],["VwS6CFoMCwARAAcAN/+HAZr8","3gH+BjcOBQAKABQAi/8kAPby","6fvvBSEONAAWABQA8vzKAaL8","3/ANBSoB+f8AABgA+vuCAi8A","yvlhBcrxMAACABQA6v/LAYUC","1v/PAxfwMgAKABMAlwFtAVkC","6AGABNrwLQD9//3/2AF0AaAC","BgQRBffwOQDU/wsAfQHwAC4C"]],"packets":5,"timestamp":20789070,"diffrence":20015,"freq":50}
{"data":[["UwSyCFgMCQASAAMAOv+HAZr8","5QECBzUOBAAMABUAi/8pAADz","8vvsBSQONAAVABUA8vzMAaT8","3/ANBSoB+f8AABgA9/uCAi8A","yvlhBcrxMAACABQA6v/TAYAC","2f/MAxjwMQAKABMAlwFhAVcC","6AGABNrwLQD9//3/2AF0AaAC","CgQSBfLwNgDQ/wsAfwHwAC4C"],["UwSyCFgMCQASAAMAOv+HAZr8","5QECBzUOBAAMABUAf/8pAADz","8vvsBSQONAAVABUA/vzMAaT8","4fARBSsB+P///xgA9/uCAi8A","zvleBczxMgAEABMA8v/TAYAC","1f/OAxjwNAALABMAkwFhAVcC","5QF7BNvwLgD+////2AF5AZQC","CgQSBfLwNgDQ/wsAfwHwAC4C"],["VQS1CF0MCgASAAQAOv+IAaD8","4AH9BjIOAwAOABMAf/8pAADz","8vvqBSYONAAWABMA/vzMAaT8","4fARBSsB+P///xgA9/uDAicA","zvleBczxMgAEABMA8v/QAXUC","1f/OAxjwNAALABMAkwFhAVcC","5QF7BNvwLgD+////zwF5AZQC","DwQMBfLwOADR/w0AfwHwACQC"],["UAS5CF0MCgAPAAUAN/+IAaD8","4AH9BjIOAwAOABMAf/8ZAA3z","8vvqBSYONAAWABMA/vzEAZf8","4vANBSoB+f/9/xYAAPyDAicA","yPlfBdbxNAAFABcA6f/QAXUC","2f/RAxfwNQAMABIAkwFkAVQC","6QF+BNnwMQAAAP7/zwFwAZ0C","DwQMBfLwOADR/w0AfQHwACQC"],["UAS5CF0MCgAPAAUAN/+HAaH8","2gH/BjEOBAAMABQAgv8ZAA3z","7vvxBSMONAAbABQAAP3EAZf8","6/ARBSYB9v/8/xcAAPyPAi8A","yvldBdPxMgAEABYA6f/QAXUC","2f/RAxfwNQAMABIAlAFkAVQC","6AF/BNnwMQD+//7/1gFwAZ0C","DAQRBfPwOQDT/wsAfQHsAB0C"]],"packets":5,"timestamp":20813000,"diffrence":20171,"freq":50}
{"data":[["UAS1CFkMCgAPAAcAQ/+HAaH8","3gH+BjYOBAAMABUAgv8lAALz","9PvwBSQONQAaABIAAP3LAZn8","6/ARBSYB9v/8/xcA//uPAi8A","yvldBdPxMgAEABYA6f/PAYIC","2//RAxTwMwAKABIAlAFgAVMC","6AF/BNnwMQD+//7/1gFwAZ0C","CQQSBfbwOgDT/woAdQHsAB0C"],["UAS1CFkMCgAPAAcAQ/+HAaH8","3gH+BjYOBAAMABUAhf8lAALz","9PvwBSQONQAaABIABf3LAZn8","7fARBS0B+P/9/xcA//uPAi8A","yvlbBdfxMAADABQA8P/PAYIC","1P/WAxXwMQAKABQAkwFgAVMC","5AF7BNzwLwABAP//1gFwAZoC","CQQSBfbwOgDT/woAdQHsAB0C"],["VASwCGEMCgARAAQAQ/+GAaT8","4QEGBywOBQAMABUAhf8lAALz","8vvxBSQONQAVABMABf3KAZ38","7fARBS0B+P/9/xcA//uJAiwA","yvlbBdfxMAADABQA8P/NAXYC","1P/WAxXwMQAKABQAkwFgAVMC","5AF7BNzwLwABAP//0QFwAZoC","BQQSBe/wOADV/wkAdQH2ACwC"],["VgS5CFoMCgAQAAUAQP+GAaT8","4QEGBywOBQAMABUAhf8YAPzy","8vvxBSQONQAVABMA//zKAZ38","6PAXBSkB+P///xcA+PuJAiwA","yfleBdTxMAAAABYA7v/NAXYC","1f/YAxbwMQAIABIAkwFeAVcC","5AF9BNvwLwABAP//0QF1AZ4C","BQQSBe/wOADV/wkAgQH2ACwC"]],"packets":4,"timestamp":20837215,"diffrence":20049,"freq":50}
{"data":[["VgS5CFoMCgAQAAUAQP+NAaL8","4QEDBy0OBgAMABUAfP8YAPzy","8/vyBSIONAAVABMA//zKAZ38","7fARBTIB+f/+/xgA+PuEAioA","y/lhBdbxMAABABcA7v/NAXYC","1f/YAxbwMQAIABIAkwFeAVcC","6AF/BNnwMQAAAAAA0wF1AZ4C","CAQMBe7wOADT/w0AgQHzACcC"],["WQS0CF0MDAAOAAUANf+NAaL8","4QEDBy0OBgAMABUAfP8YAAPz","8fvwBRgOMgAYABQA//zGAZz8","7fARBTIB+f/+/xgABPyEAioA","y/lhBdbxMAABABcA7v/YAXsC","2f/UAxjwNQAHABIAkwFfAWIC","6AF/BNnwMQAAAAAA0wFzAaAC","CwQWBfLwOQDS/wsAewHzACcC"],["WQS0CF0MDAAOAAUANf+MAan8","5QEFBy8OCAAMABQAgv8YAAPz","8fvwBRgOMgAYABQAAP3GAZz8","5/APBS8B+P/8/xkABPyEAioA","yvlhBdjxMAABABYA5//YAXsC","1v/UAxTwMAAIABMAlQFfAWIC","6gF/BN3wMgD+/wEA1QFzAaAC","CwQWBfLwOQDS/wsAewHzACcC"],["UQS0CFcMDAANAAQAPf+MAan8","3gEBBywOBgALABQAgv8YAAPz","9PvwBSAONgAYABYAAP3HAZ38","5/APBS8B+P/8/xkABPyLAiwA","yvlhBdjxMAABABYA5//SAXwC","1v/UAxTwMAAIABMAlQFfAWIC","6gF/BN3wMgD+/wEA1QFzAaAC","DQQTBfbwNwDT/wsAewHyACEC"],["VASzCFYMCwAMAAQAPf+MAan8","3gEBBywOBgALABQAgv8eAP3y","9PvwBSAONgAYABYAB/3HAZ38","7/ASBSoB+f/6/xkABfyLAiwA","y/lfBdHxLwADABYA6f/SAXwC","2v/UAxjwLgAJABQAlQFfAVsC","5wGABN7wMQD+//3/1QFwAZgC","DQQTBfbwNwDT/wsAewHyACEC"]],"packets":5,"timestamp":20862317,"diffrence":20031,"freq":50}
{"data":[["VASzCFYMCwAMAAQAPf+LAaX8","1QEBBy8OBQALABQAgP8eAP3y","5vvyBRkONgAZABYAB/3HAZ38","7/AQBSQB+f/9/xgABfyIAi4A","yflfBdLxLwAAABYA6f/SAXwC","2v/PAxbwLAAKABQAlAFfAVsC","5wF6BNjwLwD9////0gFwAZgC","CwQVBfTwNgDT/wsAewHyAC4C"],["TgS3CFIMCgAPAAUANf+LAaX8","1QEBBy8OBQALABQAgP8bAPjy","8vvwBRwOOAAbABYAB/3KAav8","7/AQBSQB+f/9/xgA/vuIAi4A","yflfBdLxMAAAABYA6f/TAXMC","2v/PAxbwLAAKABQAlAFeAU4C","5wF6BNjwLwD9////0gFzAZIC","DgQRBfbwOADU/wsAfAHyAC4C"],["TgS3CFIMCgAPAAUANf+KAaH8","2AEBBzEOBgAJABQAgv8bAPjy","8vvwBRwOOAAbABYACf3KAav8","5vATBSsB9/8AABkA/vuIAi4A","yflmBdLxLwD+/xUA6f/TAXMC","2P/WAxHwLwAHABQAkAFeAU4C","5wF9BNrwMQD9////1wFzAZIC","DgQRBfbwOADU/wsAfAHvACQC"],["UAS5CFYMDQAOAAYAOP+KAaH8","4gEDBzIOBwAJABYAgv8bAPjy","8vvwBSkOOQAVABUACf3QAaP8","5vATBSsB9/8AABkA/vuOAikA","yflmBdLxLwD+/xUA6f/OAYMC","2P/WAxHwLwAHABQAkAFeAU4C","5wF9BNrwMQD9////1wFzAZIC","CgQOBfTwNwDS/woAfwHvACQC"],["VQSzCFYMDwAQAAQAOP+KAaH8","4gEDBzIOBwAJABYAgv8cAP7y","8vvwBSkOOQAVABUABP3QAaP8","4/AXBTAB9v///xsAAPyOAikA","z/liBdXxLgD+/xUA8v/OAYMC","1v/PAxbwLwAHABUAkAFeAVYC","6QGABNfwMQD//wAA1wFuAZsC","CgQOBfTwNwDS/woAfwHvACQC"]],"packets":5,"timestamp":20887234,"diffrence":20010,"freq":50}
{"data":[["VQSzCFYMDwAQAAQAOP+KAaf8","5wEBBzEOCQAJABMAgv8cAP7y","7fvxBSQOOQAZABgABP3HAan8","4/ATBSwB9//9/xwAAPyFAjEA","z/liBdXxLgD+/xUA8v/NAYYC","1f/PAxDwLQAJABYAjgFeAVYC","5gF9BN3wMQD9////1gFuAZsC","CQQOBfHwOQDS/wsAfwHvAC0C"],["VgS0CFwMDQAMAAIAPf+KAaf8","5wEBBzEOCQAJABMAgv8aAAHz","8fvyBSIONgAYABQAB/3HAan8","4/ATBSwB9//9/xwA9PuFAjEA","yPlfBdHxKwD9/xgA6//NAYYC","1f/PAxDwLQAJABYAjgFqAVEC","5gF9BN3wMQD9////1gF8AZQC","BwQSBfLwPADU/w0AigHvAC0C"],["VgS0CFwMDQAMAAIAPf+MAa78","3wH+BjMOCQAJABAAh/8aAAHz","8fvyBSIONgAYABQAB/3HAan8","5vAOBSQB+f/8/x0A9PuFAjEA","zflgBdLxLAD//xkA6//NAYYC","2v/QAxPwMAAJABQAjAFqAVEC","7AGABNnwMAD+/wEA0gF8AZQC","BwQSBfLwPADU/w0AigHvACEC"],["UASxCFcMDgANAAIAQ/+MAa78","2gH/BjUODQALABIAh/8aAAHz","7/vmBR4ONwAZABMAB/3UAZ78","5vAOBSQB+f/8/x0A9PuIAigA","zflgBdLxLAD//xkA6//UAX0C","2v/QAxPwMAAJABQAjAFcAU4C","7AGABNnwMAD+/wEA0gFwAZgC","BwQXBfnwOgDW/w4AfQHvACEC"],["UgS0CF8MDgAPAAEAQ/+MAa78","2gH/BjUODQALABIAh/8ZAATz","7/vmBR4ONwAZABMAB/3UAZ78","7/AMBScB+f/8/xwA9/uIAigA","zvlcBdfxLgACABgA6//UAX0C","1//TAxXwMAAGABUAjgFcAU4C","5wGBBNbwMQABAAAA2wFwAZgC","BwQXBfnwOgDW/w4AfQHvACEC"]],"packets":5,"timestamp":20912192,"diffrence":20045,"freq":50}
{"data":[["UgS0CF8MDgAPAAEAQ/+NAav8","3AEDBzYOCgANABMAg/8ZAATz","7vvtBSIONgAYABUAB/3NAZv8","4vAMBScB+f/8/xwA9/uAAjsA","zvlcBdfxLgACABgA6//MAXoC","2v/TAxPwMAAIABQAjgFcAU4C","6AGABNTwMgAAAAIA2wFwAZgC","BgQQBfbwOQDV/wwAfQHwACUC"],["VwSvCFUMCgARAAQAOv+NAav8","3AEDBzYOCgANABMAg/8iAAPz","7fvnBSQONgAXABUACf3NAZv8","4vAUBSgB9v8AABsA9/uAAjsA","yPlgBdPxMAABABcA6v/MAXoC","2v/TAxPwMAAIABQAjgFkAUgC","6AGABNTwMgAAAAIA2wF6AZ0C","BgQQBfbwOQDV/wwAgwHwACUC"],["UQSwCFoMCgARAAUAOv+RAaT8","3gECBzEOCQANABUAhP8iAAPz","7fvnBSQONgAXABUACf3EAZX8","5fATBS8B9v/8/xgA9/uAAjsA","zfliBdTxMgACABYA6v/MAXoC","2P/OAxPwMQAJABQAhQFkAUgC","6wF6BNnwLwD/////2AF6AZ0C","CAQQBfTwOADV/woAgwH1ACYC"],["UQSwCFoMDAARAAUALv+RAaT8","5AEDBzQOBwALABMAhP8iAAPz","8fvvBSkOOAAXABUAAP3EAZX8","5fATBS8B9v/8/xgA9/t/AisA","zfliBdTxMgACABYA6v/LAXoC","2P/OAxPwMQAJABQAhQFbAU0C","6wF6BNnwLwD/////2AF4AaIC","CgQMBfLwOQDU/w4AhQH1ACYC"]],"packets":4,"timestamp":20935461,"diffrence":20042,"freq":50}
{"data":[["VgSzCFgMCwAPAAUALv+LAaf8","5AEDBzQOBwALABMAhP8jAP/y","8fvvBSkOOAAXABUAAP3EAZX8","5/AUBSoB9f/7/xYA9Pt/AisA","zfliBc/xLgACABcA7v/LAXoC","1v/OAxPwMQAIABQAjAFbAU0C","6QF/BNnwLgAAAAEA3QF4AaIC","CgQMBfLwOQDU/w4AhQH1ACYC"],["VgSzCFgMCwAPAAUAOv+LAaf8","4wEABy4OBwAKABEAg/8jAP/y","8/vrBScOOAAZABYAAP3GAZz8","5/AUBSoB9f/7/xYA9Pt4AicA","zfliBc/xLgACABcA7v/cAXwC","1//NAxvwMgAJABYAjAFbAU0C","7AGABNnwMAABAAAA3QF4AaIC","CQQTBfDwOQDW/wwAhQH7ACIC"],["VwS1CF8MDQAOAAQAOv+LAaf8","4wEABy4OBwAKABEAg/8bAP3y","8vvlBSgONwAXABQAA/3GAZz8","5fARBS8B9v/6/xkA+ft4AicA","yvlaBdTxMQAEABcA8P/cAXwC","1//NAxvwMgAJABYAjAFiAUsC","7AGABNnwMAABAAAA3QF5AaQC","CQQTBfDwOQDW/wwAgwH7ACIC"],["TwS2CF4MCwANAAQAOv+NAbL8","3AEEBzUOBgANABMAfP8bAP3y","8vvlBSgONwAXABQAA/3KAZj8","6PAQBSkB+P/8/xoA+ft4AicA","1PlcBdbxMQAEABcA8P/cAXwC","1v/UAxrwMwAJABUAkgFiAUsC","6wGCBNrwMwD+////0AF5AaQC","CwQRBfTwOgDV/woAgwH4ADEC"],["TwS2CF4MCwANAAQAPf+NAbL8","2gEABzEOAgAMABQAfP8bAP3y","7PvqBSEONQAWABcA/vzKAZj8","6PAQBSkB+P/8/xoA+fuLAicA","1PlcBdbxMQAEABcA8P/OAXgC","1v/RAxbwMwAHABIAkgFbAU8C","6wGCBNrwMwD+////0AF2AaAC","CgQTBfbwPADS/wwAgQH4ADEC"]],"packets":5,"timestamp":20959679,"diffrence":20008,"freq":50}
{"data":[["UQS3CGMMBgANAAcAPf+LAar8","2gEABzEOAgAMABQAfP8fAALz","7PvqBSEONQAWABcA/vzPAZz8","7fAOBSsB+f/7/xcA/vuLAicA","zfldBdPxMQAFABIA6//OAXgC","1v/RAxbwMwAHABIAmAFbAU8C","6QF+BNzwMwD+//7/zwF2AaAC","CgQTBfbwPADS/wwAgQH4ADEC"],["UQS3CGMMBgANAAcAPv+LAar8","3wEEBysOAQALABMAgP8fAALz","9PvwBSIOMQAXABUAA/3PAZz8","7fAOBSsB+f/7/xcA/vuCAjIA","zfldBdPxMQAFABIA6//KAXkC","2f/MAxXwMAAGABMAmAFbAU8C","5wF9BNjwLwD/////zwF2AaAC","BgQUBe3wOwDU/w4AgQH0AD0C"],["VQS4CGAMBgAOAAcAPv+LAar8","3wEEBysOAQALABMAgP8lAAfz","8PvwBSkOMwAWABYAA/3PAZz8","6vAXBSoB9f/9/xgAAvyCAjIA","yfldBdTxMQADABMA9P/KAXkC","2f/MAxXwMAAGABMAmAFkAVEC","5wF9BNjwLwD/////zwF0AaMC","BgQUBe3wOwDU/w4AfQH0AD0C"],["WAS4CFkMCwAOAAYAPv+RAaX8","3QECBzIOBAAKABMAgP8lAAfz","8PvwBSkOMwAWABYAA/3HAZv8","5vAQBTQB+P/+/xgAAvyCAjIA","yPldBc7xMAADABcA9P/QAX4C","1P/SAxbwMAAIABQAnAFkAVEC","5wF+BNrwLwD//wEA0gF0AaMC","CQQSBfTwOADV/woAfQH1ADEC"],["WAS4CFkMCwAOAAYAOf+RAaX8","3wEJBy8OCAALABUAgP8jAArz","9vv1BSMONAAVABQABf3HAZv8","5vAQBTQB+P/+/xgAAvyIAiYA","yPldBc7xMAADABcA8//QAX4C","1f/RAxbwMQAHABYAnAFjAUUC","5wF+BNrwLwD//wEA0gFwAZ8C","CwQOBe7wOgDU/wsAfgH1ADEC"]],"packets":5,"timestamp":20984218,"diffrence":20044,"freq":50}
{"data":[["UgSzCFkMCQAPAAUAOf+UAaH8","3wEJBy8OCAALABUAf/8jAArz","9vv1BSMONAAVABQABf3MAaL8","4/AXBS8B9f/8/xkAAfyIAiYA","y/leBdTxMAADABYA8//QAX4C","1f/RAxbwMQAHABYAkgFjAUUC","6QF9BNvwMQABAP7/0gFwAZ8C","CwQOBe7wOgDU/wsAfgH1ADEC"],["UgSzCFkMCQAPAAUANv+UAaH8","4gEDBzEOBgAKABUAf/8jAArz","5vv3BSMONQAWABYABf3MAaL8","4/AXBS8B9f/8/xkAAfyBAjAA","y/leBdTxMAADABYA8//RAYEC","2P/VAxbwMgAIABQAkgFkAUUC","6gGBBNzwMgD+////0gF5AZwC","DAQOBfDwOADT/wwAfgH4ADkC"],["TwS0CF4MCgAQAAMANv+MAaT8","4gEDBzEOBgAKABUAf/8iAA3z","7PvvBR4OOQAYABYABf3MAaL8","6PASBSwB8//8/xgA/fuBAjAA","yflhBdLxLgAEABUA8f/RAYEC","2P/VAxbwMgAIABQAigFkAUUC","6gGBBNzwMgD+////0wF5AZwC","DAQOBfDwOADT/wwAeAH4ADkC"],["UwSyCF0MDQAQAAQAQP+MAaT8","3wEABzMOCQAMABEAff8iAA3z","7PvvBR4OOQAYABYABf3EAaf8","7fAPBS4B9f/6/xcA/fuBAjAA","yfljBdfxLQAFABcA8f/NAYQC","1v/QAxvwLwAIABQAigFkAUUC","6wF/BNrwMgABAAEA0wF5AZwC","CwQTBfLwOQDS/wsAeAHvADUC"],["UwSyCF0MDQAQAAQAQP+MAaT8","4wH/BjIOBgALABMAff8fAATz","7fvsBR0OOQAWABQABf3EAaf8","7fAPBS4B9f/6/xcA/fuHAicA","yfljBdfxLQAFABcA9P/NAYQC","2P/SAxbwMgAJABMAigFmAUYC","6wF/BNrwMgABAAEA0wF3AZUC","CAQVBfjwOQDS/wwAfgHvADUC"]],"packets":5,"timestamp":21008934,"diffrence":20042,"freq":50}
{"data":[["VwS0CFgMCwAPAAQAQP+GAaT8","4wH/BjIOBgALABMAeP8fAATz","7fvsBR0OOQAWABQABf3LAaL8","7/AOBSoB9v/7/xgA/PuHAicA","yvliBdLxMQAEABcA9P/NAYQC","2P/SAxbwMgAJABMAkQFmAUYC","7AGCBN7wMQABAP//2AF3AZUC","CAQVBfjwOQDS/wwAfgHvADUC"],["VwS0CFgMCwAPAAQANP+GAaT8","3gH/BjEOCAAJABIAeP8fAATz","6/vrBSAOOQAXABMABP3LAaL8","7/AOBSoB9v/7/xgA/PuJAjgA","yvliBdLxMQAEABcA9P/NAYUC","1v/PAxTwMAAJABUAkQFkAUYC","5AF7BNrwLQAAAP//2AF+AZoC","CAQPBfLwOQDV/w4AfgHxAC0C"],["UwSzCFEMDAAOAAQANP+CAab8","3gH/BjEOCAAJABIAeP8hAAjz","8PvxBSMONwAYABQABP3IAaz8","6PASBS8B+P/8/xkA/vuJAjgA","y/lgBdfxLgADABgA8P/NAYUC","1v/PAxTwMAAJABUAiwFkAUYC","5AF7BNrwLQAAAP//2wF+AZoC","CAQPBfLwOQDV/w4AdAHxAC0C"],["UgS2CFgMDgAPAAUAQP+CAab8","3gECBzIOCQAJABIAgP8hAAjz","8PvxBSMONwAYABQAC/3IAaz8","4/AUBS0B+P/8/xoA/vuJAjgA","yPlfBdHxMAABABgA8P/HAYYC","1f/VAxbwMQAIABgAiwFkAUYC","6gF8BNjwLwACAAAA2wF+AZoC","DQQPBfLwNwDW/wsAdAH0ACsC"]],"packets":4,"timestamp":21033107,"diffrence":20000,"freq":50}
{"data":[["UgS2CFgMDgAPAAUAQP+CAab8","3gECBzIOCQAJABIAgP8eAAvz","8vvzBSMONwAYABYAC/3IAaz8","4/AUBS0B+P/8/xoA/vuJAicA","yPlfBdHxMAABABgA7P/HAYYC","1P/SAxLwLwAJABUAiwFoAUMC","6gF8BNjwLwACAAAA2wF6AaIC","CQQUBfLwOADT/wwAfAH0ACsC"],["VQS0CFwMDgAQAAUAQP9/Aan8","3wEABzEOBwAKABMAf/8eAAvz","8vvzBSMONwAYABYAC/3HAaP8","5PATBS4B9//8/xgA9PuJAicA","x/lfBdPxLwABABcA7P/HAYYC","1P/SAxLwLwAJABUAiQFoAUMC","7gF+BNnwMQABAP7/1QF6AaIC","CQQUBfLwOADT/wwAfAH0ACsC"],["VQS0CFwMDgAQAAUANf9/Aan8","3AEBBy8OCQAKABEAf/8eAAvz","6/vtBSMOOAAVABgA/fzHAaP8","5PATBS4B9//8/xgA9PuHAicA","x/lfBdPxLwABABcA7P/PAX8C","1//PAxbwMQAKABQAiQFfAUIC","5gF+BNjwLgADAP7/1QF2AZQC","DwQQBfHwOgDR/woAfAH3ACUC"],["UQSyCFsMDAAOAAQANf+LAaL8","3AEBBy8OCQAKABEAf/8fAA3z","5vvzBR8ONwAZABcA/fzCAaP8","5/APBSgB9//7/xkA9vuHAicA","0flaBdfxLwABABcA9P/PAX8C","2v/TAxrwMgAJABIAkwFfAUIC","5gF+BNjwLgADAP7/0QF2AZQC","DwQQBfHwOgDR/woAhAH3ACUC"],["VwSvCFsMCwANAAQAPf+LAaL8","3QEBBzMOBgAKABIAff8fAA3z","5vvzBR8ONwAZABcAAv3CAaP8","6/ASBSoB9v/8/xoA9vuHAicA","zPlgBdPxLQABABYA9P/RAX4C","2v/TAxrwMgAJABIAkwFfAUIC","6wF+BNzwMQABAP7/0QF2AZQC","DgQWBfLwOADR/woAhAH4ACwC"]],"packets":5,"timestamp":21057305,"diffrence":20006,"freq":50}
{"data":[["VwSvCFsMCwANAAQAPf+LAaL8","3QEBBzMOBgAKABIAff8lAAnz","6fvrBSAONgAZABUAAv3AAa/8","6/ASBSoB9v/8/xoA9vuPAigA","zPlgBdPxLQABABYA9P/RAX4C","2f/OAxfwMQAIABIAkwFlAUwC","6wF+BNzwMQABAP7/0QF5AYwC","CgQUBfPwOgDR/wwAdgH4ACwC"],["UQSvCFoMCwANAAMAPf+HAZr8","3wH/BjUOBgAJABMAhf8lAAnz","6fvrBSAONgAZABUA+/zAAa/8","5PAUBSYB9//8/xgA9vuPAigA","xPliBdHxLwAAABYA9P/RAX4C","2f/OAxfwMQAIABIAlQFlAUwC","6QF9BN3wMAD///7/ywF5AYwC","CgQUBfPwOgDR/wwAdgH4ACwC"],["UQSvCFoMCwANAAMAQP+HAZr8","4QECBy4OBQAJABMAhf8lAAnz","7fvvBSQONwAWABQA+/zAAa/8","5PAUBSYB9//8/xgA9vuMAi8A","xPliBdHxLwAAABYA9P/QAX8C","2P/NAxfwLwAIABMAlQFeAU8C","6gGCBNrwMAD/////ywF/AZgC","DAQPBfDwNwDT/wsAdgH3ACUC"],["VgS1CFUMDQARAAUAQP+DAav8","4QECBy4OBQAJABMAhf8gAAfz","7/vwBSYOOAAWABQA+/zHAav8","6vASBSwB+f/9/xcA+/uMAi8A","yvlfBdPxMAAAABcA7//QAX8C","1P/RAxPwMAAIABQAlQFeAU8C","6gGCBNrwMAAAAP//zgF/AZgC","DAQPBfDwNwDT/wsAeQH3ACUC"],["WQSxCF8MDgAQAAIAQP+DAav8","4wH/BjkOCAAJABMAe/8gAAfz","7/vwBSYOOAAWABQABf3HAav8","5PATBS4B+//+/xkA+/uMAi8A","yfliBdbxLgACABgA7//JAYEC","1P/RAxPwMAAIABQAlQFeAU8C","5gF+BNjwMAD+/wAAzgF9AZsC","DAQSBe7wOQDU/wwAeQH0AC8C"]],"packets":5,"timestamp":21082202,"diffrence":20037,"freq":50}
{"data":[["WQSxCF8MDgAQAAIAQP99Aan8","4wH/BjkOCAAJABMAe/8iAATz","8PvtBSEOOAAVABQABf3HAar8","5PATBS4B+//+/xkA+/uMAikA","yfliBdbxLgACABgA9//JAYEC","2v/RAxjwNAAHABQAlwFXAU8C","5gF+BNjwMAD+/wAA0gF9AZsC","DAQVBfPwOgDT/wsAewH0AC8C"],["UQS1CF0MDgAQAAUASf99Aan8","4wEABzMOBgAMABIAfP8iAATz","8PvtBSEOOAAVABQAB/3HAar8","5vAOBS4B+//7/xkAAvyMAikA","zPleBc/xLwACABcA9//MAYYC","2v/RAxjwNAAHABQAlwFXAU8C","4wGABNzwMAAAAAAA0gF9AZsC","DAQVBfPwOgDT/wsAewH0AC8C"],["UQS1CF0MDgAQAAUASf99Aan8","3AH/BjMOCAAKABEAfP8iAATz","7vvsBSMONgAYABYAB/3HAar8","5vAOBS4B+//7/xkAAvyKAiQA","zPleBc/xLwACABcA+P/MAYYC","1P/SAxjwNAAIABMAlwFhAVIC","4wGABNzwMAAAAAAA0gGCAZwC","CwQSBffwOgDR/wwAewH2ACsC"],["WASuCF8MCwAOAAYASf+BAaX8","3AH/BjMOCAAKABEAfP8dAAzz","8PvpBSQOMgAZABUAB/3BAa/8","5PAMBSYB+v/7/xgA+vuKAiQA","zflcBdjxMQACABcA+P/MAYYC","1v/QAxTwMQAHABUAmQFhAVIC","5gF+BN3wLwD+////zgGCAZwC","CwQSBffwOgDR/wwAewH2ACsC"],["UASxCF0MCwAPAAQAPP+BAaX8","4AEABy0OBQALABMAev8dAAzz","8PvpBSQOMgAZABUAA/3BAa/8","7PAMBSkB+P/9/xYA+vuKAiQA","zflcBdjxMQACABcA+P/OAYgC","1v/QAxTwMQAHABUAmQFnAUgC","6AF8BNvwLwD+////zgF+AZEC","BwQQBfHwOQDS/w0AewHvACQC"]],"packets":5,"timestamp":21106927,"diffrence":20048,"freq":50}
{"data":[["UASxCF0MCwAPAAQAPP+BAab8","4AEABy0OBQALABMAev8iAAnz","7vvvBR8ONgAXABQAA/3DAa38","7PAMBSkB+P/9/xYA+vuKAjEA","yflfBdbxMQAEABgA9//OAYgC","1f/RAxrwMQAIABMAmAFnAUgC","6AF8BNvwLwD+////0gF+AZEC","BwQQBfHwOQDS/w0AfAHvACQC"],["UQS4CFoMCQAUAAQAO/+BAab8","3wEDBy4OBQANABQAf/8iAAnz","7vvvBR8ONgAXABQAA/3DAa38","7fAVBSsB9v/8/xcABPyKAjEA","zPlfBdPxMwADABcA9//XAYQC","1f/RAxrwMQAIABMAmAFnAUgC","6gF7BN7wLwAAAP7/0gF+AZEC","CQQOBfLwNgDT/wwAfAHvACQC"],["UQS4CFoMCQAUAAQAO/+BAab8","3gECBzAOBQAMABUAf/8iAAnz","8PvrBR0ONgAZABQAA/29AaX8","7fAVBSsB9v/8/xcABPyNAjAA","zPlfBdPxMwADABcA9//XAYQC","1v/RAxrwMQAJABIAmAFjAU8C","6gF7BN7wLwAAAP7/0gF6AZMC","CgQOBfDwNgDT/wwAfAHsACUC"],["VAS3CF4MCgASAAQAO/98AaL8","3gECBzAOBQAMABUAf/8jABvz","6vv0BSMONwAXABYAA/29AaX8","5/ASBS0B9v/+/xkAAvyNAjAA","y/lfBdfxLwACABgA9//XAYQC","1P/RAxjwMAAKABMAkAFjAU8C","6gF9BNzwLwAAAAAA1QF6AZMC","CgQOBfDwNgDT/wwAfgHsACUC"],["VwS6CF0MCwAOAAUAOP98AaL8","4gECBzIOBgAKABMAd/8jABvz","6vv0BSMONwAXABYAA/29AaX8","5PAUBSoB9v/7/xgAAvyNAjAA","y/lfBdfxLwACABgA9//SAYYC","1P/RAxjwMAAKABMAkAFgAUgC","6AF9BNrwMQD/////1QGDAZcC","DAQSBevwNwDS/wsAfgHzACMC"]],"packets":5,"timestamp":21131740,"diffrence":20039,"freq":50}
{"data":[["VwS6CF0MCwAOAAUAOP+EAaL8","4gECBzIOBgAKABMAd/8rAA/z","8fvvBR8ONQAXABUAA/2+AaX8","5PAUBSoB9v/7/xgAAvyKAi0A","zfljBdPxLwACABYA7P/SAYYC","1f/MAxnwMAAKABQAlQFgAUgC","6AF9BNrwMQD/////2AGDAZcC","DAQSBevwNwDS/wsAgQHzACMC"],["VgSyCFwMCQAOAAUAO/+EAaL8","3AEFBzEOBAAKABEAhP8rAA/z","8fvvBR8ONQAXABUAAv2+AaX8","6fARBSoB9v/7/xYAAvyKAi0A","yvliBdrxLgACABgA7P/PAX0C","1f/TAxXwMAAGABMAlQFgAUgC","6gF+BNzwLwD///7/2AF7AZYC","CgQUBfDwOgDS/wwAgQHzACMC"],["VASxCFkMCQAPAAQAO/+EAaP8","1wH/BjIOBgAMABQAhP8rAA/z","7vvxBR8ONQAWABMAAv2zAaP8","6fARBSoB9v/7/xYAAvyFAi0A","yvliBdrxLgACABgA8//PAX0C","1f/TAxXwMAAGABMAlQFhAUsC","6gF+BNzwLwD///7/zQF7AZYC","DAQUBfbwOQDS/woAgQH6ADAC"],["VASxCFkMCQAPAAQAPv+EAaP8","1wH/BjIOBgAMABQAhP8lABLz","8fvrBR8OMgAWABMAAv2zAaP8","4/AQBS4B9v/8/xUA/PuFAi0A","y/lcBdfxLwABABYA8//PAX0C","1P/QAxnwLwAHABIAlgFhAUsC","6QF+BNnwLwD/////zQF7AZYC","DAQUBfbwOQDS/woAeAH6ADAC"]],"packets":4,"timestamp":21155388,"diffrence":20000,"freq":50}
{"data":[["UwS2CFgMCAAPAAUAPv+EAaP8","3AEDBy8OBgAMABQAfv8lABLz","8fvrBR8OMgAWABMAAv28Aaf8","6PARBS8B+v/9/xkA/PuFAi0A","y/lcBdfxLwABABYA8//UAX4C","1P/QAxnwLwAHABIAlgFiAUoC","7AF5BNzwLgD///7/zQGAAZoC","CwQUBfLwNwDS/wsAeAH1ACkC"],["UwS2CFgMCAAPAAUAPv+IAZ/8","3AEDBy8OBgAMABQAfv8hAP3y","9PvuBSMOMgAVABMAA/28Aaf8","6PARBS8B+v/9/xkA/PuIAjAA","y/lfBdPxMAABABYA8P/UAX4C","0P/SAxLwMQAJABIAmAFiAUoC","7AF5BNzwLgD///7/1AGAAZoC","CwQUBfLwNwDS/wsAeQH1ACkC"],["VQS5CFsMCQARAAUAPP+IAZ/8","4gEEBy4OBwALABQAgv8hAP3y","9PvuBSMOMgAVABMAA/28Aaf8","6fATBS0B+P/7/xoABfyIAjAA","yflgBdHxMgD//xUA8P/OAYYC","1f/UAxjwMwAJABEAmAFiAUoC","6AF/BNjwNQD9////1AF4AZUC","CgQQBerwOADS/woAeQH1ACkC"],["UwS4CF4MDAAQAAQAPP+NAZ38","5AEDBy8OCQALABMAgv8hAP3y","8/vxBSEONAAYABYAA/29AaP8","6fATBS0B+P/7/xoABfyJAjsA","yflgBdHxMgD//xUA7v/OAYYC","1f/UAxjwMwAJABEAmAFgAUgC","6AF/BNjwNQD9////0AF4AZUC","CgQSBe/wNwDR/woAeQH1AC0C"],["UwS4CF4MDAAQAAQAPf+NAZ38","5AEDBy8OCQALABMAgv8aAP/y","7/vvBSMONQAaABYA//y9AaP8","5vARBSkB9v/6/xoA/fuJAjsA","x/lfBdXxMwABABcA7v/RAX4C","1v/UAxfwMQAKABMAkgFgAUgC","5wF8BNjwNAD8/wAA0AF4AZUC","CgQSBe/wNwDR/woAgQH1AC0C"]],"packets":5,"timestamp":21180340,"diffrence":20026,"freq":50}
{"data":[["TgS5CFgMDgAOAAUAPf+NAZ38","3AECBzYOCQAMABEAf/8aAP/y","7/vvBSMONQAaABYA//y8Aab8","7PALBSwB+P/8/xoA/fuJAjsA","x/lfBdXxMwABABcA7v/RAX4C","1v/UAxfwMQAKABMAkgFgAUcC","6QGABN7wMgD9/wAA0AF3AZgC","DwQOBfXwOQDR/wwAgQHyADAC"],["TgS5CFgMDgAOAAUAPf+MAaH8","3AECBzYOCQAMABEAf/8lAATz","7PvvBSQONgAXABQA//y8Aab8","7PALBSwB+P/8/xoA/fuJAj0A","zPlhBdPxMAACABYA7v/RAX4C","1f/QAxfwLgAJABQAlwFgAUcC","6QGABN7wMgD9/wAA0gF3AZgC","DwQOBfXwOQDR/wwAfwHyADAC"],["TgS2CF4MDQAOAAIAR/+MAaH8","4QH+BjAOBgAMABQAhv8lAATz","7PvvBSQONgAXABQA//y8Aab8","6vAQBSwB+f/9/xkA/PuJAj0A","yPlgBdTxLgABABcA7v/YAYAC","2f/SAxvwMgAGABIAlwFeAUEC","6QF+BNnwMQD/////0gF2AaMC","CAQUBfXwOwDQ/w0AfwHyADAC"],["UgS0CFcMCwANAAMAR/+FAZL8","5AH+BjYOBwAMABQAhv8hABLz","7/vxBSAONgAZABUA//y+AaL8","6vAQBSwB+f/9/xkA/PuKAi8A","yPlgBdTxLgABABcA8v/YAYAC","2f/SAxvwMgAGABIAlwFeAUEC","6QF+BNnwMQD/////zwF2AaMC","CgQSBe3wOgDR/wwAfwH1ACcC"],["UgS0CFcMCwANAAMAQf+FAZL8","5AH+BjYOBwAMABQAe/8hABLz","6/vuBSUONwAZABMAA/2+AaL8","6fAQBSkB9//+/xkAA/yKAi8A","zfleBdLxLgABABYA8v/NAYgC","1f/SAxfwMQAJABMAlwFeAUEC","6gF9BNrwLgAAAP//zwF2AaMC","CgQSBe3wOgDR/wwAhQH1ACcC"]],"packets":5,"timestamp":21205123,"diffrence":20030,"freq":50}
{"data":[["UQS3CFgMCwAOAAQAQf+FAZL8","3AH+BjAOBgAKABMAe/8hABLz","6/vuBSUONwAZABMAA/3BAZz8","5vASBS8B+P/7/xgAA/yKAi8A","zfleBdLxLgABABYA7v/NAYgC","1f/SAxfwMQAJABMAlwFaAUkC","6QF7BN7wLwD9////zwFwAZQC","DQQQBfjwNwDT/wsAhQHvAB8C"],["UQS3CFgMCwAOAAQAQf+DAZ38","3AH+BjAOBgAKABMAe/8ZAAzz","8PvsBSsONwAXABQAA/3BAZz8","5vASBS8B+P/7/xgAA/yIAiwA","zfldBdPxLwACABcA7v/NAYgC","0//TAxXwMAAIABMAlgFaAUkC","6QF7BN7wLwD9////zwFwAZQC","DQQQBfjwNwDT/wsAdAHvAB8C"],["UQS4CF8MDgAOAAIAOP+DAZ38","3gH9BisOCAAJABIAfv8ZAAzz","8PvsBSsONwAXABQAA/3HAZn8","5/AVBS8B9//9/xkAAfyIAiwA","zPleBdLxLgADABkA7v/XAYAC","2f/LAxTwMgAIABUAlgFfAUoC","6AGABNrwLwD+/wAAzwF2AZkC","CgQTBe/wOADS/wsAdAHvAB8C"],["UwSzCFcMDQAPAAEAOP+KAaP8","3gH9BisOCAAJABIAfv8eAArz","8PvxBSQONwAZABUAAP3HAZn8","5/AVBS8B9//9/xkAAfyGAjEA","zPleBdLxLgADABkA/v/XAYAC","2f/LAxTwMgAIABUAlwFfAUoC","6AGABNrwLwD+/wAA0wF2AZkC","CwQRBfPwOADS/wwAdAHwACMC"],["UwSzCFcMDQAPAAEAOP+KAaP8","3gH/BjEOBwALABIAfP8eAArz","6fvuBSQONgAXABIAAP3HAZn8","6fAOBSoB+f/6/xoA/fuGAjEA","yPleBdnxKwADABoA/v/VAX8C","0//OAxjwMQAKABYAlwFfAUoC","6QGABNjwLQAAAP//0wF5AZoC","CwQRBfPwOADS/wwAfQHwACMC"]],"packets":5,"timestamp":21229939,"diffrence":20005,"freq":50}
{"data":[["VAS0CFQMDQAOAAYAOP+HAaH8","3gH+BjEOBgAMABUAfP8eAArz","6fvuBSQONgAXABIAAP3HAZz8","6fANBSsB+f/6/xcA/fuGAjEA","yPleBdnxKwADABoABgDVAX8C","2P/VAxDwMgAHABMAlwFcAUgC","5wGCBNbwLgD///3/1gF5AZoC","CQQVBfTwOwDV/wwAfQHyABwC"],["VAS0CFQMDQAOAAYAQf+HAaH8","3gH+BjEOBgAMABUAfP8hAATz","7fvtBScONQAXABUAAP3HAZz8","6fANBSsB9P/6/xcA/fuJAjAA","y/lcBdPxMgACABYABgDVAX8C","2P/VAxDwMgAHABMAkQFcAUgC","5wGCBNbwLgD///3/1gF5AZoC","CQQVBfTwOwDV/wwAeQHyABwC"],["VQS2CFgMCwAOAAQAQf+HAaH8","3QECBzAOBwAKABQAef8hAATz","7fvtBScONQAXABUAAP3EAaL8","5fASBTEB9f/9/xkABPyJAjAA","yflfBdTxLwACABMABgDQAYcC","1f/SAxvwMgAHABIAkQFeAVMC","6wF9BNbwMAD+////1gF8AZoC","BQQTBfXwOgDV/wwAeQHyABwC"],["VgS4CFoMCgAPAAMAQf+OAa38","3QECBzAOBwAKABQAef8dAA/z","8/vwBScONgAWABYAB/3EAaL8","5fASBTEB9f/9/xkABPyFAjQA","yflfBdTxLwACABMA6//QAYcC","1f/SAxvwMgAHABIAkgFeAVMC","6wF9BNbwMAD+////2QF8AZoC","DAQPBfLwOQDU/wwAeQHyACkC"],["VgS4CFoMCgAPAAMAPf+OAa38","3wEDBy4OBwAJABQAgP8dAA/z","7/vyBSUONQAWABMAB/3DAar8","4vAUBSwB9v/9/xgA/fuFAjQA","zvlcBdPxLgADABYA6//QAYMC","2P/UAxPwMgAJABIAkgFeAVMC","7AGCBNnwLwD9//3/2QGAAZcC","DAQPBfLwOQDU/wwAewHyACkC"]],"packets":5,"timestamp":21255223,"diffrence":20032,"freq":50}
{"data":[["UgSyCF0MCQAPAAQAPf+DAZz8","5AEABzEOBgAIABMAgP8dAA/z","7/vyBSUONQAWABMA//zDAar8","4vAUBSwB9v/9/xgA/fuFAjQA","zvlcBdPxLgADABYA7//QAYMC","2f/NAxHwMgAJABQAkgFfAVEC","7AGABNfwMAD8//z/0gGAAZcC","BgQRBfbwOgDS/wsAewHvACYC"],["UgSyCF0MCQAPAAQAP/+DAZz8","5AEABzEOBgAIABMAgP8hAAbz","8/vtBSMONQAYABQA//zDAar8","5fAOBS0B+f/+/xkA/fuIAiwA","yflbBdPxLwAEABYA7//YAYEC","2f/NAxHwMgAJABQAlQFfAVEC","7AGABNfwMAD8//z/0gGAAZcC","BgQRBfbwOgDS/wsAewHvACYC"],["UgS5CFsMDAAPAAQAP/+DAZz8","4AEEBzkOBgAJABIAff8hAAbz","8/vtBSMONQAYABQA//zJAaP8","4vASBSwB+f/9/xgA+/uIAiwA","x/ldBdLxLgACABYA8f/YAYEC","1v/LAxXwMgAKABMAlQFhAU4C","5gGABN3wMAABAP//0gGDAY4C","BwQVBevwOADS/woAewHvACYC"],["UgSuCFsMDQAOAAIAP/+DAaz8","4AEEBzkOBgAJABIAff8jAAHz","7vvtBRoONQAXABQABf3JAaP8","4vASBSwB+f/9/xgA+/uHAisA","x/ldBdLxLgACABYA8f/YAYEC","1v/LAxXwMgAKABMAmAFhAU4C","5gGABN3wMAABAP//1wGDAY4C","CQQVBfLwPADV/wwAewHuACUC"]],"packets":4,"timestamp":21278890,"diffrence":20116,"freq":50}
{"data":[["UgSuCFsMDQAOAAIAO/+DAaz8","3AH+BjcOBwALABQAgf8jAAHz","8Pv1BR0ONwAVABMABf3KAZz8","5PASBSoB9v/6/xkA+/uHAisA","yvlhBdDxMAACABcA8f/aAX4C","1v/TAxTwMgAJABMAmAFbAU4C","6gGCBN/wLwAAAP7/1wF4AYcC","CQQVBfLwPADV/wwAggHuACUC"],["VAS1CGEMDAAOAAIAO/+QAZz8","4AH7BjoOBgAKABMAgf8jAAHz","8Pv1BR0ONwAVABMAAv3KAZz8","5PASBSoB9v/6/xkA+/uHAisA","yvlhBdDxMAACABcA8v/aAX4C","0f/SAxvwMQAJABQAnAFbAU4C","7QGBBNvwLgABAP7/1AF4AYcC","DgQUBfHwPADU/w4AggHyAB4C"],["VAS1CGEMDAAOAAIAO/+QAZz8","4AH7BjoOBgAKABMAgf8TAAnz","7fvvBSMONgAXABQAAv3KAZz8","5/AUBS4B+P/9/xsA+/uRAiUA","zPlhBczxMgADABcA8v/UAX0C","0f/SAxvwMQAJABQAnAFbAU4C","7QGBBNvwLgABAP7/1AF4AYcC","DgQUBfHwPADU/w4AegHyAB4C"],["UQS0CF0MCwAQAAUAO/+QAZz8","4AEEBzIOBgALABUAgf8TAAnz","7fvvBSMONgAXABQAAv3HAab8","5/ASBS4B+P/8/xoA9/uRAiUA","x/lgBdHxLwACABUA8P/UAX0C","1v/KAxrwMAAGABMAnAFgAUMC","5wF+BNnwLQD+////1AF1AZoC","BwQOBfnwNgDU/w4AegHyAB4C"],["UwSzCFwMCgAOAAYAO/+AAZv8","4AEEBzIOBgALABUAgf8eAADz","8/vsBSUONwAZABQAA/3HAab8","5/ASBS4B+P/8/xoA9/uEAiUA","x/lgBdHxLwACABUA8P/UAX0C","1v/KAxrwMAAGABMAmAFgAUMC","5wF+BNnwLQD+////2AF1AZoC","CgQRBfDwNgDU/w0AegH5AB0C"]],"packets":5,"timestamp":21303534,"diffrence":20019,"freq":50}
{"data":[["UwSzCFwMCgAOAAYAOf+AAZv8","3gEBBzAOBAALABIAif8eAADz","7/vyBScOOQAZABYAA/3LAZn8","7fASBSwB+v/9/xcA+vuEAiUA","zPlbBdLxLgABABYA8P/XAYAC","1//NAxfwLwAIABYAmAFdAVgC","7gF9BNjwLAD//wEA2AF3AZAC","CgQRBfDwOQDT/w0AfgH5AB0C"],["VwSzCFgMCgAPAAQAOf+PAaD8","4AEDBzIOBgAKABUAif8eAADz","7/vyBScOOQAZABYA/fzLAZn8","7fASBSwB+v/9/xcA+vuEAiUA","zPlbBdLxLgABABYA7P/XAYAC","2f/PAxbwMwAKABMAmQFdAVgC","6wGEBNnwLgAAAAAA1gF3AZAC","CQQSBefwOQDR/w0AfgHtABYC"],["VwSzCFgMCgAPAAQAP/+PAaD8","4AEDBzIOBgAKABUAif8aAAnz","8PvvBSsOOAAYABYA/fzHAaD8","6PATBSsB+f/8/xkA+vuGAigA","y/lfBdHxLQACABcA7P/YAXgC","2f/PAxbwMwAKABMAmQFdAVgC","6wGEBNnwLgAAAAAA1gF0AZQC","CQQSBefwOQDR/w0AeQHtABYC"],["UAS1CFsMDAAOAAMAP/+HAaP8","4AEEBzAOCQAJABQAfv8aAAnz","8PvvBSsOOAAYABYAAf3HAaD8","5/ATBSwB+P/7/xsA/vuGAigA","0PlhBdHxLQACABYA7//YAXgC","2P/TAxXwMwAJABUAmQFlAVsC","7AF/BNrwMQAAAAAA1QF0AZQC","AgQRBfbwOQDS/woAeQHtABYC"],["VQSuCF0MDQAOAAIAP/+HAaP8","4AEEBzAOCQAJABQAfv8YAAfz","8PvwBSYOMwAYABMAAf3HAaD8","5/ATBSwB+P/7/xsA/vuIAjQA","0PlhBdHxLQADABYA7//YAXgC","1//SAxLwNAAKABUAmgFlAVsC","7AF/BNrwMQAAAAAA1QF0AZQC","AgQRBfbwOQDS/woAeQHtABsC"]],"packets":5,"timestamp":21328405,"diffrence":20044,"freq":50}
{"data":[["VQSuCF0MDQAOAAIAP/+HAaP8","3QEABzYOBwAKABIAhf8YAAfz","7fvuBSMONgAZABQAAf3JAaD8","7PALBSwB+v/7/xkA/fuIAjQA","0vldBdjxMAACABcA7//SAYsC","1//SAxLwNAAKABUAmgFfAVAC","6wF8BNzwMgD+/wEA1QFvAZAC","CwQSBfXwPADU/wwAeQHtABsC"],["UwSyCGIMDAAOAAQAP/+GAaX8","1gECBzgOBwAKABEAhf8YAAfz","7fvuBSMONgAZABQAA/3JAaD8","7PALBSwB+v/7/xkA/fuIAjQA","0vldBdjxMAACABcA6v/SAYsC","1f/WAxTwMAALABQAkwFfAVAC","7AGDBNrwMQD+/wEA2gFvAZAC","DQQRBfnwOgDU/wsAeQHwACMC"],["VAS3CFgMCAAPAAQAOP+GAaX8","1gECBzgOBwAKABEAhf8TAPvy","7vvxBSAONwAZABIAA/3GAaH8","7fAPBSYB+f/+/xYA/fuJAikA","zPlcBdPxMAACABYA6v/QAYIC","1f/WAxTwMAALABQAkwFfAVAC","7AGDBNrwMQD+/wEA2gFvAYkC","DQQRBfnwOgDU/wsAegHwACMC"],["VAS3CFgMCAAPAAQAOP+HAaT8","4QEDBzEOAwAIABUAiP8TAPvy","7vvxBSAONwAZABIAAv3GAaH8","5vANBSoB+v/+/xgA+fuJAikA","zPlcBdPxMAACABYA7f/QAYIC","0//LAxXwMAAJABUAkwFqAUkC","5AF6BNzwMAD//wEA1gFvAYkC","CwQUBezwNwDU/wwAegHwACMC"],["VgS2CFcMBwARAAUAQv+HAaT8","4QEDBzEOAwAIABUAiP8dAPfy","7vvpBSAONAAXABYAAv3EAav8","5vANBSoB+v/+/xgA+fuEAiwA","zvlWBdXxLwACABcA7f/JAYEC","1f/NAxfwMQAIABQAmwFqAUkC","5AF6BNzwMAD//wEA1gFvAYkC","CwQUBezwNwDU/wwAegHpACcC"]],"packets":5,"timestamp":21353328,"diffrence":20033,"freq":50}
{"data":[["VgS2CFcMBwARAAUAQv+HAaT8","4AECBzAOBAAJABYAgv8dAPfy","8fv0BSgONQAWABcAAf3EAav8","4PAKBTIB+P/+/xkABPyEAiwA","zPlfBc/xMgAAABYA9//JAYEC","1f/NAxfwMQAIABQAmwFiAVUC","5QF/BNvwKwAAAP//1gF2AZQC","DAQTBe3wNwDT/wwAhwHpACcC"],["XQSxCFYMDQATAAQAQv+HAan8","4wEDBy8OCwAMABQAgv8dAPfy","8fv0BSgONQAWABcAAf3EAav8","4PAKBTIB+P/+/xkABPyEAiwA","zPlfBc/xMgAAABYA9//JAYEC","1//RAxjwMAAIABIAlQFiAVUC","5QF/BNvwKwAAAP//0gF2AZQC","CgQRBfHwNgDV/wwAhwH0ACYC"],["UgS1CF0MEAAOAAQAOv+HAan8","4wEDBy8OCwAMABQAgv8dAADz","8vvuBR4ONwAWABYAAf3CAav8","4fAVBTAB9v/9/xoABPyCAisA","zflhBc/xMQABABcA9//XAXgC","1//RAxjwMAAIABIAlQFiAVUC","7AF8BNjwLgD//wAA0gF1AYkC","CgQRBfHwNgDV/wwAegH0ACYC"],["UgS1CF0MEAAOAAQAOv+FAa/8","3QH+BjQOCwANABIAgf8dAADz","8vvuBR4ONwAWABYAAf3CAav8","5/AXBTIB+P/5/xYA9PuCAisA","zflhBc/xMQABABcA+f/XAXgC","1v/QAxXwMwAJABMAlQFcAVMC","7AGCBNzwMQD/////0QF1AYkC","CAQUBfTwOgDR/w0AegH0ACYC"]],"packets":4,"timestamp":21376784,"diffrence":20036,"freq":50}
{"data":[["UQS0CGEMDQAMAAUAOv+FAa/8","3QH+BjQOCwANABIAgf8mAADz","7Pv2BR0OOAAZABcAAf3JAZ/8","5/AXBTIB+P/5/xYA9PuAAh8A","0vllBdbxLwACABgA+f/QAX0C","1v/VAxnwMwAIABUAlwFcAVMC","7AGCBNzwMQD/////0QF6AZgC","CAQUBfTwOgDR/w0AegHsACUC"],["UQS0CGEMDQAMAAUAOv+GAab8","2AEABzYOCwALABUAhv8mAADz","5vvqBR8OOQAbABYA/vzJAZ/8","8vASBSsB+f/5/xoAAPyAAh8A","yflhBdrxLQACABcA9f/QAX0C","1v/VAxnwMwAIABUAlwFkAU4C","6AF9BNnwMAD9/wEA0QF6AZgC","CwQWBfTwOgDP/wwAeAHsACUC"],["UgSxCFgMCwANAAQAP/+GAab8","3QEDBzUOBwAMABUAhv8mAADz","5vvqBR8OOQAbABYA/vzJAZ/8","8vASBSsB+f/5/xoAAPyAAh8A","yflhBdrxLQACABcA9f/QAX0C","1f/SAxXwMAAJABYAmwFkAU4C","6AF9BNnwMAD9/wEA0QF6AZgC","CQQTBfjwNwDS/wsAeAHtACgC"],["UgS1CF4MCwAQAAUAP/+GAab8","3QEDBzUOBwAMABUAhv8nAALz","7fvoBRsONwAWABUA/vzHAab8","7/ATBScB+f/8/xgAAPyKAi4A","zPleBdfxLwAEABcA9f/QAX4C","1f/SAxXwMAAJABYAmwFiAVIC","5QF+BNnwKgD+/wAA0QFxAZYC","CQQTBfjwNwDS/wsAegHtACgC"],["UgS1CF4MCwAQAAUAP/+HAaX8","2wEDBy8OBQAMABEAf/8nAALz","7fvoBRsONwAWABUABv3HAab8","5fASBS8B+P8AABUA9fuKAi4A","zPleBdfxLwAEABcA8//QAX4C","1//WAxHwLwAIABQAmAFiAVIC","4wF5BNzwKAD//wAA1QFxAZYC","CgQRBfHwNgDV/wwAegHtACgC"]],"packets":5,"timestamp":21401015,"diffrence":20015,"freq":50}
{"data":[["TgSwCFQMCQATAAUANP+HAaX8","2wEDBy8OBQAMABEAf/8hAO/y","8PvwBSIONgAVABQABv3HAab8","5fASBS8B+P8AABUA9fuJAiMA","xPlfBc3xMwABABcA8//PAXkC","1f/SAxTwLgAJABMAmAFiAVIC","4wF5BNzwKAD//wAA1QFzAZcC","CgQRBfHwNgDV/wwAegHxADAC"],["TgSwCFQMCQATAAUANP+EAaf8","5gEGBy8OBQALABQAev8hAO/y","9Pv1BSYOOgAYABUA/PzHAab8","4/AYBS8B9//9/xYA+PuJAiMA","y/leBc/xMwACABcA9f/PAXkC","1f/SAxTwLgAJABMAmAFlAVEC","5gF6BNfwLgADAAAA1wFzAZcC","CQQPBfHwNQDT/woAewHxADAC"],["VASzCFgMDgARAAMAPP+EAaf8","5gEGBy8OBQALABQAev8hAO/y","9Pv1BSYOOgAYABUA/PzHAaP8","4/AYBS8B9//9/xYA+PuJAiMA","y/leBc/xMwACABcA9f/PAXkC","2f/WAxjwMQAJABQAmwFlAVEC","5gF6BNfwLgADAAAA1wFzAZcC","DAQSBfLwOgDR/woAewHzADsC"],["WASyCF4MEQAQAAIAPP+EAaf8","4QEBBzMOCwAMABUAev8iAPry","7vv0BSMONwAZABUA//zHAaP8","6PARBS0B9f/6/xgA+PuJAiAA","zvliBdXxLQADABcA9f/QAXoC","0//QAxnwMwALABMAmwFbAU4C","6gF8BNzwMQACAP//1wF3AZcC","DAQSBfLwOgDR/woAeQHzADsC"],["WASyCF4MEQAQAAIAPP+AAZr8","3AH9BjIOCgAMABEAgv8iAPry","7vv0BSMONwAZABUA//zHAaP8","7/AQBSUB+v/5/xkA/fuJAiAA","zvliBdXxLQADABcA7v/QAXoC","0//QAxnwMwALABMAmAFbAU4C","6gF9BN3wLgD/////0QF3AZcC","CwQVBfnwOgDV/wsAeQHzADsC"]],"packets":5,"timestamp":21425362,"diffrence":20021,"freq":50}
{"data":[["UgSuCGMMDwAPAAYAMf+AAZr8","3AH9BjIOCgAMABEAgv8fAPfy","8fvwBSEONQAdABUA//y+Aaf8","7/AQBSUB+v/5/xkA/fuKAiIA","yPliBdbxMAAGABgA7v/OAX8C","2f/SAxfwMwALABQAmAFbAU4C","6gF9BN3wLgD/////0QF1AZgC","CwQVBfnwOgDV/wsAeQH6ACMC"],["UgSuCGMMDwAPAAYAMf+KAZ78","3AH+BjQOBwAMABIAfP8fAPfy","6PvsBSQONwAZABMAA/2+Aaf8","5/ALBSgB+f/7/xoA//uKAiIA","yflfBdTxMAAEABYA+P/OAX8C","2f/SAxfwMwALABQAmAFoAV0C","5wF4BN3wLgD/////0QF1AZgC","CAQXBfrwOADS/wwAdgH6ACMC"],["TwSyCFwMDAARAAUAOf+KAZ78","3AH+BjQOBwAMABIAfP8lAAjz","6PvsBSQONwAZABMAA/3GAaD8","5/ALBSgB+f/7/xoA//uKAiIA","yflfBdTxMAAEABYA+P/OAX8C","1//WAxbwMQAKABQAmQFoAV0C","5wF4BN3wLgD/////0QF1AZgC","CAQUBfDwOQDR/wsAdgH1ACEC"],["UgSyCF0MBwAQAAQAOf+KAZ78","4QEBBzMOBgAMABYAf/8lAAjz","8fvqBScONAAXABQAAf3GAaD8","4/AMBScB9/8BABkA//uIAh4A","zvlZBc/xMAABABgA+P/SAX0C","2f/UAxnwMQAJABMAmQFfAVAC","6AGBBNfwLQD///7/0QFwAZgC","CAQUBfDwOQDR/wsAgAH1ACEC"],["UgSyCF0MBwAQAAQAOf+CAaX8","4QH/BjgOBwAMABMAf/8lAAjz","8fvqBScONAAXABQAAf3EAab8","4fATBTEB9v8BABgA//uIAh4A","zvlZBc/xMAABABgA7P/SAX0C","2f/UAxnwMQAJABMAmQFfAVAC","5wF/BNnwMQD9////0QFwAZgC","BgQQBerwOQDT/wwAgAH1ACEC"]],"packets":5,"timestamp":21450048,"diffrence":20112,"freq":50}
{"data":[["VQSxCFkMDQAQAAQALP+CAaX8","4QH/BjgOBwAMABMAf/8mAPjy","9vvvBSUONgAXABcABP3EAab8","4fATBTEB9v8BABgA//uEAigA","y/lcBcrxMAACABcA7P/QAXwC","2f/RAxnwMgAIABMAmQFfAVAC","5wF/BNnwMQD9////0QFwAZQC","BgQQBerwOQDT/wwAgAHwACgC"],["VQSxCFkMDQAQAAQALP+AAar8","4QEABzIOBgALABAAfv8mAPjy","9PvsBSgONAAaABYABP3EAab8","5fAVBS8B+P/9/xcA+fuEAigA","yflfBc/xLwAGABUA9P/QAXwC","2f/RAxnwMgAIABMAmQFeAVIC","6gGDBNvwMgD+/wAA0AFwAZQC","DAQQBezwPADU/w0AdgHwACgC"],["VAS1CFwMDAAOAAQAO/+AAar8","4QEABzIOBgALABAAfv8dAAbz","9PvsBSgONAAaABYABP3MAaL8","5fAVBS8B+P/9/xcA+fuEAigA","yflfBc/xLwAGABUA9P/KAYAC","1//SAxfwMQAJABUAkwFeAVIC","6gGDBNvwMgD+/wAA0AF2AZ8C","CwQSBfTwOgDS/woAdgH3AB8C"],["TQS1CFsMDAANAAQAO/+FAav8","3gH7BjUOBgALABIAf/8dAAbz","7PvxBRwONQAcABUA9/zMAaL8","8PAXBSoB+f/6/xYA+fuRAiUA","zflgBdjxLwAEABUA+f/KAYAC","2P/PAxjwNAAKABcAkwFgAVoC","5QGBBNzwNAAAAP7/0wF2AZ8C","CwQSBfTwOgDS/woAfAH3AB8C"]],"packets":4,"timestamp":21474607,"diffrence":20038,"freq":50}
{"data":[["TQS1CFsMDAANAAQAO/+FAav8","1wH8BjYOBQAKABMAf/8dAAbz","7PvxBRwONQAcABUA9/zIAaX8","8PATBScB9//6/xUA+PuRAiUA","zflgBdjxLwAEABUA+f/KAYAC","2P/PAxjwNAAKABcAkwFgAVoC","6wGDBN7wMAD//wAA0wF2AZ8C","DAQPBe3wOQDS/wwAfAH3AB8C"],["UwSvCF0MCwAPAAUAO/+FAav8","1wH8BjYOBQAKABMAf/8kAALz","5/vpBRkONwAYABYA/vzIAaX8","8PATBScB9//6/xUA+PuIAiEA","xfleBdXxMAADABYA+f/IAXwC","2P/NAxPwMwAIABYAkwFgAVEC","6wGDBN7wMAD//wAA0wF5AZ4C","DAQPBe3wOQDS/wwAfAH1ACUC"],["UwSvCF0MCwAPAAUAO/+CAZX8","2gECBzQOBQALABUAgv8kAALz","7vvvBSIONAAVABYA/vzIAaX8","5/ANBSwB+f///xQA/PuIAiEA","zPlhBc/xMAACABYA8//IAXwC","2P/NAxPwMwAIABYAkAFgAVEC","6gGFBNzwLwADAP//0wF5AZ4C","BwQNBfTwMwDV/w0AeAH1ACUC"],["UASwCGAMCAARAAcAO/+CAZX8","2gECBzQOBQALABUAgv8fAADz","7vvvBSIONAAVABYA/vzCAbz8","5/ANBSwB+f///xQA/PuIAiEA","zPlhBc/xMAACABYA8//YAYIC","1f/XAxnwMgALABQAkAFgAVEC","6gGFBNzwLwADAP//0wF3AZ8C","BQQSBe3wNQDT/w0AeAH7ACcC"],["TwSyCFwMCgARAAYAO/+BAZv8","3QEGBy4OBgAMABQAev8fAADz","8fv0BSUOMwAWABYA+PzCAbz8","5/AVBS0B+f8BABYA/PuLAiIA","yPliBdLxMgACABYA/P/YAYIC","2f/KAyHwMQAIABMAkAFmAVUC","6AF7BNTwLQD+//3/1QF3AZ8C","BQQSBe3wNQDT/w0AeAH7ACcC"]],"packets":5,"timestamp":21498779,"diffrence":20018,"freq":50}
{"data":[["TwSyCFwMCgARAAYARP+BAZv8","4gEABywOBQAKABIAev8fAADz","8fv0BSUOMwAWABYA+PzCAbL8","4vAQBSwB9v/8/xkA8/uLAiIA","yPliBdLxMgACABYA/P/YAYIC","2f/KAyHwMQAIABMAkgFmAVUC","6gF7BN/wLAD9////1QF3AZ8C","BwQKBfbwOQDS/w0AeAH7ACcC"],["TgS4CFsMDAASAAUARP+BAZv8","4gEABywOBQAKABIAev8pAP/y","8fvxBSQONwAXABUA+fzCAbL8","4vAQBSwB9v/8/xkA8/uDAh8A","0fldBdjxMgADABYA/P/JAXoC","2f/RAxrwMAAJABMAkgFdAUYC","6gF7BN/wLAD9////1QF4AZEC","BwQKBfbwOQDS/w0AeAH6AC0C"],["TgS4CFsMDAASAAUARP+EAaP8","3AEABzYODAAKABIAff8pAP/y","6vvwBRwOOwAaABUA+fzDAav8","8PAVBSsB9v/3/xsA/fuDAh8A","yPlkBdLxMQAIABcA9P/JAXoC","1f/ZAxXwNAAIABYAmQFdAUYC","5wGIBNbwNwD8/wEA2AF4AZEC","CQQcBfbwPwDS/w4AcgH6AC0C"],["VwS4CFkMDAANAAIAN/+EAaP8","3AEABzYODAAKABIAff8ZAAXz","6vvwBRwOOwAaABUA+/zDAav8","8PAVBSsB9v/3/xsA/fuDAh8A","yPlkBdLxMQAIABcA9P/PAXcC","1f/ZAxXwNAAIABYAmQFdAUYC","5wGIBNbwNwD8/wEA2AF3AZIC","CQQcBfbwPwDS/w4AcgH2ACcC"],["TwS4CFcMBwASAAQAN/+DAZ38","4wEBBzMOBgAMABMAfv8ZAAXz","6/vvBSMONgAaABIA+/zDAav8","7vATBSsB+v/7/xoA/fuPAhkA","1flhBdvxMQAEABUA7f/PAXcC","1P/bAyTwMgAKABQAmQFmAUwC","6wGDBN/wNQD//wAA0wF3AZIC","AwQZBf3wOwDS/w0AdwH2ACcC"]],"packets":5,"timestamp":21523297,"diffrence":20028,"freq":50}
{"data":[["TwS4CFcMBwASAAQANP+DAZ38","2AEABzMOBQALABMAfv8ZAAXz","6/vvBSMONgAaABIA+/zFAa/8","7vANBSwB+v/+/xcA9PuPAhkA","1flhBdvxMQAEABUA7f/PAXcC","1P/bAyTwMgAKABQAiAFmAUwC","7gF9BN7wLgACAPz/0wF3AZIC","DgQSBfrwOADU/wsAdwH4ACMC"],["TwS3CFMMCQATAAYANP+DAZ38","2AEABzMOBQALABMAfv8jAAXz","6fvoBRkONQAVABQA//zFAa/8","7vANBSwB+v/+/xcA9PuSAhkA","yvleBdjxNAAGABUA7f/JAXgC","1P/SAw7wLwAKABUAiAFjAVAC","7gF9BN7wLgACAPz/0wF7AZsC","DgQSBfrwOADU/wsAggH4ACMC"],["SwSvCFAMCQATAAcANP+AAaj8","2QECBygOBAANABMAgf8jAAXz","7vvvBRAOMAATABUA//zBAaD8","6/AMBS4B+f/8/xcA9vuSAhkA","zvlYBdHxNAAFABcA7//JAXgC","1//LAxDwLgALABYAlAFjAVAC","8QF1BNTwLwACAP7/1AF7AZsC","DgQNBfnwMgDU/wsAggH4ACMC"],["SwSvCFAMBAATAAcAOv+AAaj8","2QECBygOBAANABMAgf8kAAHz","7vvvBRAOMAATABUA9/zBAaD8","6/AMBS4B+f/8/xcA9vuSAhkA","zvlYBdHxMQAFABcA7//QAXEC","1//LAxDwLgALABYAlAFjAVAC","8QF1BNTwLwACAP7/1AF4AZYC","DgQNBfnwMgDU/wsAggHzACcC"]],"packets":4,"timestamp":21546717,"diffrence":20048,"freq":50}
{"data":[["RgSwCFAMBgAQAAgAOv99Aa38","0QEDByUOBQANABUAd/8kAAHz","7PvyBRkOMgAYABUA9/zCAbD8","6vATBTEB+v/8/xcA9vuTAhkA","0PldBdbxLgABABQA7//QAXEC","1f/KAxjwMAAKABMAlAFoAVUC","6wF4BNbwLgACAP3/zwF4AZYC","CwQNBe7wMgDS/woAfQHzACcC"],["RgSwCFAMBgAQAAgANv99Aa38","3wEDBzQODAAKABMAd/8kAAHz","7PvyBRkOMgAYABUA9fzCAbD8","5/AcBSoB+v/8/xoA8/uTAhkA","0PldBdbxLgABABQA7//IAXYC","1f/KAxjwMAAKABMAkwFoAVUC","6QF5BNPwLgABAP7/zwFyAZMC","DAQHBfXwNgDS/woAfQHyACkC"],["VQSwCFYMEgAOAAAANv+HAaj8","3wEDBzQODAAKABMAd/8nAPby","6vv9BSMOOwAeABYA9fzCAbD8","5/AcBSoB9v/8/xoA8/uOAiQA","zflfBdvxKwAAABQA8f/IAXYC","1f/MAxXwMgAMABIAkwFyAU4C","6QF5BNPwLgABAP7/zwFyAZMC","DAQHBfXwNgDS/woAewHyACkC"],["VQS0CF8MGgAQAP3/O/+HAaj8","4wEEBzUOEwANABAAef8nAPby","8PvyBSUOQQAZABcA9fzFAa38","6PAbBSkB9v/+/yAA8PuOAiQA","zflfBdvxKwAAABQA8f/IAXYC","1v/RAxfwMQAIABMAjwFyAU4C","5AF+BNnwLgD//wAAzwFyAZMC","BwQNBffwOgDU/w0AewHyACkC"],["VQS0CF8MGgAQAP3/O/+HAaj8","4wEEBzUOEwANABAAef8dAAnz","8PvyBSUOQQAZABcA/PzFAa38","6PAbBSkB9v/+/yAA8PuOAiQA","yPlhBdHxKQD9/xkA8f/KAYAC","1v/RAxfwMQAIABMAjwFlAVMC","5AF+BNnwLgD//wAAzwF0AZcC","BwQNBffwOgDU/w0AewH5ACcC"]],"packets":5,"timestamp":21570989,"diffrence":20007,"freq":50}
{"data":[["WAS6CGQMGAANAP3/O/98Aaf8","4AEDBzoOEwALAA4AgP8dAAnz","8fvzBScOQgAbABYA/PzFAaj8","5fATBTEB/P///yMA8PuKAiwA","yvlgBdDxKAD8/xkA8//KAYAC","0P/XAxjwMQAJABQAjwFlAVMC","5gGJBNvwMwD+/wEA1gF0AZcC","BwQZBfLwQQDT/w8AfQH5ACcC"],["WAS6CGQMGAANAP3/N/98Aaf8","6gECBzsOCwAKAAsAgP8dAAnz","8fvzBScOQgAbABYA+vzFAaj8","5fATBTEB/P///yMA9/uKAiwA","yvlgBdDxKAD8/xkA8//UAXsC","0P/XAxjwMQAJABQAjwFlAVMC","5gGIBNvwLwD+/wAA1gF8AZgC","BwQVBfTwPQDV/wsAfQH0ACkC"],["YAS3CFYMDwAMAP7/N/+BAZf8","6gECBzsOCwAKAAsAgP8kAALz","8vvrBSkOPwAfABQA+vzFAaj8","5/AMBS8B+//+/yEA9/uQAi8A","xvleBdfxKAD//xoA9f/UAXsC","1P/TAxnwLgALABYAjwFkAVgC","5gGIBNvwLwD+/wAA2AF8AZgC","BwQVBfTwPQDV/wsAggH0ACkC"],["XASyCFYMDAAOAAQAN/+BAZf8","4wEABzUOBwAIAA8Agf8kAALz","6vvkBSwOOQAXABMA+vzFAan8","3fAFBTEB+v/+/x4A8/uQAi8A","xvleBdfxKAD//xoA9f/UAXsC","0//QAw/wLAAHABQAlAFkAVgC","4wGDBNbwLgD+////2AF8AZgC","CAQVBe3wNQDV/wwAggH0ACkC"],["XASyCFYMDAAOAAQAN/+BAZf8","4wEABzUOBwAIAA8Agf8ZAAXz","6vvkBSwOOQAXABMABf3FAan8","3fAFBTEB+v/+/x4A8/uQAi8A","xvlUBdLxKwABABoA9f/PAXYC","0//QAw/wLAAHABQAlAFqAVUC","4wGDBNbwLgD+////2AF6AZsC","CAQVBe3wNQDV/wwAggHyACMC"]],"packets":5,"timestamp":21595446,"diffrence":20042,"freq":50}
{"data":[["WAS0CF0MCgARAAgAN/9/AaL8","4AH8BjEOBQAMABMAgP8ZAAXz","8vvmBSkONQAVABUABf3KAaL8","3fAKBTAB+P/9/xcA8/uQAigA","wvlSBcrxNAABABcA7P/PAXYC","0P/IAw/wLAAHABUAkwFqAVUC","6gF9BNPwLgD//wAA1wF6AZsC","DQQQBebwMwDW/wwAgQHyACMC"],["WAS0CF0MCgARAAgAO/9/AaL8","4AH8BjEOBQAMABMAgP8ZAAXz","8vvmBSkONQAVABUA/PzKAaL8","3fAKBTAB+P/9/xcA+/uQAigA","wvlSBcrxNAABABcA7P/VAXoC","1v/QAxXwLgAKABIAkwFqAVUC","6QF1BNXwKQACAP//1wF+AZcC","DwQJBeTwMQDV/wkAgQH3ACsC"],["WgS1CF8MEQAQAAYAO/+HAZ/8","6AECBzYOCQALABQAgP8fAP/y","7vvxBS4ONwAaABkA/PzGAaL8","3/AQBTIB8//+/xYA+/uHAigA","xvldBc/xNAABABIA6f/VAXoC","1v/QAxXwLgAKABIAkwFoAU8C","6QF1BNXwKQACAP//0QF+AZcC","DwQJBeTwMQDV/wkAdgH3ACsC"],["WASsCG0MFAAOAAUAOv+HAZ/8","6QEBBzgOCwAOABQAgf8fAP/y","7PvvBSwOOAAbABgABP3GAaL8","5PAWBSwB8f/7/xYAA/yHAigA","xvldBc/xNAABABIA6f/VAXoC","2P/VAxPwNQAIABMAhgFoAU8C","7AF8BNnwLAAAAP//0QF5AY4C","CgQLBevwNwDV/wkAdgH3ACsC"],["WASsCG0MFAAOAAUAOv+DAZf8","6QEBBzgOCwAOABQAgf8hAPjy","7PvvBSwOOAAbABgABP3GAaL8","5PAWBSwB8f/7/xYAA/yHAigA","0vlgBc3xMwADABUA6f/QAXsC","2P/VAxPwNQAIABMAhgFkAUsC","7AF8BNnwLAAAAP//4AF5AY4C","CgQLBevwNwDV/wkAdgHwABcC"]],"packets":5,"timestamp":21620109,"diffrence":20022,"freq":50}
{"data":[["SQSbCGkMEgAJAAMAN/+DAZf8","0gHeBjQOCgAKABMAe/8hAPjy","5/vbBR8OOgAZABYABP3EAa78","6PASBSUB9f/4/xgAA/yIAjAA","z/lmBdfxLgAEABgA7P/QAXsC","0//NAxXwMAAGABQAjAFkAUsC","5gF6BNvwMgD+/wAA4AF5AY4C","CgQKBfbwPgDQ/wsAegHwABcC"],["SQSbCGkMEgAJAAMAN/+DAZf8","0gHeBjQOCgAKABMAe/8hAPjy","5/vbBR8OOgAZABYA/fzEAa78","6PASBSUB9f/4/xgAB/yIAjAA","z/lmBdfxLgAEABgA7P/OAYAC","0f/UAwnwMgAFABQAjAFkAUsC","7QF8BNvwMgD6/wEA4AF6AZsC","DAQQBf3wQwDS/w8AegHxACAC"],["QAS4CDMM+f8FAAgAN/9+AaL8","ywHVBhwOAQAKAA8Ae/8YAA7z","3fu/BRsOMgAcAA8A/fzHAaL8","8/D+BB8B/f/5/xMAB/yCAigA","x/lTBdfxMgAHABkA+f/OAYAC","0f/UAwnwMgAFABQAjAFnAVwC","7QF8BNvwNgD6/wEA2gF6AZsC","DAQQBf3wQwDS/w8AcgHxACAC"],["VwTDCEUMvf8XABYAMP9+AaL8","2wEZBzIO1v8OAB0Afv8YAA7z","5vv6BTIOFwAjAAsA+vzHAaL8","6fD1BCIBBQADAAMA/PuCAigA","x/lTBdfxMgAHABkA+f/KAYQC","1P/CAxjwNAAJABYAkQFnAVwC","4gGJBOrwNgD/////2gF1AZoC","AAQzBfbwQgDU/w0AcgHxACAC"]],"packets":4,"timestamp":21644389,"diffrence":20043,"freq":50}
{"data":[["VwTDCEUMvf8XABYAMP+CAaT8","2wEZBzIO1v8OAB0Afv8iAAnz","5vv6BTIOFwAjAAsA+vzDAan8","6fD1BCIBBQADAAMA/PuCAigA","y/k1BczxPwABABMA+P/KAYQC","1P/CAxjwNAAJABYAkQFjAUkC","4gGJBOrwNgD/////0gF1AZoC","AAQzBfbwQgDU/w0AcgH5ACUC"],["ZATQCIYM+/8lABIAOP+CAaT8","6QFIB0sO9/8UACYAgv8iAAnz","APwsBjAOJwAaACIAA/3DAan8","2vAaBTYB6v8IAAgA/PuJAiQA","xPlpBcLxPwAGAAYA+P/KAYQC","2v/OAxHwNQALAAwAjQFjAUkC","7QGGBN7wIwAAAPz/0gF1AZoC","AgQfBfPwLADT/wUAhgH5ACUC"],["ZATQCIYM+/8lABIAOP+CAaT8","6QFIB0sO9/8UACYAgv8fAAfz","APwsBjAOJwAaACIAA/3DAan8","2vAaBTYB6v8IAAgA+vuJAiQA","xPlpBcLxPwAGAAYA+P/OAYEC","2P/dAxHwMwALAAMAjQFjAUkC","7QGGBN7wIwAAAPz/0gF1AZgC","EQTqBPLwHgDV/wEAhgHrACYC"],["XwSJCJQMcwAXAPj/OP+KAan8","/AEAB1YOTQAKAB0Ae/8fAAfz","+/sfBjEOTAARADEAA/3BAa38","2fBrBTwB1P///yAA+vuJAi4A","z/mvBc3xLQAJAAkA7v/OAYEC","2P/dAxHwMwALAAMAjQFkAVMC","9gFpBM3wGwAAAPf/zwF1AZgC","EQTqBPLwHgDV/wEAfQHrACYC"],["HwTwCJEMVwD2//b/MP+KAan8","nwEOB0AOPAD+/wQAe/8fAAfz","0/v1BeYNTwAQABMAAP3BAa38","3PArBR8B+P/0/y0AAfyJAi4A","z/mvBc3xLQAJAAkA7v/LAYAC","0//kAx/wMQAMABAAiwFkAVMC","5AF5BM3wLwADAP3/zwF0AZcC","BQQFBdrwOgDW/w0AfQHrACYC"]],"packets":5,"timestamp":21668675,"diffrence":20014,"freq":50}
{"data":[["HwTwCJEMVwD2//b/MP+JAaj8","nwEOB0AOPAD+/wQAe/8pAAHz","0/v1BeYNTwAQABMAAP29Abn8","3PArBR8B+P/0/y0AAfyJAi4A","y/lcBdbxIAAKACgA+f/LAYAC","0//kAx/wMQAMABAAiwFtAUwC","5AF5BM3wLwADAP3/0AF0AZcC","BQQFBdrwOgDW/w0AfQH6ABoC"],["QQSACGEM1P/r/wMAM/+JAaj8","xwEJB2wO5P/s/wgAdP8pAAHz","p/sABjwOMwAmAPz/Av29Abn8","EfEEBfkAIAD8/yAAAfyLAigA","1flGBfDxHgAVADEA+f/LAYAC","yP+8AxzwLAAIACQAiwFtAUwC","5AGBBNfwPAD8/wgA0AF0AZcC","BgQWBerwTADO/xQAgAH6ABoC"],["QQSACGEM1P/r/wMAM/+JAaj8","xwEJB2wO5P/s/wgAdP8eAPzy","p/sABjwOMwAmAPz/Av3CAbT8","EfEEBfkAIAD8/yAA9vuLAigA","1flGBfDxHgAVADEA+f/OAYEC","3f/XAw7wKAACABgAiwFrAVoC","5AGBBNfwPAD8/wgA0AF3AZ8C","EAQBBQvxRADH/xAAgAH7AB4C"],["ZQTMCAUMHwD//+r/M/+DAa78","9gHwBicOMQDu//n/ev8eAPzy","8/u6BT0ObQD2/w0A+/zCAbT8","2PDzBCMBAgAjAEIA9vuJAjEA","xflhBbHxFQASACEA6//OAYEC","3f/XAw7wKAACABgAkQFrAVoC","8QF2BNzwNgD3/wIA0QF3AZ8C","EAQBBQvxRADH/xAAgwH7AB4C"],["VQSlCHIMNAAgAOn/N/+DAa78","4AHxBgkOJQAOAAMAev8eAPzy","KPzeBSEOTADm/xEA+/zCAbT8","pPDzBGEBAgArACwA+vuJAjEA","xflhBbHxFQASACEA6//JAYAC","4P/RAxPwMgABAB0AkQFrAVoC","6wGRBPfwQgD8/wQA0QF8AZwC","CgQ6BQ/xUgDS/xMAgwH7AB4C"]],"packets":5,"timestamp":21694597,"diffrence":20004,"freq":50}
{"data":[["VQSlCHIMNAAgAOn/N/+MAa38","4AHxBgkOJQAOAAMAev8eABPz","KPzeBSEOTADm/xEA+/zGAab8","pPDzBGEBAgArACwA+vuJAjEA","xfk9BZ7xJwAWACEA7v/JAYAC","3//KAw3wLQANABUAkQFpAVUC","6wGRBPfwQgD8/wQA0QF8AZwC","CgQ6BQ/xUgDS/xMAgwH1ABwC"],["cgSwCEMMIAAWAPT/OP+MAa38","EgLxBjMOGQAGAAsAdf8eABPz","AvzSBUQORAAiABcA/fzGAab8","3/ABBTsB+f8EACUA+vuKAjIA","wvliBdvxKgAiABcA7v/JAYAC","3//KAw3wLQANABUAjQFpAVUC","8wFyBNfwJAADAPz/0QF4AaQC","EwQBBQXxLgDX/wwAdwH1ABwC"],["cgSwCEMMIAAWAPT/OP+IAaH8","EgLxBjMOGQAGAAsAdf8lAA/z","AvzSBUQORAAiABcA/fzHAar8","3/ABBTsB+f8EACUA+PuKAjIA","wvliBdvxKgAiABcA7v/UAXgC","0f/QAyLwMQAZAA4AjQFnAVsC","8wFyBNfwJAADAPz/1gF4AaQC","EwQBBQXxLgDX/wwAdwH6ABwC"],["aQSqCCAMJgAMAP7/Pv+IAaH8","9QHwBj0OHAAMAA8Acf8lAA/z","2/vVBTAOPgAnABkA/PzHAar8","/vADBRoB7v/s/xwA+PuMAisA","1vlcBe/xMwAhABUA7f/UAXgC","0f/QAyLwMQAZAA4AjgFnAVsC","5QF+BNvwKQAKAPn/1gF4AaQC","BgQVBdrwMQDg/wkAegH6ABwC"],["QAS3CJcMDwAkAAgAPv+IAaH8","tQEPB0AOAgAiABgAcf8lAA/z","5Pv+Bf8NKwAHABcA/PzHAar8","//AJBS8B9f/z/xAA9PuMAisA","1vlcBe/xMwAhABUA7f/KAX8C","0P/QAyHwNgAXABMAjgFnAVsC","4QGGBNvwKgACAPr/1gF3AZkC","AQQjBd7wMgDY/wsAegH6ABwC"]],"packets":5,"timestamp":21718669,"diffrence":20019,"freq":50}
{"data":[["QAS3CJcMDwAkAAgAPv+JAaL8","tQEPB0AOAgAiABgAcf8eAAfz","5Pv+Bf8NKwAHABcA/PzCAav8","//AJBS8B9f/z/xAA9PuMAisA","uvlHBePxOAAhABQA6//KAX8C","0v/IAxPwMAALABAAjgFnAV4C","4QGGBNvwKgACAPr/1AF3AZkC","AQQjBd7wMgDY/wsAegEAARsC"],["agTJCK8MOwAiAP//L/+JAaL8","7AEwB2oOJwALABkAdP8eAAfz","9vskBh4ORQAGACMA//zCAav8","E/E3BTAB5f/+/xwA9PuUAi4A","yvl/BfbxMAAYAAsA6//LAYgC","0v/IAxPwMAALABAAkwFnAV4C","7gFsBNTwIwD8//j/1AFzAZ8C","DwTvBPHwJgDS/wcAegEAARsC"],["agTJCK8MOwAiAP//L/+KAZr8","7AEwB2oOJwALABkAdP8jAA3z","9vskBh4ORQAGACMA//y8Aaz8","E/E3BTAB5f/+/xwA//uUAi4A","yvl/BfbxMAAYAAsA6v/LAYgC","1P/eAyfwOgAIAAsAkwFnAVQC","7gFsBNTwIwD8//j/2AFzAZ8C","DwTvBPHwJgDS/wcAegH5ACQC"],["xgSeCNgMXQAWAOb/Of+KAZr8","SQIwB6UOTgDk/xQAf/8jAA3z","Fvx5BnUOZwDq/ygA+vy8Aaz8","//CKBUsB3/8EADYA//uMAiYA","z/mTBeLxGwAIABkA6v/LAYgC","1P/eAyfwOgAIAAsAigFnAVQC","3QGPBOXwNQD7////2AFzAZ8C","AwQmBdzwPADS/w4AeAH5ACQC"],["ZQRECOkMxAD1/8n/Of+KAZr8","0QGWBgkOqwDT/+r/f/8jAA3z","C/zZBQUOogCm/xgA+vzKAav8","vPBQBUsB8P/w/2EA/fuMAiYA","z/mTBeLxGwAIABkA6v/VAYAC","1f/rAyHwLgAGABYAigFnAVQC","7gFhBMjwLQD0/wMA2AFvAZwC","EQTOBNnwOwDI/wwAeAH5ACQC"]],"packets":5,"timestamp":21743752,"diffrence":20006,"freq":50}
{"data":[["ZQRECOkMxAD1/8n/Of+LAZz8","0QGWBgkOqwDT/+r/f/8pAAzz","C/zZBQUOogCm/xgAAP3KAav8","vPBQBUsB8P/w/2EA/fuMAiYA","v/maBbPx6f8HADgA6P/VAYAC","4P/DAwXwDwD//yMAigFpAVgC","7gFhBMjwLQD0/wMA1wFvAZwC","EQTOBNnwOwDI/wwAeAH4ACAC"],["vQODCEgM3QCi/8b/Ov+LAZz8","QQFoBswNhgC8/8X/e/8pAAzz","pPsaBZcNlADE/+T/AP3KAav8","7vCABAMBMADL/18A/fuRAiwA","t/nuBOnx9f8LAFQA6P/HAYEC","4P/DAwXwDwD//yMAkQFpAVgC","+QFEBL3wQgDs/xMA1wF3AZIC","GQTEBN7wXwDA/x0AfgH4ACAC"],["IASpCNYLmv+j/+7/Ov+OAaH8","QQFoBswNhgC8/8X/e/8lABTz","pPsaBZcNlADE/+T/AP3EAav8","7vCABAMBMADL/18A+/uRAiwA","t/nuBOnx9f8LAFQA7P/HAYEC","yP+ZAwfwNwADADwAkQFqAVcC","+QFEBL3wQgDs/xMA1gF3AZIC","GQTEBN7wXwDA/x0AfgHyADAC"],["IASpCNYLmv+j/+7/Of+OAaH8","yQHdBnIOnv+f/+3/fP8lABTz","c/tjBT8OIwAsAMz//vzEAav8","N/E2BM4ATQDt/w8A+/uMAjMA","zPm1BBbyPwD3/zMA7P/HAYEC","yP+ZAwfwNwADADwAiwFqAVcC","3gGtBN7wlADx/yEA1gF3AZIC","+wONBdvwtQDF/zIAfwHyADAC"],["oQTqCKILhf/6/wsAOf+OAZz8","RQLkBioO2f/V/yIAfP8lABTz","DPyGBX8OIADm/xQA/vzEAaD8","xfCeBEUB5/8+APr/9/uMAjMA","zPm1BBbyPwD3/zMA7P/RAX4C","yf/RAyjwdgD//ysAiwFmAVwC","4gHQBP7wdwDo/wcA1gF0AZkC","/gOSBRfxgAC//xkAfwHyADAC"]],"packets":5,"timestamp":21768707,"diffrence":20102,"freq":50}
{"data":[["oQTqCKILhf/6/wsAO/+OAZz8","RQLkBioO2f/V/yIAfP8nAP/y","DPyGBX8OIADm/xQA+vzEAaD8","xfCeBEUB5/8+APr/9/uMAjMA","z/lhBZbxXgD2/+f/7P/RAX4C","3f/1AxbwWQD4//z/nAFmAVwC","4gHQBP7wdwDo/wcA1QF0AZkC","/gOSBRfxgAC//xkAfwH1AC4C"],["iQTKCCUMKABIAC0AO/+OAZz8","BAIKB8UNAgArAE4Afv8nAP/y","g/zYBR4O8v+w/0IA+vzKAar8","YPAFBb8Bu/80ANf/9/uKAisA","z/lhBZbxXgD2/+f/7P/QAYYC","3f/1AxbwWQD4//z/nAFmAVwC","AgJqBOXwCwDm/+j/1QGEAZIC","HwTzBFbx/v+9//T/gQH1AC4C"],["dQSrCK0M3f9EAFUAO/+LAaT8","BAIKB8UNAgArAE4Afv8jABnz","g/zYBR4O8v+w/0IA+/zKAar8","YPAFBb8Bu/80ANf/9/uKAisA","iflpBWXxegAVANH/7v/QAYYC","9P+qA97vKAACAPX/nAFoAUgC","AgJqBOXwCwDm/+j/2QGEAZIC","HwTzBFbx/v+9//T/gQH0ADIC"],["dQSrCK0M3f9EAFUANP+LAaT8","5QFFB0AOnP8jAGUAff8jABnz","Efx0BjMOv/8sADYA+/zKAar8","0fBhBVsB0//T/7j/9/uNAi0A","3PloBdjxfgATANz/7v/QAYYC","0v/TAyXwTAAqAPj/jAFoAUgC","8wFqBM/wBQAGAOf/2QF4AZMC","EQTnBALx+f/e//T/fwH0ADIC"]],"packets":4,"timestamp":21793130,"diffrence":20033,"freq":50}
{"data":[["NgSYCGkMzP8BAFAANP+JAaL8","5QFFB0AOnP8jAGUAff8jABnz","aPtcBhkO/v9gADMA+/zGAa/8","MfGVBcUAy/+q/9z/8/uNAi0A","3PloBdjxfgATANz/7v/GAXsC","0v/TAyXwTAAqAPj/jAFnAVcC","3gGFBLvwMQAbAO7/2AF4AZMC","CAT8BJPwKgDw/wEAfwH0ADIC"],["NgSYCGkMzP8BAFAAO/+JAaL8","mQEpB1IO6P8DAEIAff8dAAnz","aPtcBhkO/v9gADMA9vzGAa/8","MfGVBcUAy/+q/9z/8/uNAi0A","6/ndBSbyWwANAPD/7f/GAXsC","0f8IBDvwUgAlAAAAjwFnAVcC","3gGFBLvwMQAbAO7/2AF4AZMC","CAT8BJPwKgDw/wEAfwH2ACMC"],["4gOpCEYMFQDx/yIAO/+JAaL8","RgEKBzgO/v8UABkAdf8dAAnz","XPsvBswNJAAiABoA9vzIAaL8","P/FqBb4A8//V/wkA8/uMAisA","6/ndBSbyWwANAPD/7f/JAXwC","0f8IBDvwUgAlAAAAjwFnAVcC","7QF1BM3wNQD8//z/2AF5AZ8C","EQTwBNfwPADP/woAeAH2ACMC"],["7gOUCJAM0P8hAAoAO/+EAZv8","RgEKBzgO/v8UABkAdf8lAAXz","XPsvBswNJAAiABoA/vzIAaL8","P/FqBb4A8//V/wkA9vuMAisA","1vlnBRTyNgAXABwA8f/JAXwC","1/++AxLwKgAEAB0AjwFmAU8C","7QF1BM3wNQD8//z/2QF5AZ8C","EQTwBNfwPADP/woAeAH4ABgC"],["7gOUCJAM0P8hAAoANv+EAZv8","jAEUBw0O2v8UAAcAff8lAAXz","zfsfBs8NJgD3//r//vzIAaL8","DPExBS0BHwAhABgA9vuMAi8A","r/lvBc/xHAAKAC0A8f/JAXwC","5P/TAwnwLQD5/yUAkAFmAU8C","+AF4BOXwRQDo/w0A2QF1AZUC","GgQEBTbxWgC+/xkAfwH4ABgC"]],"packets":5,"timestamp":21817237,"diffrence":20013,"freq":50}
{"data":[["YQS0CBUMyv8hAOn/Nv+MAZf8","jAEUBw0O2v8UAAcAff8lAAXz","OPzvBTwOZAABAP3//vzAAaP8","yvAVBWQBEABIAEEAAfyMAi8A","r/lvBc/xHAAKAC0A8f/JAXUC","5P/TAwnwLQD5/yUAkAFkAVgC","6QGqBAHxXgD8/xEA2AF1AZUC","CgRMBSnxcwDQ/x0AfwH4ABgC"],["YQS0CBUMyv8hAOn/PP+MAZf8","LwIAB9EN/v/7//L/ff8nAA3z","OPzvBTwOZAABAP3/9vzAAaP8","yvAVBWQBEABIAEEAAfyMAi8A","0flvBbzxEADt/y0A8P/JAXUC","2f/wAyDwOgAGACQAmgFkAVgC","6QGqBAHxXgD8/xEA2AF1AZUC","CgRMBSnxcwDQ/x0AfwH6ACQC"],["mQTACN0L1P8aAOf/PP+MAZf8","LQINB/EN8P8OAPf/dP8nAA3z","R/zbBUIOTAApAPz/9vzBAa78","wvDjBH0BGwAdADMAAfyNAi4A","0flvBbzxEADt/y0A8P/LAXwC","2f/wAyDwOgAGACQAmgFkAVgC","7AGqBOnwNQANAAkA2AF3AYUC","CgRaBQfxRADg/xQAfgH6ACQC"],["YgS5CA4MEAATAPj/PP+GAav8","LQINB/EN8P8OAPf/dP8jAAPz","R/zbBUIOTAApAPz/9fzBAa78","wvDjBH0BGwAdADMA+/uNAi4A","pvkdBb7xFgD3/zIA6P/LAXwC","1v+7Aw3wEQARACAAmgFhAVQC","7AGqBOnwNQANAAkA1wF3AYUC","CgRaBQfxRADg/xQAfgHuACAC"],["YgS5CA4MEAATAPj/P/+GAav8","2wHzBvkNGwAuAAkAef8jAAPz","A/zEBQYOPQBNABQA9fy/Aar8","8fDEBEoBBgDe/yYA+/uTAiwA","vPkwBeXxHwD6/xsA6P/NAXwC","zv+4Aw7wBwAcAA0AiwFhAVQC","7AFvBMrw/P8SAPj/1wF4AZMC","DQT/BOPwAADl/wEAfwHuACAC"]],"packets":5,"timestamp":21841618,"diffrence":20019,"freq":50}
{"data":[["JwSmCE0MdwARAP//P/+IAaT8","2wHzBvkNGwAuAAkAef8jAAPz","vfu/BegNTwBmADgA9Py/Aar8","G/ECBQ4B1f/N/ykA9PuTAiwA","vPkwBeXxHwD6/xsA6//NAXwC","zv+4Aw7wBwAcAA0AiwFlAVUC","4AF2BMPwCwAQAPL/zwF4AZMC","BwQHBcDwCQDp////fwHuACAC"],["JwSmCE0MdwARAP//Ov+IAaT8","oQHZBjQOTgA1ABwAef8lAAnz","vfu/BegNTwBmADgA9Py/Aar8","G/ECBQ4B1f/N/ykA9PuTAiwA","0flvBQvyMQDs/wYA6//NAXwC","0P/bAynwMAAZAAIAjgFlAVUC","4AF2BMPwCwAQAPL/zwFtAY0C","BwQHBcDwCQDp////fwH4ACIC"],["OQShCLcMYgAZAAIAOv+GAaP8","wAH+BowOKAApACgAd/8lAAnz","svsNBhAOOwBoADgA9PzDAZ38","MfE7BfwA1v/p/xsA9PuQAi0A","0flvBQvyMQDs/wYA6//MAXsC","0//bAynwMAAZAAoAjgFlAVUC","5gF9BNTwJgAIAPn/1QFtAY0C","BgQJBdbwIgDc/wYAfwH4ACIC"],["cASkCO0MMgAYAAIAOv+GAaP8","wAH+BowOKAApACgAd/8mAP3y","svsNBhAOOwBoADgA//zDAZ38","MfE7BfwA1v/p/xsA9fuQAi0A","1fmEBQ3yNwDe/wcA6f/MAXsC","0//gAyXwMwAJAAoAjgFmAVAC","5gF9BNTwJgAIAPn/1QFtAY0C","BgQJBdbwIgDc/wYAfwH2ABYC"],["cASkCO0MMgAYAAIAOv+GAaP8","7wH7BpQOHAALABcAfP8mAP3y","3vsXBjMOQwA0ACQA//zEAbH8","AvFRBSwB7v8PACUA9fuQAi4A","wfmKBczxIADS/xgA6f/OAYoC","3P/WAxXwHwD8/xQAjwFmAVAC","6QFvBNTwJQD3//7/1QF6AZUC","BwTzBPDwLQDM/wkAhQH2ABYC"]],"packets":5,"timestamp":21866282,"diffrence":20061,"freq":50}
{"data":[["dgSkCMwMHAACAPr/Ov+KAaT8","7wH7BpQOHAALABcAfP8mAP3y","BvzmBUMOUQD+/wgAAP3EAbH8","tPAVBU4BDwAZADQA9fuQAi4A","wfmKBczxIADS/xgA7P/OAYoC","3P/WAxXwHwD8/xQAjwFnAUQC","5wF9BNbwMwDz/wUA0AF6AZUC","DwQNBejwSQDK/xIAhQH2ABYC"],["dgSkCMwMHAACAPr/R/+KAaT8","7gHoBkkODwDt//7/fP8kAAfz","BvzmBUMOUQD+/wgAAP3GAaj8","tPAVBU4BDwAZADQA9fuQAi4A","yPlTBaHxEADL/zAA7P/OAYoC","2v/TAxLwHwD7/yEAjQFnAUQC","5wF9BNbwMwDz/wUA0AFyAZ4C","DwQNBejwSQDK/xIAhQH/AB4C"],["XgSlCIQM4v/i//z/R/+PAaL8","4wHrBkoO7P/Z//f/d/8kAAfz","5vu7BU8ORQAJAPP/9/zGAaj8","s/DDBDMBKQD8/ywA9fuMAj0A","yPlTBaHxEADL/zAA7P/HAYIC","0/+5AwnwJQD9/yYAjQFkAVQC","5QGIBNPwQgD0/wwA1QFyAZ4C","BgQmBeLwVQDJ/xgAdwH/AB4C"],["UgSvCCkM3P/T/wQAOP+PAaL8","4wHrBkoO7P/Z//f/d/8nAATz","5vu7BU8ORQAJAPP/9/zGAaj8","s/DDBDMBKQD8/ywA7vuMAj0A","xfkaBavxFwDd/zEA7P/HAYIC","0/+5AwnwJQD9/yYAhgFkAVQC","5QGIBNPwQgD0/wwA1QFyAZ4C","BgQmBeLwVQDJ/xgAdwHyAB8C"]],"packets":4,"timestamp":21890753,"diffrence":20008,"freq":50}
{"data":[["UgSvCCkM3P/T/wQAOP+PAaL8","0QHjBlMO/P/j/wcAev8nAATz","vPuiBVMOPQAfAAMA9/zHAab8","zPCsBA8BDQDr/yEA7vuLAjUA","0vkvBbbxLADy/xkA7P/MAYEC","2f/KAxfwNgD//xkAhgFkAVQC","7AGGBOPwQQDy/wIA1QFxAZkC","EQQqBQXxTQDG/xAAfQHyAB8C"],["QwSsCC4MCgDw/wsAOP+EAZL8","0QHjBlMO/P/j/wcAev8YAAfz","wfu2BT8OLwARACIA+vzHAab8","wvCsBA8BDQDr/w4A8PuLAjUA","0vkvBbbxLADy/xkA6f/MAYEC","2f/KAxfwNgD//xkAhgFuAVQC","+AGQBO7wOgDz//v/1AFxAZkC","DgQwBQXxTQDG/wcAfQHyAB8C"],["QwSsCC4MCgDw/wsAQP+EAZL8","wwHdBlMOEQAIACIAgP8YAAfz","wfu2BT8OLwARACIA+vy+AbL8","wvDgBBcB4//y/w4A8PuLAjUA","zflgBbHxSAAEAP7/6f/MAYEC","4//WAxHwQgADAAkAhwFuAVQC","+AGQBO7wOgDz//v/1AF1AaIC","DgQwBRvxOgDK/wcAfQH2AC0C"],["PASmCIMMHQAeABkAQP+FAZz8","wgH5BmQO/f8dADMAgP8YAAfz","zvv3BTYOFAAPAC0A+Py+AbL8","v/AnBSYB2f/+//f/8PuKAjQA","zflgBbHxSAAEAP7/6f/NAYIC","4//ZAw/wOQANAAIAhwFnAVMC","9QGABOTwIgD9//X/1gF1AaIC","FQQKBRvxHgDX/wIAhwH2AC0C"],["UwSjCJsMAgAtABwAOf+FAZz8","wgH5BmQO/f8dADMAgP8mAAfz","zvv3BTYOFAAPAC0A+Py+AbL8","v/AnBSYB2f/+//f/9vuKAjQA","0Pl7BbnxUwAVAPj/+P/NAYIC","4//ZAw/wOQANAAIAiQFnAVMC","9QGABOTwIgD9//X/1gF1AaIC","FQQKBRvxHgDX/wIAhwH0AB8C"]],"packets":5,"timestamp":21914898,"diffrence":20017,"freq":50}
{"data":[["UwSjCJsMAgAtABwAOf+FAZz8","1QEOB2oO6/8WAC0Aef8mAAfz","yvsdBkcOEAAXACMA+PzIAav8","0/BMBSAB4//+//X/9vuPAjEA","0vmGBcLxSwAiAAMA+P/IAX0C","2f/ZAxfwMwAYAAkAiQFnAVMC","6wF0BNDwGwAKAPX/1gFwAZwC","DAT3BOXwIgDg/wUAfwH0AB8C"],["VQSlCH4M6P8qABcAOf+IAZj8","1QEOB2oO6/8WAC0Aef8kAA/z","yvsVBi4OHAALABAA9PzIAav8","0/BMBSAB4//+//X/7/uPAjEA","0vmGBcLxSwAiAAMA+P/IAX0C","2f/ZAxfwMwAYAAkAiQFnAVEC","5QF5BM3wGwAKAAEA2QFwAZwC","DAT3BOXwIgDg/wUAfwH0AB8C"],["VQSlCH4M6P8qABcAPP+IAZj8","wwEPBz8O5f8YABcAef8kAA/z","yvsVBi4OHAALABAA9PzDAar8","1/A5BSMB/f///wIA7/uPAjEA","0PlpBcvxPQAtABgA+P/HAZEC","0v/TAxvwNQAXABMAiQFnAVEC","5QF5BM3wLwAJAAEA2QFwAZMC","BAQGBcXwPADf/w4AfwH3AB0C"],["LwSpCGMM1f8oAA0APP+KAZf8","wQEDByQO4v8aAAkAef8kAA/z","3Pv4BQwOKQAFAAMA+/zDAar8","8PARBSsBDQACAA8A7/uQAisA","0PlpBcvxPQAtABgA9P/HAZEC","1v/EAxjwNwAPABkAiQFiAVAC","6QF/BNLwPwD//wUA0gFwAZMC","EAQMBejwTgDU/xIAhAH3AB0C"],["OgSyCD4M1v8nAAEAP/+KAZf8","wQEDByQO4v8aAAkAef8eAAnz","3Pv4BQwOKQAFAAMA+/y8Aa78","8PARBSsBDQACAA8A7vuQAisA","wPlSBeHxLwA9ACMA9P/HAZEC","1v/EAxjwNwAPABkAkAFiAVAC","6QF/BNLwPwD//wUA0gFsAZ0C","EAQMBejwTgDU/xIAhAHzAB0C"]],"packets":5,"timestamp":21938910,"diffrence":20047,"freq":50}
{"data":[["OgSyCD4M1v8nAAEAP/+EAZv8","4AH4Bg0O8f8YAAkAd/8eAAnz","9vvfBQUOOAALAAMA+Py8Aa78","B/H6BDYBBAAIABgA7vuSAjUA","xflUBerxMQAzAB0A9P/RAYcC","1v/aAxrwQQAMABgAkAFiAVAC","8AGPBOfwTAD8/wYA0AFsAZ0C","CwQuBRPxXQDP/xYAgQHzAB0C"],["XwS3CCoM5P8rAPz/Ov+EAZv8","4AH4Bg0O8f8YAAkAd/8mAA7z","FPzgBQAOMwAQAA0A+Py8Aa78","B/H6BDYBBAAIABgA8PuSAjUA","xflUBerxMQAzAB0A6v/RAYcC","2//hAxrwQQAMABUAkAFmAVIC","8AGPBOfwTAD8/wYA0AFsAZ0C","CwQuBRPxXQDP/xYAgQHzAB0C"],["ZwSzCDoM9v8uAAMAOv+EAZv8","+AH7BgYO9v8bABIAef8mAA7z","FPzgBQAOMwAQAA0A+PzCAaf8","BvH/BEkB+P8LABQA8PuSAjUA","y/lZBfHxOQAfABMA6v/GAYUC","2//hAxzwPwAOABUAkgFmAVIC","6QGXBPfwQQACAAIA0AFzAZIC","BgQ+BQ/xSgDU/xEAgQHtAC0C"],["ZwSzCDoM9v8uAAMAOv+AAZj8","6gEFBwIO/P8cABoAef8mAA7z","HPzrBfoNLAATABQA9vzCAaf8","D/EMBU0B8f///wwA8PuPAi8A","y/lZBfHxOQAfABMA8v/GAYUC","1f/QAxfwLAATAA4AkgFnAU4C","7AGDBN7wHwAKAPv/zgFzAZIC","DQQVBfXwIwDc/wYAggHtAC0C"]],"packets":4,"timestamp":21962472,"diffrence":20019,"freq":50}
{"data":[["UwSyCEoMFAAiAAwAM/+AAZj8","6gEFBwIO/P8cABoAef8rAAnz","HPzrBfoNLAATABQA9vzEAaH8","D/EMBU0B8f///wwA9PuPAi8A","vvleBfDxOQASAA4A8v/GAYUC","1f/QAxfwLAATAA4AjwFnAU4C","7AGDBN7wHwAKAPv/zgF0AY0C","DQQVBfXwIwDc/wYAggHzABQC"],["UwSyCEoMFAAiAAwAM/+HAaT8","0gEKBw4OCAAXAB4Aef8rAAnz","APwBBu4NKgAbAB8A+PzEAaH8","D/EjBUAB7f/0/wwA9PuJAiYA","vPloBe7xNwD9/wwA8v/OAYMC","0v/OAwzwKAARAAoAjwFrAUoC","5AF2BMDwFwALAPf/2AF0AY0C","CQQEBcnwGgDe/wQAhgHzABQC"],["QgS1CGMMHwASAA0AO/+HAaT8","0gEKBw4OCAAXAB4Aef8lAAfz","6/sTBv4NNQAoACIA+PzDAav8","D/EjBUAB7f/0/wwA8fuJAiYA","vPloBe7xNwD9/wwA6v/OAYMC","zf/ZAybwMQAMAA0AlAFrAUoC","5AF2BMDwFwALAPf/2AF0AY0C","CQQEBcnwGgDe/wQAhgHzABQC"],["SgSxCGwMJgABAAUAO/+HAaT8","0wEMByMOEQAIABsAev8lAAfz","6/sTBv4NNQAoACIA+fzDAav8","C/E1BSUB7f/y/xYA8fuJAiYA","0fl2BfnxLgDt/w8A6v/MAYIC","zf/ZAybwMQAMAA0AlAFrAUoC","4wF3BNDwKAAGAPr/2AF3AYoC","BwT+BMrwLQDW/wkAhgHwACQC"],["SgSxCGwMJgABAAUAO/+CAZj8","0wEMByMOEQAIABsAev8lAAfz","4fsQBgkOSAAnAB4A+fzDAav8","CfE4BS0B8v/2/yYA8fuHAikA","0fl2BfnxLgDt/w8A8//MAYIC","0P/fAxnwMwAAABIAlAFpAUUC","7wGFBNnwNgD0/wEA2QF3AYoC","CwQTBffwRADG/w0AiQHwACQC"]],"packets":5,"timestamp":21988411,"diffrence":20046,"freq":50}
{"data":[["UQSjCHEMKQDx//v/P/+CAZj8","0QEEBzoOHwD7/xAAev8sABTz","4fsQBgkOSAAnAB4A+fzMAaz8","CfE4BS0B8v/2/yYA9fuHAikA","w/l2BeDxIADn/xkA8//MAYIC","0P/fAxnwMwAAABIAjQFpAUUC","7wGFBNnwNgD0/wEA2QF1AZMC","CwQTBffwRADG/w0AiQHsACcC"],["UQSjCHEMKQDx//v/P/+MAZ/8","2QH8Bi0OHgDw/wQAe/8sABTz","7fv3BREOTwAYABQA8vzMAaz8","8vAaBScBAgD//zEA9fuKAigA","y/loBdPxIADn/yUA8//PAXoC","3//aAxnwMAD7/xsAjQFhAU8C","9QGIBOfwPADu/wQA1AF1AZMC","EgQhBRPxTADD/xEAeAHsACcC"],["RgSxCGcMGwDr//j/Ov+MAZ/8","2QH8Bi0OHgDw/wQAe/8tAArz","5vveBRkOUgAYAA0A8vy/Aa/8","8vAaBScBAgD//zEA+PuKAigA","y/loBdPxGQDX/yUA5v/PAXoC","4P/SAxvwJgD8/xwAiwFhAU8C","9QGIBOfwPADu/wQA1AF1AZMC","EgQhBRPxTADD/xEAeAHsACcC"],["TwSxCD4MFwDl//r/Ov+LAaX8","0wHwBjgOFgDo/wEAgP8tAArz","5vveBRkOUgAYAA0A+Py/Aa/8","2PD8BC8BCwD//zIA+PuKAigA","xPlDBcDxGADT/ycA5v/OAYIC","4P/SAxvwJgD8/xwAiwFhAU8C","7wGOBObwNAD3/wIA1AFzAZ0C","CQQoBQfxRQDL/xEAeAHtABkC"],["TwSxCD4MFwDl//r/Pf+LAaX8","0wHwBjgOFgDo/wEAgP8tAArz","1PvZBUIOSgAgAA8A+Py/Aa/8","yvDsBB4BAwD8/y4A+PuJAiYA","xPlDBcDxGADT/ycA9f/OAYIC","4P/HAw/wIAD//xoAiwFnAVAC","6QF+BNvwJQD+/wAA2AFzAZ0C","DQQYBfXwMgDS/w4AfgHtABkC"]],"packets":5,"timestamp":22013350,"diffrence":20111,"freq":50}
{"data":[["SwSjCDsMIQDy//n/Pf+LAaX8","2wH0BjoOFwDu/wgAgP8kAAPz","1PvZBUIOSgAgAA8A+PzJAbr8","yvDsBB4BAwD8/y4A/PuJAiYA","yPlGBbPxHgDb/yAA9f/HAYIC","4P/HAw/wIAD//xoAlQFnAVAC","6QF+BNvwJQD+/wAA2AF4AZUC","DQQYBfXwMgDS/w4AfgH4ABYC"],["SwSjCDsMIQDy//n/Pf+UAZr8","1QH/BkMOIAACABEAef8kAAPz","0fvdBUYOSQAiABsA+PzJAbr8","wPD7BCkB9P/8/yUA/PuMAiYA","yPlGBbPxHgDb/yAA7//HAYIC","2v/GAxDwIwAFABEAlQFkAUkC","7gGABNLwIQAAAP3/0wF4AZUC","DwQaBenwKQDU/woAfgH4ABYC"],["RQSvCG4MOAAIAP//Ov+UAZr8","1QH/BkMOIAACABEAef8nAAbz","1fvqBTkOQwAqACIA+PzEAav8","wPD7BCkB9P/8/yUA9PuMAiYA","wPlaBa3xJwDr/xYA7//HAYIC","1//ZAxbwLAAGAA0AkgFkAUkC","7gGABNLwIQAAAP3/0wF6AZEC","DwQaBenwKQDU/woAfgH4ABYC"],["VQSpCIwMNAAVAP//Ov+NAZr8","0gHvBmkOJAAUABYAef8nAAbz","1fvqBTkOQwAqACIA+fzEAav8","u/AWBSkB6//4/yAA9PuMAiYA","xvlqBb3xLAD7/xEA7//NAXkC","1//ZAxbwLAAGAA0AkgFkAUkC","7wGCBNnwKAACAPv/0wF6AZEC","DgQMBfbwLADU/wcAfgHxABMC"],["VQSpCIwMNAAVAP//PP+NAZr8","0gHvBmkOJAAUABYAef8nAAbz","x/vtBUkOQgAtACIA+fy+AZ78","1/AdBR0B7f/4/yAA9PuYAi0A","xvlqBb3xLAD7/xEA6P/NAXkC","2v/XAxPwLgAKAA4AkgFnAU4C","7QF4BN3wKwAEAPz/0wF6AZEC","DgQNBQHxNQDV/wkAfwHxABMC"]],"packets":5,"timestamp":22038393,"diffrence":20043,"freq":50}
{"data":[["WgSgCJgMHgAYAP7/PP+NAZr8","1AHvBnAOGgAWABIAef8pAALz","x/vtBUkOQgAtACIA//y+AZ78","1/AdBR0B7f/4/yAA9vuYAi0A","0flnBcbxKgAOABcA6P/KAXkC","3P/SAxPwLgAKABUAjwFnAU4C","7QF4BN3wKwAEAPz/0wF4AZQC","DgQNBQHxNQDV/wkAfwH2AA4C"],["WgSgCJgMHgAYAP7/PP+JAZ38","1AH0BloOAwAVAAwAff8pAALz","y/vmBTcOOwAgABMA//y+AZ78","4PAJBRQB/v/+/x8A9vuSAi4A","0flnBcbxKgAOABcA7v/KAXkC","3P/SAxzwMAAPABUAjwFlAUwC","5QF7BNnwLwAEAAAA2AF4AZQC","CwQWBfPwPQDa/wwAjQH2AA4C"],["SASlCJUMAwAbAP7/Pf+JAZ38","1AH0BloOAwAVAAwAff8uAAbz","2vvRBSQONwAPAAwA//zAAaL8","4PAJBRQB/v/+/x8A8/uSAi4A","zPlYBcrxKgAVAB4A7v/KAXkC","1v/QAxTwLAAOABcAjQFlAUwC","5QF7BNnwLwAEAAAA2AF2AZAC","CwQWBfPwPQDa/wwAjQH2AA4C"],["VgSrCGkM8P8YAAAAPf+NAZn8","ygHlBlMO9f8QAAkAeP8uAAbz","2vvRBSQONwAPAAwAAf3AAaL8","3PD8BCwBCAACABsA8/uSAi4A","xPlKBdPxLQAcAB8A7v/NAXgC","1v/QAxTwLAAOABcAjQFpAVAC","6wF7BNnwMgABAAEA0wF2AZAC","CwQRBeLwPwDX/w8AjQH8ACQC"],["VgSrCGkM8P8YAAAAPv+NAZn8","ygHlBlMO9f8QAAkAeP8uAAbz","5PvOBS4OLwAKAAoAAf3FAaD8","4PDxBC0BBAAJABEA8/uNAi0A","xPlKBdPxLQAcAB8A8P/NAXgC","1P/CAxTwMAAOABUAkQFpAVAC","6gGDBNfwNAD//wEA0wF2AZAC","CAQYBe7wQADX/w8AeAH8ACQC"]],"packets":5,"timestamp":22062242,"diffrence":20043,"freq":50}
{"data":[["XQSmCFsM5P8hAAcAPv+NAZn8","4gHnBjsO7v8PAA8AeP8nABDz","5PvOBS4OLwAKAAoAB/3FAaD8","4PDxBC0BBAAJABEA6vuNAi0A","xflEBdDxNwAdABkA8P/MAXoC","0//MAxXwOgAMABUAkQFpAVAC","6gGDBNfwNAD//wEA0wF2AZQC","CAQYBe7wQADX/w8AeAH1ACgC"],["XQSmCFsM5P8hAAcAPv+JAZX8","6gH4BikO7f8TABoAf/8nABDz","9/vVBScOJgAIABIAB/3IAav8","5fD2BD4B+f8IAAgA6vuQAi0A","xflEBdDxNwAdABkA7//MAXoC","0//MAxXwOgAMABUAkQFoAU4C","6gGFBNrwOwD/////1gF2AZQC","BwQlBfXwQADT/wsAewH1ACgC"],["XQSwCGIM6P8kAA8AOf+JAZX8","6gH4BikO7f8TABoAf/8pAAzz","//vtBRgOJgANABoA+vzIAav8","5fD2BD4B+f8IAAgA9fuQAi0A","vflXBdjxQQAfAA0A7//MAXoC","1P/YAxrwPQALABEAkAFoAU4C","6gGFBNrwOwD/////1gF8AZcC","BwQlBfXwQADT/wsAewH1ACgC"],["WgSzCGAM9f8hABUAOf+SAab8","6QH5Bi8O8f8TACAAev8pAAzz","//vtBRgOIAANABoA+vzIAav8","8fAMBT4B9P/9/wEA9fuQAi0A","wvlmBeHxSAAdAAgA7//QAX8C","1P/YAxrwPQALABEAkAFsAU0C","7gGIBODwNgD+//v/1QF8AZcC","DAQXBfnwOQDS/wsAewH1ACcC"],["WgSzCGAM9f8hABUAQ/+SAab8","6QH5Bi8O8f8TACAAev8pAAzz","8vv9BQsOGwAPABsA+vzEAZr8","AfElBTMB7//1/wAA9fuGAjQA","wvlmBeHxSAAdAAgA8f/QAX8C","1P/bAxbwPQAMAAwAkAFsAU0C","5wF/BODwLwAAAPz/1QF2AZIC","CQQTBe/wOQDU/wgAdwH1ACcC"]],"packets":5,"timestamp":22088349,"diffrence":20028,"freq":50}
{"data":[["SQSxCGUM+P8YABkAQ/+LAaT8","2AEDBywO8f8QACAAev8wAAfz","8vv9BQsOGwAPABsA+fzEAZr8","AfElBTMB7//1/wAA8vuGAjQA","zfloBe3xRgAUAAkA8f/LAXoC","1f/VAx3wNwALAA4AkAFsAU0C","5wF/BODwLwAAAPz/0wF2AZIC","CQQTBe/wMgDU/wgAdwH1ACkC"],["SQSxCGUM+P8YABkAP/+LAaT8","ywEOBycO8f8HAB8Ad/8wAAfz","4fsHBgoOGgAOABcA+fzFAan8","B/EmBSUB8f/4/wYA8vuEAioA","zfloBe3xRgAUAAkA7v/LAXoC","1f/VAx3wNwALAA4AkAFoAVYC","6gGABNfwMAACAP7/0wF2AZIC","CAQLBejwNwDT/wkAgQH1ACkC"],["PwSuCFwM9f8RABQAP/+LAaT8","ywEOBycO8f8HAB8Ad/8qABXz","5PsHBgMOGgAOABQA/PzFAan8","B/EmBSUB8f/4/wYA+PuEAioA","xvlsBeTxPgAJABAA7v/JAXwC","2P/XAxzwNAAIABAAiwFoAVYC","6gGABNfwMAACAP7/0wF2AZAC","CAQLBejwNwDT/wkAgQH1ACkC"],["OgS0CEgM9/8MAAwAP/+VAaP8","zgEQBx0O9v8AABgAdP8qABXz","5PsHBgMOIwAOABQA/PzFAan8","APEwBS0B9P/+/w4A+PuEAioA","yPlxBeTxNAAAABUA8//JAXwC","2P/XAxzwNAAIABAAiwFmAVQC","6AGABNbwMwD//wEA0AF2AZAC","DQQKBfHwOgDQ/woAgQHwACgC"],["OgS0CEgM9/8MAAwAPv+VAaP8","zgEQBx0O9v8AABgAdP8qABXz","8PsHBgkOMwALABAA/PzEAan8","6fAnBTYB+/8BABkA+PuOAjcA","yPlxBeTxNAAAABUA8//JAXwC","1f/TAxTwNAAFABQAkgFmAVQC","7gGIBN7wOQD8/wIA0AF0AY4C","DQQKBfHwOgDQ/woAggHwACgC"]],"packets":5,"timestamp":22113000,"diffrence":20079,"freq":50}
{"data":[["SgSuCDoM/v8IAAUAPv+PAaD8","0wEGBxUO/v8BABEAdP8qABTz","8PsHBgkOMwALABAABf3EAan8","6fAnBTYB+/8BABkA9vuOAjcA","xfliBdjxKwD6/xgA8//IAXsC","1//VAxXwNQACABYAkgFmAVQC","7gGIBN7wOQD8/wIA2AF0AY4C","CAQYBQDxQgDQ/w4AggHyAB0C"],["SgSuCDoM/v8IAAUARP+PAaD8","2wEPBxcODAACAAwAdf8qABTz","8/sABhUOPQATABAABf3AAaP8","7PAYBToB+////yIA9vuIAi0A","xfliBdjxKwD6/xgA9P/IAXsC","1//VAxXwNQACABYAkgFoAVUC","7gGDBOHwMwD9/wIA2AF0AY4C","DQQdBQLxPQDR/w8AfQHyAB0C"],["SwSsCDgMDgAGAP3/RP+PAaD8","2wEPBxcODAACAAwAdf8jABDz","8vv4BRUOPQATABEA//zAAaP8","7PAYBToB+////yIA9PuIAi0A","yPlbBdDxJAD1/xwA9P/IAYIC","2P/WAxzwLgAFABUAlQFoAVUC","7gGDBOHwMwD9/wIA2AF6AZcC","DQQdBQLxPQDR/w8AfQHyAB0C"],["SAS7CEMMIgAGAPr/RP+MAZ/8","3wELBxwOGAAGAAkAdf8jABDz","8vv4BRYORAAhABEA//zIAab8","4fAUBTIB+//8/ycA9PuIAi0A","v/lgBdbxIADz/xwA7f/IAYIC","2f/PAwbwLgAFABYAlQFlAUkC","7gGBBNHwKgACAAEAzQF6AZcC","EQQaBfnwMgDX/wwAfQHxACoC"]],"packets":4,"timestamp":22137350,"diffrence":20090,"freq":50}
{"data":[["SAS7CEMMIgAGAPr/Q/+MAZ/8","3wELBxwOGAAGAAkAdf8mAAzz","5PvyBRcOSgArABgA/vzIAab8","4vARBTkB+P/4/ygA9PuIAioA","v/lgBdbxIADz/xwA7f/IAYIC","2f/PAwbwJwAIABYAkAFlAUkC","4wGKBNjwJQAFAP//zQF3AZAC","EQQaBfnwMgDX/wwAhwHxACoC"],["UQSZCFMMMQAHAPr/Q/+JAZr8","0gH1BjoOIQAPAAwAef8mAAzz","5PvyBRcOSgArABgA/vzIAab8","4vARBTkB+P/4/ygA9PuIAioA","zvlWBdPxIgDw/x4A7f/LAX8C","0f/MAxbwJgALABQAkAFlAUkC","4wGKBNjwJQAFAP//0AF3AZAC","DAQcBePwLwDZ/wsAhwH5ACMC"],["RwSxCHsMMQANAPT/PP+JAZr8","1AHvBjwOKQAQAAwAef8mAAzz","3fvnBTEOTQAwAB0A/vzMAaf8","6/APBRwB9P/3/y0A9PuRAiwA","zvlWBdPxIgDw/x4A8f/LAX8C","0f/MAxbwJgALABQAkAFlAUwC","7gFzBNfwIAAEAP7/0AF3AZAC","DwQGBeXwKQDY/woAewH5ACMC"],["RwSxCHsMPQANAPT/PP+JAZr8","1AHvBjwOKQAQAAwAef8tAA7z","4vvnBTEOTQAwAB0ACf3MAaf8","6/APBRwB9P/3/y0A9fuRAiwA","xvllBdLxHQDu/xwA8f/HAX4C","1v/OAxrwJQAIABQAkQFlAUwC","7gFzBNfwIAAEAP7/0AFyAZUC","DwQGBeXwKQDY/woAewH5ACMC"],["UQSnCIwMOQAHAPT/PP+IAaH8","3AHuBk0OKQARAAwAef8tAA7z","4vvrBR0OUQAvAB0ACf3DAaf8","4fARBS0B9P/5/y0A9fuRAiwA","y/liBdbxIQDw/x8A8//HAX4C","2P/TAxLwLgAGABgAkQFiAUkC","8QGBBNbwLAAAAAAA2QFyAZUC","EgQWBe3wNwDS/w0AewH3ABcC"]],"packets":5,"timestamp":22161525,"diffrence":20036,"freq":50}
{"data":[["UQSnCIwMOQAHAPT/Sv+IAaH8","3AHuBk0OKQARAAwAef8lAA3z","4PveBS4OTgAnABYACP3DAaf8","3/D/BCkB+f/7/ysA9fuNAjYA","y/liBdbxIQDw/x8A8//HAX4C","2P/TAxLwLgAGABgAjAFiAUkC","6gGIBN3wLgD//wIA2QF+AZgC","EgQWBe3wNwDS/w0AiAH3ABcC"],["XQSgCIUMIQAEAPn/Sv+KAZ/8","zQHhBm8OGQAJAAwAe/8lAA3z","4PveBS4OTgAnABYACP3OAaX8","3/D/BCkB+f/7/ysA+/uNAjYA","wvlWBc/xIADy/yAA8//JAX0C","2f/NAxrwLQAFABkAjAFiAUwC","6gGIBN3wLgD//wIA1QF+AZgC","CAQVBfPwOwDS/w0AiAHwACQC"],["VAShCH4MEgAEAP3/QP+KAZ/8","zQHhBm8OGQAJAAwAe/8lAA3z","2PvLBT8OQwAeAA8A/PzOAaX8","5fD2BCIB/f/+/yYA+/uXAi4A","wvlWBc/xIADy/yAA6//JAX0C","2f/NAxrwLQAFABkAigFiAUwC","7gGBBN/wLwD8/wMA1QF/AZwC","CwQVBfbwOgDS/w4AfQHwACQC"],["VAShCH4MEgAEAP3/QP+BAaD8","4QHjBlEOEwAAAAwAe/8fAA3z","2PvLBT8OQwAeAA8A/PzOAaX8","5fD2BCIB/f/+/yYA9/uXAi4A","z/lNBcTxJAD3/xoA6//NAYQC","1P/ZAxbwLAAEABgAigFiAUwC","7gGBBN/wLwD8/wMA2QF/AZwC","CwQVBfbwOgDS/w4AfQHwACQC"],["WwSsCG0MAQAIAAUAPf+BAaD8","4gHqBkwOAgACABAAev8fAA3z","7PvLBSwOOQASABAA/PzEAaD8","1PDwBDIBAQABAB0A9/uXAi4A","vflMBbvxMAD//xgA7f/NAYQC","3P/DAwzwLgAHABcAigFlAVEC","7QGCBNvwMQD9/wAA2QF/AZwC","BwQhBfLwPgDQ/wsAfQHyACMC"]],"packets":5,"timestamp":22186548,"diffrence":20038,"freq":50}
